                                      1 ;--------------------------------------------------------
                                      2 ; File Created by SDCC : free open source ISO C Compiler 
                                      3 ; Version 4.3.2 #14228 (MINGW64)
                                      4 ;--------------------------------------------------------
                                      5 	.module maprome_gbm
                                      6 	.optsdcc -msm83
                                      7 	
                                      8 ;--------------------------------------------------------
                                      9 ; Public variables in this module
                                     10 ;--------------------------------------------------------
                                     11 	.globl _maprome_map
                                     12 	.globl ___bank_maprome_map
                                     13 	.globl _maprome_map_map
                                     14 ;--------------------------------------------------------
                                     15 ; special function registers
                                     16 ;--------------------------------------------------------
                                     17 ;--------------------------------------------------------
                                     18 ; ram data
                                     19 ;--------------------------------------------------------
                                     20 	.area _DATA
                                     21 ;--------------------------------------------------------
                                     22 ; ram data
                                     23 ;--------------------------------------------------------
                                     24 	.area _INITIALIZED
                                     25 ;--------------------------------------------------------
                                     26 ; absolute external ram data
                                     27 ;--------------------------------------------------------
                                     28 	.area _DABS (ABS)
                                     29 ;--------------------------------------------------------
                                     30 ; global & static initialisations
                                     31 ;--------------------------------------------------------
                                     32 	.area _HOME
                                     33 	.area _GSINIT
                                     34 	.area _GSFINAL
                                     35 	.area _GSINIT
                                     36 ;--------------------------------------------------------
                                     37 ; Home
                                     38 ;--------------------------------------------------------
                                     39 	.area _HOME
                                     40 	.area _HOME
                                     41 ;--------------------------------------------------------
                                     42 ; code
                                     43 ;--------------------------------------------------------
                                     44 	.area _CODE_255
                                     45 	.area _CODE_255
                           000000    46 G$maprome_map_map$0_0$0 == .
      000000                         47 _maprome_map_map:
      000000 00                      48 	.db #0x00	; 0
      000001 01                      49 	.db #0x01	; 1
      000002 02                      50 	.db #0x02	; 2
      000003 03                      51 	.db #0x03	; 3
      000004 04                      52 	.db #0x04	; 4
      000005 05                      53 	.db #0x05	; 5
      000006 06                      54 	.db #0x06	; 6
      000007 07                      55 	.db #0x07	; 7
      000008 08                      56 	.db #0x08	; 8
      000009 09                      57 	.db #0x09	; 9
      00000A 0A                      58 	.db #0x0a	; 10
      00000B 00                      59 	.db #0x00	; 0
      00000C 00                      60 	.db #0x00	; 0
      00000D 00                      61 	.db #0x00	; 0
      00000E 00                      62 	.db #0x00	; 0
      00000F 00                      63 	.db #0x00	; 0
      000010 00                      64 	.db #0x00	; 0
      000011 00                      65 	.db #0x00	; 0
      000012 00                      66 	.db #0x00	; 0
      000013 00                      67 	.db #0x00	; 0
      000014 00                      68 	.db #0x00	; 0
      000015 00                      69 	.db #0x00	; 0
      000016 00                      70 	.db #0x00	; 0
      000017 00                      71 	.db #0x00	; 0
      000018 00                      72 	.db #0x00	; 0
      000019 00                      73 	.db #0x00	; 0
      00001A 00                      74 	.db #0x00	; 0
      00001B 00                      75 	.db #0x00	; 0
      00001C 0B                      76 	.db #0x0b	; 11
      00001D 0C                      77 	.db #0x0c	; 12
      00001E 0D                      78 	.db #0x0d	; 13
      00001F 00                      79 	.db #0x00	; 0
      000020 00                      80 	.db #0x00	; 0
      000021 00                      81 	.db #0x00	; 0
      000022 00                      82 	.db #0x00	; 0
      000023 00                      83 	.db #0x00	; 0
      000024 00                      84 	.db #0x00	; 0
      000025 00                      85 	.db #0x00	; 0
      000026 00                      86 	.db #0x00	; 0
      000027 00                      87 	.db #0x00	; 0
      000028 0E                      88 	.db #0x0e	; 14
      000029 0F                      89 	.db #0x0f	; 15
      00002A 10                      90 	.db #0x10	; 16
      00002B 10                      91 	.db #0x10	; 16
      00002C 10                      92 	.db #0x10	; 16
      00002D 10                      93 	.db #0x10	; 16
      00002E 10                      94 	.db #0x10	; 16
      00002F 10                      95 	.db #0x10	; 16
      000030 11                      96 	.db #0x11	; 17
      000031 00                      97 	.db #0x00	; 0
      000032 12                      98 	.db #0x12	; 18
      000033 00                      99 	.db #0x00	; 0
      000034 00                     100 	.db #0x00	; 0
      000035 00                     101 	.db #0x00	; 0
      000036 00                     102 	.db #0x00	; 0
      000037 00                     103 	.db #0x00	; 0
      000038 00                     104 	.db #0x00	; 0
      000039 00                     105 	.db #0x00	; 0
      00003A 00                     106 	.db #0x00	; 0
      00003B 00                     107 	.db #0x00	; 0
      00003C 13                     108 	.db #0x13	; 19
      00003D 14                     109 	.db #0x14	; 20
      00003E 15                     110 	.db #0x15	; 21
      00003F 16                     111 	.db #0x16	; 22
      000040 13                     112 	.db #0x13	; 19
      000041 17                     113 	.db #0x17	; 23
      000042 18                     114 	.db #0x18	; 24
      000043 16                     115 	.db #0x16	; 22
      000044 19                     116 	.db #0x19	; 25
      000045 1A                     117 	.db #0x1a	; 26
      000046 1B                     118 	.db #0x1b	; 27
      000047 1C                     119 	.db #0x1c	; 28
      000048 1D                     120 	.db #0x1d	; 29
      000049 00                     121 	.db #0x00	; 0
      00004A 1E                     122 	.db #0x1e	; 30
      00004B 00                     123 	.db #0x00	; 0
      00004C 00                     124 	.db #0x00	; 0
      00004D 00                     125 	.db #0x00	; 0
      00004E 00                     126 	.db #0x00	; 0
      00004F 00                     127 	.db #0x00	; 0
      000050 1F                     128 	.db #0x1f	; 31
      000051 20                     129 	.db #0x20	; 32
      000052 21                     130 	.db #0x21	; 33
      000053 22                     131 	.db #0x22	; 34
      000054 1F                     132 	.db #0x1f	; 31
      000055 23                     133 	.db #0x23	; 35
      000056 24                     134 	.db #0x24	; 36
      000057 22                     135 	.db #0x22	; 34
      000058 25                     136 	.db #0x25	; 37
      000059 26                     137 	.db #0x26	; 38
      00005A 27                     138 	.db #0x27	; 39
      00005B 28                     139 	.db #0x28	; 40
      00005C 29                     140 	.db #0x29	; 41
      00005D 2A                     141 	.db #0x2a	; 42
      00005E 2B                     142 	.db #0x2b	; 43
      00005F 00                     143 	.db #0x00	; 0
      000060 00                     144 	.db #0x00	; 0
      000061 00                     145 	.db #0x00	; 0
      000062 00                     146 	.db #0x00	; 0
      000063 00                     147 	.db #0x00	; 0
      000064 2C                     148 	.db #0x2c	; 44
      000065 00                     149 	.db #0x00	; 0
      000066 00                     150 	.db #0x00	; 0
      000067 2D                     151 	.db #0x2d	; 45
      000068 2E                     152 	.db #0x2e	; 46
      000069 00                     153 	.db #0x00	; 0
      00006A 00                     154 	.db #0x00	; 0
      00006B 2D                     155 	.db #0x2d	; 45
      00006C 2F                     156 	.db #0x2f	; 47
      00006D 30                     157 	.db #0x30	; 48	'0'
      00006E 31                     158 	.db #0x31	; 49	'1'
      00006F 32                     159 	.db #0x32	; 50	'2'
      000070 33                     160 	.db #0x33	; 51	'3'
      000071 34                     161 	.db #0x34	; 52	'4'
      000072 35                     162 	.db #0x35	; 53	'5'
      000073 00                     163 	.db #0x00	; 0
      000074 00                     164 	.db #0x00	; 0
      000075 00                     165 	.db #0x00	; 0
      000076 00                     166 	.db #0x00	; 0
      000077 00                     167 	.db #0x00	; 0
      000078 36                     168 	.db #0x36	; 54	'6'
      000079 00                     169 	.db #0x00	; 0
      00007A 00                     170 	.db #0x00	; 0
      00007B 37                     171 	.db #0x37	; 55	'7'
      00007C 38                     172 	.db #0x38	; 56	'8'
      00007D 00                     173 	.db #0x00	; 0
      00007E 00                     174 	.db #0x00	; 0
      00007F 37                     175 	.db #0x37	; 55	'7'
      000080 36                     176 	.db #0x36	; 54	'6'
      000081 00                     177 	.db #0x00	; 0
      000082 39                     178 	.db #0x39	; 57	'9'
      000083 3A                     179 	.db #0x3a	; 58
      000084 3B                     180 	.db #0x3b	; 59
      000085 3C                     181 	.db #0x3c	; 60
      000086 00                     182 	.db #0x00	; 0
      000087 00                     183 	.db #0x00	; 0
      000088 00                     184 	.db #0x00	; 0
      000089 00                     185 	.db #0x00	; 0
      00008A 00                     186 	.db #0x00	; 0
      00008B 00                     187 	.db #0x00	; 0
      00008C 3D                     188 	.db #0x3d	; 61
      00008D 3E                     189 	.db #0x3e	; 62
      00008E 3F                     190 	.db #0x3f	; 63
      00008F 40                     191 	.db #0x40	; 64
      000090 3D                     192 	.db #0x3d	; 61
      000091 3E                     193 	.db #0x3e	; 62
      000092 3F                     194 	.db #0x3f	; 63
      000093 40                     195 	.db #0x40	; 64
      000094 41                     196 	.db #0x41	; 65	'A'
      000095 42                     197 	.db #0x42	; 66	'B'
      000096 43                     198 	.db #0x43	; 67	'C'
      000097 44                     199 	.db #0x44	; 68	'D'
      000098 00                     200 	.db #0x00	; 0
      000099 45                     201 	.db #0x45	; 69	'E'
      00009A 00                     202 	.db #0x00	; 0
      00009B 00                     203 	.db #0x00	; 0
      00009C 00                     204 	.db #0x00	; 0
      00009D 00                     205 	.db #0x00	; 0
      00009E 00                     206 	.db #0x00	; 0
      00009F 00                     207 	.db #0x00	; 0
      0000A0 01                     208 	.db #0x01	; 1
      0000A1 01                     209 	.db #0x01	; 1
      0000A2 01                     210 	.db #0x01	; 1
      0000A3 01                     211 	.db #0x01	; 1
      0000A4 01                     212 	.db #0x01	; 1
      0000A5 01                     213 	.db #0x01	; 1
      0000A6 01                     214 	.db #0x01	; 1
      0000A7 01                     215 	.db #0x01	; 1
      0000A8 01                     216 	.db #0x01	; 1
      0000A9 01                     217 	.db #0x01	; 1
      0000AA 01                     218 	.db #0x01	; 1
      0000AB 46                     219 	.db #0x46	; 70	'F'
      0000AC 00                     220 	.db #0x00	; 0
      0000AD 47                     221 	.db #0x47	; 71	'G'
      0000AE 00                     222 	.db #0x00	; 0
      0000AF 00                     223 	.db #0x00	; 0
      0000B0 00                     224 	.db #0x00	; 0
      0000B1 00                     225 	.db #0x00	; 0
      0000B2 00                     226 	.db #0x00	; 0
      0000B3 00                     227 	.db #0x00	; 0
      0000B4 01                     228 	.db #0x01	; 1
      0000B5 01                     229 	.db #0x01	; 1
      0000B6 01                     230 	.db #0x01	; 1
      0000B7 01                     231 	.db #0x01	; 1
      0000B8 01                     232 	.db #0x01	; 1
      0000B9 01                     233 	.db #0x01	; 1
      0000BA 01                     234 	.db #0x01	; 1
      0000BB 01                     235 	.db #0x01	; 1
      0000BC 48                     236 	.db #0x48	; 72	'H'
      0000BD 01                     237 	.db #0x01	; 1
      0000BE 01                     238 	.db #0x01	; 1
      0000BF 49                     239 	.db #0x49	; 73	'I'
      0000C0 4A                     240 	.db #0x4a	; 74	'J'
      0000C1 4B                     241 	.db #0x4b	; 75	'K'
      0000C2 00                     242 	.db #0x00	; 0
      0000C3 00                     243 	.db #0x00	; 0
      0000C4 00                     244 	.db #0x00	; 0
      0000C5 00                     245 	.db #0x00	; 0
      0000C6 00                     246 	.db #0x00	; 0
      0000C7 00                     247 	.db #0x00	; 0
      0000C8 00                     248 	.db #0x00	; 0
      0000C9 4C                     249 	.db #0x4c	; 76	'L'
      0000CA 4D                     250 	.db #0x4d	; 77	'M'
      0000CB 4E                     251 	.db #0x4e	; 78	'N'
      0000CC 4F                     252 	.db #0x4f	; 79	'O'
      0000CD 50                     253 	.db #0x50	; 80	'P'
      0000CE 00                     254 	.db #0x00	; 0
      0000CF 00                     255 	.db #0x00	; 0
      0000D0 00                     256 	.db #0x00	; 0
      0000D1 51                     257 	.db #0x51	; 81	'Q'
      0000D2 48                     258 	.db #0x48	; 72	'H'
      0000D3 01                     259 	.db #0x01	; 1
      0000D4 01                     260 	.db #0x01	; 1
      0000D5 01                     261 	.db #0x01	; 1
      0000D6 00                     262 	.db #0x00	; 0
      0000D7 00                     263 	.db #0x00	; 0
      0000D8 00                     264 	.db #0x00	; 0
      0000D9 00                     265 	.db #0x00	; 0
      0000DA 00                     266 	.db #0x00	; 0
      0000DB 00                     267 	.db #0x00	; 0
      0000DC 52                     268 	.db #0x52	; 82	'R'
      0000DD 53                     269 	.db #0x53	; 83	'S'
      0000DE 54                     270 	.db #0x54	; 84	'T'
      0000DF 55                     271 	.db #0x55	; 85	'U'
      0000E0 56                     272 	.db #0x56	; 86	'V'
      0000E1 57                     273 	.db #0x57	; 87	'W'
      0000E2 00                     274 	.db #0x00	; 0
      0000E3 00                     275 	.db #0x00	; 0
      0000E4 00                     276 	.db #0x00	; 0
      0000E5 00                     277 	.db #0x00	; 0
      0000E6 00                     278 	.db #0x00	; 0
      0000E7 58                     279 	.db #0x58	; 88	'X'
      0000E8 01                     280 	.db #0x01	; 1
      0000E9 01                     281 	.db #0x01	; 1
      0000EA 00                     282 	.db #0x00	; 0
      0000EB 00                     283 	.db #0x00	; 0
      0000EC 00                     284 	.db #0x00	; 0
      0000ED 00                     285 	.db #0x00	; 0
      0000EE 00                     286 	.db #0x00	; 0
      0000EF 00                     287 	.db #0x00	; 0
      0000F0 59                     288 	.db #0x59	; 89	'Y'
      0000F1 5A                     289 	.db #0x5a	; 90	'Z'
      0000F2 5B                     290 	.db #0x5b	; 91
      0000F3 5C                     291 	.db #0x5c	; 92
      0000F4 5D                     292 	.db #0x5d	; 93
      0000F5 5E                     293 	.db #0x5e	; 94
      0000F6 00                     294 	.db #0x00	; 0
      0000F7 00                     295 	.db #0x00	; 0
      0000F8 00                     296 	.db #0x00	; 0
      0000F9 00                     297 	.db #0x00	; 0
      0000FA 00                     298 	.db #0x00	; 0
      0000FB 00                     299 	.db #0x00	; 0
      0000FC 5F                     300 	.db #0x5f	; 95
      0000FD 60                     301 	.db #0x60	; 96
      0000FE 00                     302 	.db #0x00	; 0
      0000FF 00                     303 	.db #0x00	; 0
      000100 00                     304 	.db #0x00	; 0
      000101 00                     305 	.db #0x00	; 0
      000102 00                     306 	.db #0x00	; 0
      000103 00                     307 	.db #0x00	; 0
      000104 61                     308 	.db #0x61	; 97	'a'
      000105 62                     309 	.db #0x62	; 98	'b'
      000106 63                     310 	.db #0x63	; 99	'c'
      000107 64                     311 	.db #0x64	; 100	'd'
      000108 00                     312 	.db #0x00	; 0
      000109 47                     313 	.db #0x47	; 71	'G'
      00010A 00                     314 	.db #0x00	; 0
      00010B 00                     315 	.db #0x00	; 0
      00010C 00                     316 	.db #0x00	; 0
      00010D 00                     317 	.db #0x00	; 0
      00010E 00                     318 	.db #0x00	; 0
      00010F 00                     319 	.db #0x00	; 0
      000110 00                     320 	.db #0x00	; 0
      000111 00                     321 	.db #0x00	; 0
      000112 00                     322 	.db #0x00	; 0
      000113 00                     323 	.db #0x00	; 0
      000114 00                     324 	.db #0x00	; 0
      000115 00                     325 	.db #0x00	; 0
      000116 00                     326 	.db #0x00	; 0
      000117 00                     327 	.db #0x00	; 0
      000118 65                     328 	.db #0x65	; 101	'e'
      000119 00                     329 	.db #0x00	; 0
      00011A 66                     330 	.db #0x66	; 102	'f'
      00011B 67                     331 	.db #0x67	; 103	'g'
      00011C 68                     332 	.db #0x68	; 104	'h'
      00011D 69                     333 	.db #0x69	; 105	'i'
      00011E 00                     334 	.db #0x00	; 0
      00011F 00                     335 	.db #0x00	; 0
      000120 00                     336 	.db #0x00	; 0
      000121 00                     337 	.db #0x00	; 0
      000122 00                     338 	.db #0x00	; 0
      000123 00                     339 	.db #0x00	; 0
      000124 00                     340 	.db #0x00	; 0
      000125 00                     341 	.db #0x00	; 0
      000126 00                     342 	.db #0x00	; 0
      000127 00                     343 	.db #0x00	; 0
      000128 00                     344 	.db #0x00	; 0
      000129 00                     345 	.db #0x00	; 0
      00012A 00                     346 	.db #0x00	; 0
      00012B 00                     347 	.db #0x00	; 0
      00012C 36                     348 	.db #0x36	; 54	'6'
      00012D 00                     349 	.db #0x00	; 0
      00012E 6A                     350 	.db #0x6a	; 106	'j'
      00012F 01                     351 	.db #0x01	; 1
      000130 01                     352 	.db #0x01	; 1
      000131 01                     353 	.db #0x01	; 1
      000132 00                     354 	.db #0x00	; 0
      000133 00                     355 	.db #0x00	; 0
      000134 00                     356 	.db #0x00	; 0
      000135 00                     357 	.db #0x00	; 0
      000136 00                     358 	.db #0x00	; 0
      000137 00                     359 	.db #0x00	; 0
      000138 00                     360 	.db #0x00	; 0
      000139 00                     361 	.db #0x00	; 0
      00013A 00                     362 	.db #0x00	; 0
      00013B 00                     363 	.db #0x00	; 0
      00013C 00                     364 	.db #0x00	; 0
      00013D 00                     365 	.db #0x00	; 0
      00013E 00                     366 	.db #0x00	; 0
      00013F 00                     367 	.db #0x00	; 0
      000140 6B                     368 	.db #0x6b	; 107	'k'
      000141 6C                     369 	.db #0x6c	; 108	'l'
      000142 6D                     370 	.db #0x6d	; 109	'm'
      000143 01                     371 	.db #0x01	; 1
      000144 01                     372 	.db #0x01	; 1
      000145 6E                     373 	.db #0x6e	; 110	'n'
      000146 00                     374 	.db #0x00	; 0
      000147 00                     375 	.db #0x00	; 0
      000148 00                     376 	.db #0x00	; 0
      000149 00                     377 	.db #0x00	; 0
      00014A 00                     378 	.db #0x00	; 0
      00014B 00                     379 	.db #0x00	; 0
      00014C 00                     380 	.db #0x00	; 0
      00014D 00                     381 	.db #0x00	; 0
      00014E 00                     382 	.db #0x00	; 0
      00014F 00                     383 	.db #0x00	; 0
      000150 00                     384 	.db #0x00	; 0
      000151 00                     385 	.db #0x00	; 0
      000152 00                     386 	.db #0x00	; 0
      000153 00                     387 	.db #0x00	; 0
      000154 01                     388 	.db #0x01	; 1
      000155 01                     389 	.db #0x01	; 1
      000156 01                     390 	.db #0x01	; 1
      000157 6E                     391 	.db #0x6e	; 110	'n'
      000158 6F                     392 	.db #0x6f	; 111	'o'
      000159 00                     393 	.db #0x00	; 0
      00015A 00                     394 	.db #0x00	; 0
      00015B 00                     395 	.db #0x00	; 0
      00015C 00                     396 	.db #0x00	; 0
      00015D 00                     397 	.db #0x00	; 0
      00015E 00                     398 	.db #0x00	; 0
      00015F 00                     399 	.db #0x00	; 0
      000160 00                     400 	.db #0x00	; 0
      000161 00                     401 	.db #0x00	; 0
      000162 00                     402 	.db #0x00	; 0
      000163 00                     403 	.db #0x00	; 0
      000164 00                     404 	.db #0x00	; 0
      000165 00                     405 	.db #0x00	; 0
      000166 00                     406 	.db #0x00	; 0
      000167 00                     407 	.db #0x00	; 0
      000168 01                     408 	.db #0x01	; 1
      000169 01                     409 	.db #0x01	; 1
      00016A 70                     410 	.db #0x70	; 112	'p'
      00016B 00                     411 	.db #0x00	; 0
      00016C 00                     412 	.db #0x00	; 0
      00016D 00                     413 	.db #0x00	; 0
      00016E 00                     414 	.db #0x00	; 0
      00016F 00                     415 	.db #0x00	; 0
      000170 00                     416 	.db #0x00	; 0
      000171 00                     417 	.db #0x00	; 0
      000172 00                     418 	.db #0x00	; 0
      000173 00                     419 	.db #0x00	; 0
      000174 00                     420 	.db #0x00	; 0
      000175 00                     421 	.db #0x00	; 0
      000176 00                     422 	.db #0x00	; 0
      000177 00                     423 	.db #0x00	; 0
      000178 00                     424 	.db #0x00	; 0
      000179 00                     425 	.db #0x00	; 0
      00017A 00                     426 	.db #0x00	; 0
      00017B 00                     427 	.db #0x00	; 0
      00017C 71                     428 	.db #0x71	; 113	'q'
      00017D 72                     429 	.db #0x72	; 114	'r'
      00017E 00                     430 	.db #0x00	; 0
      00017F 00                     431 	.db #0x00	; 0
      000180 00                     432 	.db #0x00	; 0
      000181 00                     433 	.db #0x00	; 0
      000182 00                     434 	.db #0x00	; 0
      000183 00                     435 	.db #0x00	; 0
      000184 00                     436 	.db #0x00	; 0
      000185 00                     437 	.db #0x00	; 0
      000186 00                     438 	.db #0x00	; 0
      000187 00                     439 	.db #0x00	; 0
      000188 00                     440 	.db #0x00	; 0
      000189 00                     441 	.db #0x00	; 0
      00018A 00                     442 	.db #0x00	; 0
      00018B 00                     443 	.db #0x00	; 0
      00018C 00                     444 	.db #0x00	; 0
      00018D 00                     445 	.db #0x00	; 0
      00018E 00                     446 	.db #0x00	; 0
      00018F 00                     447 	.db #0x00	; 0
      000190 00                     448 	.db #0x00	; 0
      000191 00                     449 	.db #0x00	; 0
      000192 00                     450 	.db #0x00	; 0
      000193 00                     451 	.db #0x00	; 0
      000194 00                     452 	.db #0x00	; 0
      000195 00                     453 	.db #0x00	; 0
      000196 00                     454 	.db #0x00	; 0
      000197 00                     455 	.db #0x00	; 0
      000198 00                     456 	.db #0x00	; 0
      000199 00                     457 	.db #0x00	; 0
      00019A 00                     458 	.db #0x00	; 0
      00019B 00                     459 	.db #0x00	; 0
      00019C 00                     460 	.db #0x00	; 0
      00019D 00                     461 	.db #0x00	; 0
      00019E 00                     462 	.db #0x00	; 0
      00019F 00                     463 	.db #0x00	; 0
      0001A0 00                     464 	.db #0x00	; 0
      0001A1 00                     465 	.db #0x00	; 0
      0001A2 00                     466 	.db #0x00	; 0
      0001A3 00                     467 	.db #0x00	; 0
      0001A4 00                     468 	.db #0x00	; 0
      0001A5 00                     469 	.db #0x00	; 0
      0001A6 00                     470 	.db #0x00	; 0
      0001A7 00                     471 	.db #0x00	; 0
      0001A8 00                     472 	.db #0x00	; 0
      0001A9 00                     473 	.db #0x00	; 0
      0001AA 00                     474 	.db #0x00	; 0
      0001AB 00                     475 	.db #0x00	; 0
      0001AC 00                     476 	.db #0x00	; 0
      0001AD 00                     477 	.db #0x00	; 0
      0001AE 00                     478 	.db #0x00	; 0
      0001AF 00                     479 	.db #0x00	; 0
      0001B0 00                     480 	.db #0x00	; 0
      0001B1 00                     481 	.db #0x00	; 0
      0001B2 00                     482 	.db #0x00	; 0
      0001B3 00                     483 	.db #0x00	; 0
      0001B4 00                     484 	.db #0x00	; 0
      0001B5 00                     485 	.db #0x00	; 0
      0001B6 00                     486 	.db #0x00	; 0
      0001B7 00                     487 	.db #0x00	; 0
      0001B8 00                     488 	.db #0x00	; 0
      0001B9 00                     489 	.db #0x00	; 0
      0001BA 00                     490 	.db #0x00	; 0
      0001BB 00                     491 	.db #0x00	; 0
      0001BC 00                     492 	.db #0x00	; 0
      0001BD 00                     493 	.db #0x00	; 0
      0001BE 00                     494 	.db #0x00	; 0
      0001BF 00                     495 	.db #0x00	; 0
      0001C0 00                     496 	.db #0x00	; 0
      0001C1 00                     497 	.db #0x00	; 0
      0001C2 00                     498 	.db #0x00	; 0
      0001C3 00                     499 	.db #0x00	; 0
      0001C4 00                     500 	.db #0x00	; 0
      0001C5 00                     501 	.db #0x00	; 0
      0001C6 00                     502 	.db #0x00	; 0
      0001C7 00                     503 	.db #0x00	; 0
      0001C8 00                     504 	.db #0x00	; 0
      0001C9 00                     505 	.db #0x00	; 0
      0001CA 00                     506 	.db #0x00	; 0
      0001CB 00                     507 	.db #0x00	; 0
      0001CC 00                     508 	.db #0x00	; 0
      0001CD 00                     509 	.db #0x00	; 0
      0001CE 00                     510 	.db #0x00	; 0
      0001CF 00                     511 	.db #0x00	; 0
      0001D0 00                     512 	.db #0x00	; 0
      0001D1 00                     513 	.db #0x00	; 0
      0001D2 00                     514 	.db #0x00	; 0
      0001D3 00                     515 	.db #0x00	; 0
      0001D4 00                     516 	.db #0x00	; 0
      0001D5 00                     517 	.db #0x00	; 0
      0001D6 00                     518 	.db #0x00	; 0
      0001D7 00                     519 	.db #0x00	; 0
      0001D8 00                     520 	.db #0x00	; 0
      0001D9 00                     521 	.db #0x00	; 0
      0001DA 00                     522 	.db #0x00	; 0
      0001DB 00                     523 	.db #0x00	; 0
      0001DC 00                     524 	.db #0x00	; 0
      0001DD 00                     525 	.db #0x00	; 0
      0001DE 00                     526 	.db #0x00	; 0
      0001DF 00                     527 	.db #0x00	; 0
      0001E0 00                     528 	.db #0x00	; 0
      0001E1 00                     529 	.db #0x00	; 0
      0001E2 00                     530 	.db #0x00	; 0
      0001E3 00                     531 	.db #0x00	; 0
      0001E4 00                     532 	.db #0x00	; 0
      0001E5 00                     533 	.db #0x00	; 0
      0001E6 00                     534 	.db #0x00	; 0
      0001E7 00                     535 	.db #0x00	; 0
      0001E8 00                     536 	.db #0x00	; 0
      0001E9 00                     537 	.db #0x00	; 0
      0001EA 00                     538 	.db #0x00	; 0
      0001EB 00                     539 	.db #0x00	; 0
      0001EC 00                     540 	.db #0x00	; 0
      0001ED 00                     541 	.db #0x00	; 0
      0001EE 00                     542 	.db #0x00	; 0
      0001EF 00                     543 	.db #0x00	; 0
      0001F0 00                     544 	.db #0x00	; 0
      0001F1 00                     545 	.db #0x00	; 0
      0001F2 00                     546 	.db #0x00	; 0
      0001F3 00                     547 	.db #0x00	; 0
                           0000FF   548 G$__bank_maprome_map$0_0$0 == 0x00ff
                           0000FF   549 ___bank_maprome_map	=	0x00ff
                           0001F4   550 G$maprome_map$0_0$0 == .
      0001F4                        551 _maprome_map:
      0001F4r00r00                  552 	.dw _maprome_map_map
      0001F6 14                     553 	.db #0x14	; 20
      0001F7 19                     554 	.db #0x19	; 25
      0001F8 00 00                  555 	.dw #0x0000
      0001FAr00                     556 	.byte ___bank_mapromet
      0001FBr00r00                  557 	.dw _mapromet
                                    558 	.area _INITIALIZER
                                    559 	.area _CABS (ABS)
