                                      1 ;--------------------------------------------------------
                                      2 ; File Created by SDCC : free open source ISO C Compiler 
                                      3 ; Version 4.3.2 #14228 (MINGW64)
                                      4 ;--------------------------------------------------------
                                      5 	.module hudt_gbr
                                      6 	.optsdcc -msm83
                                      7 	
                                      8 ;--------------------------------------------------------
                                      9 ; Public variables in this module
                                     10 ;--------------------------------------------------------
                                     11 	.globl _hudt
                                     12 	.globl ___bank_hudt
                                     13 	.globl _hudt_tiles
                                     14 	.globl _hudtCGB
                                     15 	.globl _hudt_palettes
                                     16 ;--------------------------------------------------------
                                     17 ; special function registers
                                     18 ;--------------------------------------------------------
                                     19 ;--------------------------------------------------------
                                     20 ; ram data
                                     21 ;--------------------------------------------------------
                                     22 	.area _DATA
                                     23 ;--------------------------------------------------------
                                     24 ; ram data
                                     25 ;--------------------------------------------------------
                                     26 	.area _INITIALIZED
                                     27 ;--------------------------------------------------------
                                     28 ; absolute external ram data
                                     29 ;--------------------------------------------------------
                                     30 	.area _DABS (ABS)
                                     31 ;--------------------------------------------------------
                                     32 ; global & static initialisations
                                     33 ;--------------------------------------------------------
                                     34 	.area _HOME
                                     35 	.area _GSINIT
                                     36 	.area _GSFINAL
                                     37 	.area _GSINIT
                                     38 ;--------------------------------------------------------
                                     39 ; Home
                                     40 ;--------------------------------------------------------
                                     41 	.area _HOME
                                     42 	.area _HOME
                                     43 ;--------------------------------------------------------
                                     44 ; code
                                     45 ;--------------------------------------------------------
                                     46 	.area _CODE_255
                                     47 	.area _CODE_255
                           000000    48 G$hudt_palettes$0_0$0 == .
      000000                         49 _hudt_palettes:
      000000 FF 7F                   50 	.dw #0x7fff
      000002 18 63                   51 	.dw #0x6318
      000004 10 42                   52 	.dw #0x4210
      000006 00 00                   53 	.dw #0x0000
      000008 DE 5B                   54 	.dw #0x5bde
      00000A 9F 02                   55 	.dw #0x029f
      00000C 1F 01                   56 	.dw #0x011f
      00000E 00 00                   57 	.dw #0x0000
      000010 30 7B                   58 	.dw #0x7b30
      000012 2D 7E                   59 	.dw #0x7e2d
      000014 65 7D                   60 	.dw #0x7d65
      000016 00 00                   61 	.dw #0x0000
                           000018    62 G$hudtCGB$0_0$0 == .
      000018                         63 _hudtCGB:
      000018 00                      64 	.db #0x00	; 0
      000019 00                      65 	.db #0x00	; 0
      00001A 00                      66 	.db #0x00	; 0
      00001B 02                      67 	.db #0x02	; 2
      00001C 02                      68 	.db #0x02	; 2
      00001D 02                      69 	.db #0x02	; 2
      00001E 02                      70 	.db #0x02	; 2
      00001F 01                      71 	.db #0x01	; 1
      000020 01                      72 	.db #0x01	; 1
      000021 01                      73 	.db #0x01	; 1
      000022 01                      74 	.db #0x01	; 1
      000023 00                      75 	.db #0x00	; 0
      000024 00                      76 	.db #0x00	; 0
      000025 00                      77 	.db #0x00	; 0
      000026 00                      78 	.db #0x00	; 0
      000027 00                      79 	.db #0x00	; 0
      000028 00                      80 	.db #0x00	; 0
      000029 00                      81 	.db #0x00	; 0
      00002A 00                      82 	.db #0x00	; 0
      00002B 00                      83 	.db #0x00	; 0
      00002C 01                      84 	.db #0x01	; 1
      00002D 01                      85 	.db #0x01	; 1
      00002E 01                      86 	.db #0x01	; 1
      00002F 01                      87 	.db #0x01	; 1
      000030 02                      88 	.db #0x02	; 2
      000031 02                      89 	.db #0x02	; 2
      000032 02                      90 	.db #0x02	; 2
      000033 02                      91 	.db #0x02	; 2
      000034 01                      92 	.db #0x01	; 1
      000035 01                      93 	.db #0x01	; 1
      000036 01                      94 	.db #0x01	; 1
      000037 01                      95 	.db #0x01	; 1
      000038 01                      96 	.db #0x01	; 1
      000039 01                      97 	.db #0x01	; 1
      00003A 01                      98 	.db #0x01	; 1
      00003B 01                      99 	.db #0x01	; 1
      00003C 01                     100 	.db #0x01	; 1
      00003D 01                     101 	.db #0x01	; 1
      00003E 01                     102 	.db #0x01	; 1
      00003F 01                     103 	.db #0x01	; 1
      000040 02                     104 	.db #0x02	; 2
      000041 02                     105 	.db #0x02	; 2
      000042 02                     106 	.db #0x02	; 2
      000043 02                     107 	.db #0x02	; 2
      000044 02                     108 	.db #0x02	; 2
      000045 02                     109 	.db #0x02	; 2
      000046 02                     110 	.db #0x02	; 2
      000047 02                     111 	.db #0x02	; 2
      000048 00                     112 	.db #0x00	; 0
      000049 00                     113 	.db #0x00	; 0
      00004A 00                     114 	.db #0x00	; 0
      00004B 00                     115 	.db #0x00	; 0
      00004C 00                     116 	.db #0x00	; 0
      00004D 00                     117 	.db #0x00	; 0
      00004E 00                     118 	.db #0x00	; 0
      00004F 00                     119 	.db #0x00	; 0
      000050 00                     120 	.db #0x00	; 0
      000051 00                     121 	.db #0x00	; 0
      000052 00                     122 	.db #0x00	; 0
      000053 00                     123 	.db #0x00	; 0
      000054 00                     124 	.db #0x00	; 0
      000055 00                     125 	.db #0x00	; 0
      000056 00                     126 	.db #0x00	; 0
      000057 00                     127 	.db #0x00	; 0
      000058 00                     128 	.db #0x00	; 0
      000059 00                     129 	.db #0x00	; 0
      00005A 00                     130 	.db #0x00	; 0
      00005B 00                     131 	.db #0x00	; 0
      00005C 00                     132 	.db #0x00	; 0
      00005D 00                     133 	.db #0x00	; 0
      00005E 00                     134 	.db #0x00	; 0
      00005F 00                     135 	.db #0x00	; 0
      000060 00                     136 	.db #0x00	; 0
      000061 00                     137 	.db #0x00	; 0
      000062 00                     138 	.db #0x00	; 0
      000063 00                     139 	.db #0x00	; 0
      000064 00                     140 	.db #0x00	; 0
      000065 00                     141 	.db #0x00	; 0
      000066 02                     142 	.db #0x02	; 2
      000067 02                     143 	.db #0x02	; 2
      000068 02                     144 	.db #0x02	; 2
      000069 02                     145 	.db #0x02	; 2
                           00006A   146 G$hudt_tiles$0_0$0 == .
      00006A                        147 _hudt_tiles:
      00006A 00                     148 	.db #0x00	; 0
      00006B 00                     149 	.db #0x00	; 0
      00006C 00                     150 	.db #0x00	; 0
      00006D 00                     151 	.db #0x00	; 0
      00006E 00                     152 	.db #0x00	; 0
      00006F 00                     153 	.db #0x00	; 0
      000070 00                     154 	.db #0x00	; 0
      000071 00                     155 	.db #0x00	; 0
      000072 00                     156 	.db #0x00	; 0
      000073 00                     157 	.db #0x00	; 0
      000074 00                     158 	.db #0x00	; 0
      000075 00                     159 	.db #0x00	; 0
      000076 00                     160 	.db #0x00	; 0
      000077 00                     161 	.db #0x00	; 0
      000078 00                     162 	.db #0x00	; 0
      000079 00                     163 	.db #0x00	; 0
      00007A FF                     164 	.db #0xff	; 255
      00007B FF                     165 	.db #0xff	; 255
      00007C FF                     166 	.db #0xff	; 255
      00007D FF                     167 	.db #0xff	; 255
      00007E FF                     168 	.db #0xff	; 255
      00007F FF                     169 	.db #0xff	; 255
      000080 FF                     170 	.db #0xff	; 255
      000081 FF                     171 	.db #0xff	; 255
      000082 FF                     172 	.db #0xff	; 255
      000083 FF                     173 	.db #0xff	; 255
      000084 FF                     174 	.db #0xff	; 255
      000085 FF                     175 	.db #0xff	; 255
      000086 FF                     176 	.db #0xff	; 255
      000087 FF                     177 	.db #0xff	; 255
      000088 FF                     178 	.db #0xff	; 255
      000089 FF                     179 	.db #0xff	; 255
      00008A FF                     180 	.db #0xff	; 255
      00008B FF                     181 	.db #0xff	; 255
      00008C FF                     182 	.db #0xff	; 255
      00008D FF                     183 	.db #0xff	; 255
      00008E FF                     184 	.db #0xff	; 255
      00008F FF                     185 	.db #0xff	; 255
      000090 FF                     186 	.db #0xff	; 255
      000091 FF                     187 	.db #0xff	; 255
      000092 15                     188 	.db #0x15	; 21
      000093 15                     189 	.db #0x15	; 21
      000094 B4                     190 	.db #0xb4	; 180
      000095 B4                     191 	.db #0xb4	; 180
      000096 B5                     192 	.db #0xb5	; 181
      000097 B5                     193 	.db #0xb5	; 181
      000098 B5                     194 	.db #0xb5	; 181
      000099 B5                     195 	.db #0xb5	; 181
      00009A FF                     196 	.db #0xff	; 255
      00009B FF                     197 	.db #0xff	; 255
      00009C FF                     198 	.db #0xff	; 255
      00009D FF                     199 	.db #0xff	; 255
      00009E FF                     200 	.db #0xff	; 255
      00009F FF                     201 	.db #0xff	; 255
      0000A0 88                     202 	.db #0x88	; 136
      0000A1 88                     203 	.db #0x88	; 136
      0000A2 7E                     204 	.db #0x7e	; 126
      0000A3 7E                     205 	.db #0x7e	; 126
      0000A4 9E                     206 	.db #0x9e	; 158
      0000A5 9E                     207 	.db #0x9e	; 158
      0000A6 EE                     208 	.db #0xee	; 238
      0000A7 EE                     209 	.db #0xee	; 238
      0000A8 1E                     210 	.db #0x1e	; 30
      0000A9 1E                     211 	.db #0x1e	; 30
      0000AA FF                     212 	.db #0xff	; 255
      0000AB FF                     213 	.db #0xff	; 255
      0000AC FF                     214 	.db #0xff	; 255
      0000AD FF                     215 	.db #0xff	; 255
      0000AE FF                     216 	.db #0xff	; 255
      0000AF FF                     217 	.db #0xff	; 255
      0000B0 26                     218 	.db #0x26	; 38
      0000B1 26                     219 	.db #0x26	; 38
      0000B2 DA                     220 	.db #0xda	; 218
      0000B3 DA                     221 	.db #0xda	; 218
      0000B4 DA                     222 	.db #0xda	; 218
      0000B5 DA                     223 	.db #0xda	; 218
      0000B6 C2                     224 	.db #0xc2	; 194
      0000B7 C2                     225 	.db #0xc2	; 194
      0000B8 DA                     226 	.db #0xda	; 218
      0000B9 DA                     227 	.db #0xda	; 218
      0000BA FF                     228 	.db #0xff	; 255
      0000BB FF                     229 	.db #0xff	; 255
      0000BC FF                     230 	.db #0xff	; 255
      0000BD FF                     231 	.db #0xff	; 255
      0000BE FF                     232 	.db #0xff	; 255
      0000BF FF                     233 	.db #0xff	; 255
      0000C0 4A                     234 	.db #0x4a	; 74	'J'
      0000C1 4A                     235 	.db #0x4a	; 74	'J'
      0000C2 AA                     236 	.db #0xaa	; 170
      0000C3 AA                     237 	.db #0xaa	; 170
      0000C4 AA                     238 	.db #0xaa	; 170
      0000C5 AA                     239 	.db #0xaa	; 170
      0000C6 EA                     240 	.db #0xea	; 234
      0000C7 EA                     241 	.db #0xea	; 234
      0000C8 EA                     242 	.db #0xea	; 234
      0000C9 EA                     243 	.db #0xea	; 234
      0000CA FF                     244 	.db #0xff	; 255
      0000CB FF                     245 	.db #0xff	; 255
      0000CC FF                     246 	.db #0xff	; 255
      0000CD FF                     247 	.db #0xff	; 255
      0000CE FF                     248 	.db #0xff	; 255
      0000CF FF                     249 	.db #0xff	; 255
      0000D0 D9                     250 	.db #0xd9	; 217
      0000D1 D9                     251 	.db #0xd9	; 217
      0000D2 56                     252 	.db #0x56	; 86	'V'
      0000D3 56                     253 	.db #0x56	; 86	'V'
      0000D4 96                     254 	.db #0x96	; 150
      0000D5 96                     255 	.db #0x96	; 150
      0000D6 D0                     256 	.db #0xd0	; 208
      0000D7 D0                     257 	.db #0xd0	; 208
      0000D8 D6                     258 	.db #0xd6	; 214
      0000D9 D6                     259 	.db #0xd6	; 214
      0000DA FF                     260 	.db #0xff	; 255
      0000DB 3F                     261 	.db #0x3f	; 63
      0000DC FF                     262 	.db #0xff	; 255
      0000DD 0B                     263 	.db #0x0b	; 11
      0000DE FF                     264 	.db #0xff	; 255
      0000DF FF                     265 	.db #0xff	; 255
      0000E0 FF                     266 	.db #0xff	; 255
      0000E1 2A                     267 	.db #0x2a	; 42
      0000E2 FF                     268 	.db #0xff	; 255
      0000E3 6A                     269 	.db #0x6a	; 106	'j'
      0000E4 FF                     270 	.db #0xff	; 255
      0000E5 2A                     271 	.db #0x2a	; 42
      0000E6 FF                     272 	.db #0xff	; 255
      0000E7 6A                     273 	.db #0x6a	; 106	'j'
      0000E8 FF                     274 	.db #0xff	; 255
      0000E9 22                     275 	.db #0x22	; 34
      0000EA FF                     276 	.db #0xff	; 255
      0000EB FF                     277 	.db #0xff	; 255
      0000EC FF                     278 	.db #0xff	; 255
      0000ED FF                     279 	.db #0xff	; 255
      0000EE FF                     280 	.db #0xff	; 255
      0000EF FF                     281 	.db #0xff	; 255
      0000F0 FF                     282 	.db #0xff	; 255
      0000F1 2B                     283 	.db #0x2b	; 43
      0000F2 FF                     284 	.db #0xff	; 255
      0000F3 AA                     285 	.db #0xaa	; 170
      0000F4 FF                     286 	.db #0xff	; 255
      0000F5 22                     287 	.db #0x22	; 34
      0000F6 FF                     288 	.db #0xff	; 255
      0000F7 EA                     289 	.db #0xea	; 234
      0000F8 FF                     290 	.db #0xff	; 255
      0000F9 EB                     291 	.db #0xeb	; 235
      0000FA FF                     292 	.db #0xff	; 255
      0000FB FF                     293 	.db #0xff	; 255
      0000FC FF                     294 	.db #0xff	; 255
      0000FD FE                     295 	.db #0xfe	; 254
      0000FE FF                     296 	.db #0xff	; 255
      0000FF FF                     297 	.db #0xff	; 255
      000100 FF                     298 	.db #0xff	; 255
      000101 66                     299 	.db #0x66	; 102	'f'
      000102 FF                     300 	.db #0xff	; 255
      000103 AA                     301 	.db #0xaa	; 170
      000104 FF                     302 	.db #0xff	; 255
      000105 A6                     303 	.db #0xa6	; 166
      000106 FF                     304 	.db #0xff	; 255
      000107 AA                     305 	.db #0xaa	; 170
      000108 FF                     306 	.db #0xff	; 255
      000109 6A                     307 	.db #0x6a	; 106	'j'
      00010A FF                     308 	.db #0xff	; 255
      00010B CF                     309 	.db #0xcf	; 207
      00010C FF                     310 	.db #0xff	; 255
      00010D 8F                     311 	.db #0x8f	; 143
      00010E FF                     312 	.db #0xff	; 255
      00010F FF                     313 	.db #0xff	; 255
      000110 FF                     314 	.db #0xff	; 255
      000111 DF                     315 	.db #0xdf	; 223
      000112 FF                     316 	.db #0xff	; 255
      000113 AF                     317 	.db #0xaf	; 175
      000114 FF                     318 	.db #0xff	; 255
      000115 AF                     319 	.db #0xaf	; 175
      000116 FF                     320 	.db #0xff	; 255
      000117 8F                     321 	.db #0x8f	; 143
      000118 FF                     322 	.db #0xff	; 255
      000119 AF                     323 	.db #0xaf	; 175
      00011A FF                     324 	.db #0xff	; 255
      00011B FF                     325 	.db #0xff	; 255
      00011C FF                     326 	.db #0xff	; 255
      00011D FF                     327 	.db #0xff	; 255
      00011E FF                     328 	.db #0xff	; 255
      00011F FF                     329 	.db #0xff	; 255
      000120 FF                     330 	.db #0xff	; 255
      000121 FF                     331 	.db #0xff	; 255
      000122 D1                     332 	.db #0xd1	; 209
      000123 D1                     333 	.db #0xd1	; 209
      000124 93                     334 	.db #0x93	; 147
      000125 93                     335 	.db #0x93	; 147
      000126 57                     336 	.db #0x57	; 87	'W'
      000127 57                     337 	.db #0x57	; 87	'W'
      000128 D1                     338 	.db #0xd1	; 209
      000129 D1                     339 	.db #0xd1	; 209
      00012A FF                     340 	.db #0xff	; 255
      00012B FF                     341 	.db #0xff	; 255
      00012C F9                     342 	.db #0xf9	; 249
      00012D F9                     343 	.db #0xf9	; 249
      00012E F6                     344 	.db #0xf6	; 246
      00012F F6                     345 	.db #0xf6	; 246
      000130 F6                     346 	.db #0xf6	; 246
      000131 F6                     347 	.db #0xf6	; 246
      000132 F0                     348 	.db #0xf0	; 240
      000133 F0                     349 	.db #0xf0	; 240
      000134 F6                     350 	.db #0xf6	; 246
      000135 F6                     351 	.db #0xf6	; 246
      000136 FF                     352 	.db #0xff	; 255
      000137 FF                     353 	.db #0xff	; 255
      000138 FF                     354 	.db #0xff	; 255
      000139 FF                     355 	.db #0xff	; 255
      00013A FF                     356 	.db #0xff	; 255
      00013B FF                     357 	.db #0xff	; 255
      00013C 88                     358 	.db #0x88	; 136
      00013D 88                     359 	.db #0x88	; 136
      00013E DD                     360 	.db #0xdd	; 221
      00013F DD                     361 	.db #0xdd	; 221
      000140 DD                     362 	.db #0xdd	; 221
      000141 DD                     363 	.db #0xdd	; 221
      000142 DD                     364 	.db #0xdd	; 221
      000143 DD                     365 	.db #0xdd	; 221
      000144 DD                     366 	.db #0xdd	; 221
      000145 DD                     367 	.db #0xdd	; 221
      000146 FF                     368 	.db #0xff	; 255
      000147 FF                     369 	.db #0xff	; 255
      000148 FF                     370 	.db #0xff	; 255
      000149 FF                     371 	.db #0xff	; 255
      00014A FF                     372 	.db #0xff	; 255
      00014B FF                     373 	.db #0xff	; 255
      00014C CE                     374 	.db #0xce	; 206
      00014D CE                     375 	.db #0xce	; 206
      00014E B5                     376 	.db #0xb5	; 181
      00014F B5                     377 	.db #0xb5	; 181
      000150 B5                     378 	.db #0xb5	; 181
      000151 B5                     379 	.db #0xb5	; 181
      000152 85                     380 	.db #0x85	; 133
      000153 85                     381 	.db #0x85	; 133
      000154 B6                     382 	.db #0xb6	; 182
      000155 B6                     383 	.db #0xb6	; 182
      000156 FF                     384 	.db #0xff	; 255
      000157 FF                     385 	.db #0xff	; 255
      000158 FF                     386 	.db #0xff	; 255
      000159 FF                     387 	.db #0xff	; 255
      00015A FF                     388 	.db #0xff	; 255
      00015B FF                     389 	.db #0xff	; 255
      00015C 2D                     390 	.db #0x2d	; 45
      00015D 2D                     391 	.db #0x2d	; 45
      00015E EB                     392 	.db #0xeb	; 235
      00015F EB                     393 	.db #0xeb	; 235
      000160 E7                     394 	.db #0xe7	; 231
      000161 E7                     395 	.db #0xe7	; 231
      000162 EB                     396 	.db #0xeb	; 235
      000163 EB                     397 	.db #0xeb	; 235
      000164 2D                     398 	.db #0x2d	; 45
      000165 2D                     399 	.db #0x2d	; 45
      000166 FF                     400 	.db #0xff	; 255
      000167 FF                     401 	.db #0xff	; 255
      000168 FF                     402 	.db #0xff	; 255
      000169 FF                     403 	.db #0xff	; 255
      00016A FF                     404 	.db #0xff	; 255
      00016B FF                     405 	.db #0xff	; 255
      00016C 18                     406 	.db #0x18	; 24
      00016D 18                     407 	.db #0x18	; 24
      00016E 6B                     408 	.db #0x6b	; 107	'k'
      00016F 6B                     409 	.db #0x6b	; 107	'k'
      000170 69                     410 	.db #0x69	; 105	'i'
      000171 69                     411 	.db #0x69	; 105	'i'
      000172 6B                     412 	.db #0x6b	; 107	'k'
      000173 6B                     413 	.db #0x6b	; 107	'k'
      000174 18                     414 	.db #0x18	; 24
      000175 18                     415 	.db #0x18	; 24
      000176 FF                     416 	.db #0xff	; 255
      000177 FF                     417 	.db #0xff	; 255
      000178 FF                     418 	.db #0xff	; 255
      000179 FF                     419 	.db #0xff	; 255
      00017A FF                     420 	.db #0xff	; 255
      00017B FF                     421 	.db #0xff	; 255
      00017C 88                     422 	.db #0x88	; 136
      00017D 88                     423 	.db #0x88	; 136
      00017E BB                     424 	.db #0xbb	; 187
      00017F BB                     425 	.db #0xbb	; 187
      000180 99                     426 	.db #0x99	; 153
      000181 99                     427 	.db #0x99	; 153
      000182 BB                     428 	.db #0xbb	; 187
      000183 BB                     429 	.db #0xbb	; 187
      000184 B8                     430 	.db #0xb8	; 184
      000185 B8                     431 	.db #0xb8	; 184
      000186 FF                     432 	.db #0xff	; 255
      000187 FF                     433 	.db #0xff	; 255
      000188 FF                     434 	.db #0xff	; 255
      000189 FF                     435 	.db #0xff	; 255
      00018A FF                     436 	.db #0xff	; 255
      00018B FF                     437 	.db #0xff	; 255
      00018C B6                     438 	.db #0xb6	; 182
      00018D B6                     439 	.db #0xb6	; 182
      00018E 95                     440 	.db #0x95	; 149
      00018F 95                     441 	.db #0x95	; 149
      000190 A5                     442 	.db #0xa5	; 165
      000191 A5                     443 	.db #0xa5	; 165
      000192 B5                     444 	.db #0xb5	; 181
      000193 B5                     445 	.db #0xb5	; 181
      000194 B6                     446 	.db #0xb6	; 182
      000195 B6                     447 	.db #0xb6	; 182
      000196 FF                     448 	.db #0xff	; 255
      000197 FF                     449 	.db #0xff	; 255
      000198 FF                     450 	.db #0xff	; 255
      000199 FF                     451 	.db #0xff	; 255
      00019A FF                     452 	.db #0xff	; 255
      00019B FF                     453 	.db #0xff	; 255
      00019C 47                     454 	.db #0x47	; 71	'G'
      00019D 47                     455 	.db #0x47	; 71	'G'
      00019E DF                     456 	.db #0xdf	; 223
      00019F DF                     457 	.db #0xdf	; 223
      0001A0 CF                     458 	.db #0xcf	; 207
      0001A1 CF                     459 	.db #0xcf	; 207
      0001A2 DF                     460 	.db #0xdf	; 223
      0001A3 DF                     461 	.db #0xdf	; 223
      0001A4 47                     462 	.db #0x47	; 71	'G'
      0001A5 47                     463 	.db #0x47	; 71	'G'
      0001A6 FF                     464 	.db #0xff	; 255
      0001A7 FF                     465 	.db #0xff	; 255
      0001A8 FF                     466 	.db #0xff	; 255
      0001A9 FF                     467 	.db #0xff	; 255
      0001AA FF                     468 	.db #0xff	; 255
      0001AB FF                     469 	.db #0xff	; 255
      0001AC E0                     470 	.db #0xe0	; 224
      0001AD E0                     471 	.db #0xe0	; 224
      0001AE DF                     472 	.db #0xdf	; 223
      0001AF C0                     473 	.db #0xc0	; 192
      0001B0 BF                     474 	.db #0xbf	; 191
      0001B1 80                     475 	.db #0x80	; 128
      0001B2 BF                     476 	.db #0xbf	; 191
      0001B3 80                     477 	.db #0x80	; 128
      0001B4 BF                     478 	.db #0xbf	; 191
      0001B5 80                     479 	.db #0x80	; 128
      0001B6 BF                     480 	.db #0xbf	; 191
      0001B7 80                     481 	.db #0x80	; 128
      0001B8 BF                     482 	.db #0xbf	; 191
      0001B9 80                     483 	.db #0x80	; 128
      0001BA BF                     484 	.db #0xbf	; 191
      0001BB 80                     485 	.db #0x80	; 128
      0001BC BF                     486 	.db #0xbf	; 191
      0001BD 80                     487 	.db #0x80	; 128
      0001BE BF                     488 	.db #0xbf	; 191
      0001BF 80                     489 	.db #0x80	; 128
      0001C0 BF                     490 	.db #0xbf	; 191
      0001C1 80                     491 	.db #0x80	; 128
      0001C2 BF                     492 	.db #0xbf	; 191
      0001C3 80                     493 	.db #0x80	; 128
      0001C4 DF                     494 	.db #0xdf	; 223
      0001C5 C0                     495 	.db #0xc0	; 192
      0001C6 E0                     496 	.db #0xe0	; 224
      0001C7 E0                     497 	.db #0xe0	; 224
      0001C8 FF                     498 	.db #0xff	; 255
      0001C9 FF                     499 	.db #0xff	; 255
      0001CA FF                     500 	.db #0xff	; 255
      0001CB FF                     501 	.db #0xff	; 255
      0001CC 07                     502 	.db #0x07	; 7
      0001CD 07                     503 	.db #0x07	; 7
      0001CE FB                     504 	.db #0xfb	; 251
      0001CF 03                     505 	.db #0x03	; 3
      0001D0 FD                     506 	.db #0xfd	; 253
      0001D1 01                     507 	.db #0x01	; 1
      0001D2 FD                     508 	.db #0xfd	; 253
      0001D3 01                     509 	.db #0x01	; 1
      0001D4 FD                     510 	.db #0xfd	; 253
      0001D5 01                     511 	.db #0x01	; 1
      0001D6 FD                     512 	.db #0xfd	; 253
      0001D7 01                     513 	.db #0x01	; 1
      0001D8 FD                     514 	.db #0xfd	; 253
      0001D9 01                     515 	.db #0x01	; 1
      0001DA FD                     516 	.db #0xfd	; 253
      0001DB 01                     517 	.db #0x01	; 1
      0001DC FD                     518 	.db #0xfd	; 253
      0001DD 01                     519 	.db #0x01	; 1
      0001DE FD                     520 	.db #0xfd	; 253
      0001DF 01                     521 	.db #0x01	; 1
      0001E0 FD                     522 	.db #0xfd	; 253
      0001E1 01                     523 	.db #0x01	; 1
      0001E2 FD                     524 	.db #0xfd	; 253
      0001E3 01                     525 	.db #0x01	; 1
      0001E4 FB                     526 	.db #0xfb	; 251
      0001E5 03                     527 	.db #0x03	; 3
      0001E6 07                     528 	.db #0x07	; 7
      0001E7 07                     529 	.db #0x07	; 7
      0001E8 FF                     530 	.db #0xff	; 255
      0001E9 FF                     531 	.db #0xff	; 255
      0001EA FF                     532 	.db #0xff	; 255
      0001EB FF                     533 	.db #0xff	; 255
      0001EC E0                     534 	.db #0xe0	; 224
      0001ED E0                     535 	.db #0xe0	; 224
      0001EE DF                     536 	.db #0xdf	; 223
      0001EF C0                     537 	.db #0xc0	; 192
      0001F0 BF                     538 	.db #0xbf	; 191
      0001F1 80                     539 	.db #0x80	; 128
      0001F2 BF                     540 	.db #0xbf	; 191
      0001F3 80                     541 	.db #0x80	; 128
      0001F4 BF                     542 	.db #0xbf	; 191
      0001F5 80                     543 	.db #0x80	; 128
      0001F6 BF                     544 	.db #0xbf	; 191
      0001F7 80                     545 	.db #0x80	; 128
      0001F8 BF                     546 	.db #0xbf	; 191
      0001F9 80                     547 	.db #0x80	; 128
      0001FA BF                     548 	.db #0xbf	; 191
      0001FB 80                     549 	.db #0x80	; 128
      0001FC BF                     550 	.db #0xbf	; 191
      0001FD 80                     551 	.db #0x80	; 128
      0001FE BF                     552 	.db #0xbf	; 191
      0001FF 80                     553 	.db #0x80	; 128
      000200 BF                     554 	.db #0xbf	; 191
      000201 80                     555 	.db #0x80	; 128
      000202 BF                     556 	.db #0xbf	; 191
      000203 80                     557 	.db #0x80	; 128
      000204 DF                     558 	.db #0xdf	; 223
      000205 C0                     559 	.db #0xc0	; 192
      000206 E0                     560 	.db #0xe0	; 224
      000207 E0                     561 	.db #0xe0	; 224
      000208 FF                     562 	.db #0xff	; 255
      000209 FF                     563 	.db #0xff	; 255
      00020A FF                     564 	.db #0xff	; 255
      00020B FF                     565 	.db #0xff	; 255
      00020C 07                     566 	.db #0x07	; 7
      00020D 07                     567 	.db #0x07	; 7
      00020E FB                     568 	.db #0xfb	; 251
      00020F 03                     569 	.db #0x03	; 3
      000210 FD                     570 	.db #0xfd	; 253
      000211 01                     571 	.db #0x01	; 1
      000212 FD                     572 	.db #0xfd	; 253
      000213 01                     573 	.db #0x01	; 1
      000214 FD                     574 	.db #0xfd	; 253
      000215 01                     575 	.db #0x01	; 1
      000216 FD                     576 	.db #0xfd	; 253
      000217 01                     577 	.db #0x01	; 1
      000218 FD                     578 	.db #0xfd	; 253
      000219 01                     579 	.db #0x01	; 1
      00021A FD                     580 	.db #0xfd	; 253
      00021B 01                     581 	.db #0x01	; 1
      00021C FD                     582 	.db #0xfd	; 253
      00021D 01                     583 	.db #0x01	; 1
      00021E FD                     584 	.db #0xfd	; 253
      00021F 01                     585 	.db #0x01	; 1
      000220 FD                     586 	.db #0xfd	; 253
      000221 01                     587 	.db #0x01	; 1
      000222 FD                     588 	.db #0xfd	; 253
      000223 01                     589 	.db #0x01	; 1
      000224 FB                     590 	.db #0xfb	; 251
      000225 03                     591 	.db #0x03	; 3
      000226 07                     592 	.db #0x07	; 7
      000227 07                     593 	.db #0x07	; 7
      000228 FF                     594 	.db #0xff	; 255
      000229 FF                     595 	.db #0xff	; 255
      00022A FF                     596 	.db #0xff	; 255
      00022B FF                     597 	.db #0xff	; 255
      00022C E0                     598 	.db #0xe0	; 224
      00022D E0                     599 	.db #0xe0	; 224
      00022E DF                     600 	.db #0xdf	; 223
      00022F C0                     601 	.db #0xc0	; 192
      000230 BF                     602 	.db #0xbf	; 191
      000231 80                     603 	.db #0x80	; 128
      000232 BF                     604 	.db #0xbf	; 191
      000233 80                     605 	.db #0x80	; 128
      000234 BF                     606 	.db #0xbf	; 191
      000235 81                     607 	.db #0x81	; 129
      000236 BE                     608 	.db #0xbe	; 190
      000237 82                     609 	.db #0x82	; 130
      000238 B4                     610 	.db #0xb4	; 180
      000239 8D                     611 	.db #0x8d	; 141
      00023A BC                     612 	.db #0xbc	; 188
      00023B 8F                     613 	.db #0x8f	; 143
      00023C BB                     614 	.db #0xbb	; 187
      00023D 8F                     615 	.db #0x8f	; 143
      00023E B6                     616 	.db #0xb6	; 182
      00023F 9F                     617 	.db #0x9f	; 159
      000240 AF                     618 	.db #0xaf	; 175
      000241 B8                     619 	.db #0xb8	; 184
      000242 BF                     620 	.db #0xbf	; 191
      000243 B0                     621 	.db #0xb0	; 176
      000244 DF                     622 	.db #0xdf	; 223
      000245 C0                     623 	.db #0xc0	; 192
      000246 E0                     624 	.db #0xe0	; 224
      000247 E0                     625 	.db #0xe0	; 224
      000248 FF                     626 	.db #0xff	; 255
      000249 FF                     627 	.db #0xff	; 255
      00024A FF                     628 	.db #0xff	; 255
      00024B FF                     629 	.db #0xff	; 255
      00024C 07                     630 	.db #0x07	; 7
      00024D 07                     631 	.db #0x07	; 7
      00024E FB                     632 	.db #0xfb	; 251
      00024F 3B                     633 	.db #0x3b	; 59
      000250 CD                     634 	.db #0xcd	; 205
      000251 59                     635 	.db #0x59	; 89	'Y'
      000252 8D                     636 	.db #0x8d	; 141
      000253 B9                     637 	.db #0xb9	; 185
      000254 1D                     638 	.db #0x1d	; 29
      000255 71                     639 	.db #0x71	; 113	'q'
      000256 3D                     640 	.db #0x3d	; 61
      000257 E1                     641 	.db #0xe1	; 225
      000258 7D                     642 	.db #0x7d	; 125
      000259 C1                     643 	.db #0xc1	; 193
      00025A FD                     644 	.db #0xfd	; 253
      00025B 81                     645 	.db #0x81	; 129
      00025C FD                     646 	.db #0xfd	; 253
      00025D 01                     647 	.db #0x01	; 1
      00025E FD                     648 	.db #0xfd	; 253
      00025F 01                     649 	.db #0x01	; 1
      000260 FD                     650 	.db #0xfd	; 253
      000261 01                     651 	.db #0x01	; 1
      000262 FD                     652 	.db #0xfd	; 253
      000263 01                     653 	.db #0x01	; 1
      000264 FB                     654 	.db #0xfb	; 251
      000265 03                     655 	.db #0x03	; 3
      000266 07                     656 	.db #0x07	; 7
      000267 07                     657 	.db #0x07	; 7
      000268 FF                     658 	.db #0xff	; 255
      000269 FF                     659 	.db #0xff	; 255
      00026A FF                     660 	.db #0xff	; 255
      00026B FF                     661 	.db #0xff	; 255
      00026C E0                     662 	.db #0xe0	; 224
      00026D E0                     663 	.db #0xe0	; 224
      00026E DF                     664 	.db #0xdf	; 223
      00026F C0                     665 	.db #0xc0	; 192
      000270 BF                     666 	.db #0xbf	; 191
      000271 80                     667 	.db #0x80	; 128
      000272 BF                     668 	.db #0xbf	; 191
      000273 80                     669 	.db #0x80	; 128
      000274 BF                     670 	.db #0xbf	; 191
      000275 80                     671 	.db #0x80	; 128
      000276 FF                     672 	.db #0xff	; 255
      000277 FF                     673 	.db #0xff	; 255
      000278 00                     674 	.db #0x00	; 0
      000279 FF                     675 	.db #0xff	; 255
      00027A 00                     676 	.db #0x00	; 0
      00027B FF                     677 	.db #0xff	; 255
      00027C FF                     678 	.db #0xff	; 255
      00027D FF                     679 	.db #0xff	; 255
      00027E BF                     680 	.db #0xbf	; 191
      00027F 80                     681 	.db #0x80	; 128
      000280 BF                     682 	.db #0xbf	; 191
      000281 80                     683 	.db #0x80	; 128
      000282 BF                     684 	.db #0xbf	; 191
      000283 80                     685 	.db #0x80	; 128
      000284 DF                     686 	.db #0xdf	; 223
      000285 C0                     687 	.db #0xc0	; 192
      000286 E0                     688 	.db #0xe0	; 224
      000287 E0                     689 	.db #0xe0	; 224
      000288 FF                     690 	.db #0xff	; 255
      000289 FF                     691 	.db #0xff	; 255
      00028A FF                     692 	.db #0xff	; 255
      00028B FF                     693 	.db #0xff	; 255
      00028C 07                     694 	.db #0x07	; 7
      00028D 07                     695 	.db #0x07	; 7
      00028E FB                     696 	.db #0xfb	; 251
      00028F 03                     697 	.db #0x03	; 3
      000290 FD                     698 	.db #0xfd	; 253
      000291 01                     699 	.db #0x01	; 1
      000292 FD                     700 	.db #0xfd	; 253
      000293 7D                     701 	.db #0x7d	; 125
      000294 FB                     702 	.db #0xfb	; 251
      000295 0B                     703 	.db #0x0b	; 11
      000296 F5                     704 	.db #0xf5	; 245
      000297 F5                     705 	.db #0xf5	; 245
      000298 18                     706 	.db #0x18	; 24
      000299 F8                     707 	.db #0xf8	; 248
      00029A 18                     708 	.db #0x18	; 24
      00029B F8                     709 	.db #0xf8	; 248
      00029C F5                     710 	.db #0xf5	; 245
      00029D F5                     711 	.db #0xf5	; 245
      00029E FB                     712 	.db #0xfb	; 251
      00029F 0B                     713 	.db #0x0b	; 11
      0002A0 FD                     714 	.db #0xfd	; 253
      0002A1 7D                     715 	.db #0x7d	; 125
      0002A2 FD                     716 	.db #0xfd	; 253
      0002A3 01                     717 	.db #0x01	; 1
      0002A4 FB                     718 	.db #0xfb	; 251
      0002A5 03                     719 	.db #0x03	; 3
      0002A6 07                     720 	.db #0x07	; 7
      0002A7 07                     721 	.db #0x07	; 7
      0002A8 FF                     722 	.db #0xff	; 255
      0002A9 FF                     723 	.db #0xff	; 255
      0002AA FF                     724 	.db #0xff	; 255
      0002AB FF                     725 	.db #0xff	; 255
      0002AC E0                     726 	.db #0xe0	; 224
      0002AD E0                     727 	.db #0xe0	; 224
      0002AE DF                     728 	.db #0xdf	; 223
      0002AF C0                     729 	.db #0xc0	; 192
      0002B0 BF                     730 	.db #0xbf	; 191
      0002B1 81                     731 	.db #0x81	; 129
      0002B2 BE                     732 	.db #0xbe	; 190
      0002B3 83                     733 	.db #0x83	; 131
      0002B4 BC                     734 	.db #0xbc	; 188
      0002B5 87                     735 	.db #0x87	; 135
      0002B6 B8                     736 	.db #0xb8	; 184
      0002B7 8F                     737 	.db #0x8f	; 143
      0002B8 B2                     738 	.db #0xb2	; 178
      0002B9 9D                     739 	.db #0x9d	; 157
      0002BA B7                     740 	.db #0xb7	; 183
      0002BB 98                     741 	.db #0x98	; 152
      0002BC B7                     742 	.db #0xb7	; 183
      0002BD 98                     743 	.db #0x98	; 152
      0002BE B3                     744 	.db #0xb3	; 179
      0002BF 9C                     745 	.db #0x9c	; 156
      0002C0 BB                     746 	.db #0xbb	; 187
      0002C1 8C                     747 	.db #0x8c	; 140
      0002C2 BF                     748 	.db #0xbf	; 191
      0002C3 84                     749 	.db #0x84	; 132
      0002C4 DF                     750 	.db #0xdf	; 223
      0002C5 C3                     751 	.db #0xc3	; 195
      0002C6 E0                     752 	.db #0xe0	; 224
      0002C7 E0                     753 	.db #0xe0	; 224
      0002C8 FF                     754 	.db #0xff	; 255
      0002C9 FF                     755 	.db #0xff	; 255
      0002CA FF                     756 	.db #0xff	; 255
      0002CB FF                     757 	.db #0xff	; 255
      0002CC 07                     758 	.db #0x07	; 7
      0002CD 07                     759 	.db #0x07	; 7
      0002CE FB                     760 	.db #0xfb	; 251
      0002CF 83                     761 	.db #0x83	; 131
      0002D0 7D                     762 	.db #0x7d	; 125
      0002D1 C1                     763 	.db #0xc1	; 193
      0002D2 7D                     764 	.db #0x7d	; 125
      0002D3 C1                     765 	.db #0xc1	; 193
      0002D4 FD                     766 	.db #0xfd	; 253
      0002D5 81                     767 	.db #0x81	; 129
      0002D6 FD                     768 	.db #0xfd	; 253
      0002D7 91                     769 	.db #0x91	; 145
      0002D8 6D                     770 	.db #0x6d	; 109	'm'
      0002D9 F9                     771 	.db #0xf9	; 249
      0002DA 0D                     772 	.db #0x0d	; 13
      0002DB F9                     773 	.db #0xf9	; 249
      0002DC AD                     774 	.db #0xad	; 173
      0002DD 59                     775 	.db #0x59	; 89	'Y'
      0002DE ED                     776 	.db #0xed	; 237
      0002DF 19                     777 	.db #0x19	; 25
      0002E0 DD                     778 	.db #0xdd	; 221
      0002E1 31                     779 	.db #0x31	; 49	'1'
      0002E2 FD                     780 	.db #0xfd	; 253
      0002E3 21                     781 	.db #0x21	; 33
      0002E4 FB                     782 	.db #0xfb	; 251
      0002E5 C3                     783 	.db #0xc3	; 195
      0002E6 07                     784 	.db #0x07	; 7
      0002E7 07                     785 	.db #0x07	; 7
      0002E8 FF                     786 	.db #0xff	; 255
      0002E9 FF                     787 	.db #0xff	; 255
      0002EA FF                     788 	.db #0xff	; 255
      0002EB FF                     789 	.db #0xff	; 255
      0002EC E0                     790 	.db #0xe0	; 224
      0002ED E0                     791 	.db #0xe0	; 224
      0002EE DF                     792 	.db #0xdf	; 223
      0002EF C3                     793 	.db #0xc3	; 195
      0002F0 BF                     794 	.db #0xbf	; 191
      0002F1 84                     795 	.db #0x84	; 132
      0002F2 BB                     796 	.db #0xbb	; 187
      0002F3 8C                     797 	.db #0x8c	; 140
      0002F4 B7                     798 	.db #0xb7	; 183
      0002F5 98                     799 	.db #0x98	; 152
      0002F6 BD                     800 	.db #0xbd	; 189
      0002F7 92                     801 	.db #0x92	; 146
      0002F8 BC                     802 	.db #0xbc	; 188
      0002F9 97                     803 	.db #0x97	; 151
      0002FA BF                     804 	.db #0xbf	; 191
      0002FB 97                     805 	.db #0x97	; 151
      0002FC B7                     806 	.db #0xb7	; 183
      0002FD 9F                     807 	.db #0x9f	; 159
      0002FE B7                     808 	.db #0xb7	; 183
      0002FF 99                     809 	.db #0x99	; 153
      000300 B1                     810 	.db #0xb1	; 177
      000301 9F                     811 	.db #0x9f	; 159
      000302 B9                     812 	.db #0xb9	; 185
      000303 8F                     813 	.db #0x8f	; 143
      000304 DF                     814 	.db #0xdf	; 223
      000305 C6                     815 	.db #0xc6	; 198
      000306 E0                     816 	.db #0xe0	; 224
      000307 E0                     817 	.db #0xe0	; 224
      000308 FF                     818 	.db #0xff	; 255
      000309 FF                     819 	.db #0xff	; 255
      00030A FF                     820 	.db #0xff	; 255
      00030B FF                     821 	.db #0xff	; 255
      00030C 07                     822 	.db #0x07	; 7
      00030D 07                     823 	.db #0x07	; 7
      00030E FB                     824 	.db #0xfb	; 251
      00030F C3                     825 	.db #0xc3	; 195
      000310 F9                     826 	.db #0xf9	; 249
      000311 21                     827 	.db #0x21	; 33
      000312 1D                     828 	.db #0x1d	; 29
      000313 31                     829 	.db #0x31	; 49	'1'
      000314 AD                     830 	.db #0xad	; 173
      000315 19                     831 	.db #0x19	; 25
      000316 BD                     832 	.db #0xbd	; 189
      000317 49                     833 	.db #0x49	; 73	'I'
      000318 3D                     834 	.db #0x3d	; 61
      000319 E9                     835 	.db #0xe9	; 233
      00031A FD                     836 	.db #0xfd	; 253
      00031B E9                     837 	.db #0xe9	; 233
      00031C ED                     838 	.db #0xed	; 237
      00031D F9                     839 	.db #0xf9	; 249
      00031E ED                     840 	.db #0xed	; 237
      00031F 99                     841 	.db #0x99	; 153
      000320 8D                     842 	.db #0x8d	; 141
      000321 F9                     843 	.db #0xf9	; 249
      000322 9D                     844 	.db #0x9d	; 157
      000323 F1                     845 	.db #0xf1	; 241
      000324 FB                     846 	.db #0xfb	; 251
      000325 63                     847 	.db #0x63	; 99	'c'
      000326 07                     848 	.db #0x07	; 7
      000327 07                     849 	.db #0x07	; 7
      000328 FF                     850 	.db #0xff	; 255
      000329 FF                     851 	.db #0xff	; 255
      00032A FF                     852 	.db #0xff	; 255
      00032B FF                     853 	.db #0xff	; 255
      00032C FF                     854 	.db #0xff	; 255
      00032D FF                     855 	.db #0xff	; 255
      00032E E0                     856 	.db #0xe0	; 224
      00032F E0                     857 	.db #0xe0	; 224
      000330 DF                     858 	.db #0xdf	; 223
      000331 C3                     859 	.db #0xc3	; 195
      000332 BF                     860 	.db #0xbf	; 191
      000333 84                     861 	.db #0x84	; 132
      000334 B9                     862 	.db #0xb9	; 185
      000335 8E                     863 	.db #0x8e	; 142
      000336 BF                     864 	.db #0xbf	; 191
      000337 90                     865 	.db #0x90	; 144
      000338 B1                     866 	.db #0xb1	; 177
      000339 9F                     867 	.db #0x9f	; 159
      00033A BF                     868 	.db #0xbf	; 191
      00033B 91                     869 	.db #0x91	; 145
      00033C BC                     870 	.db #0xbc	; 188
      00033D 93                     871 	.db #0x93	; 147
      00033E BF                     872 	.db #0xbf	; 191
      00033F 88                     873 	.db #0x88	; 136
      000340 BF                     874 	.db #0xbf	; 191
      000341 84                     875 	.db #0x84	; 132
      000342 DF                     876 	.db #0xdf	; 223
      000343 C3                     877 	.db #0xc3	; 195
      000344 E0                     878 	.db #0xe0	; 224
      000345 E0                     879 	.db #0xe0	; 224
      000346 FF                     880 	.db #0xff	; 255
      000347 FF                     881 	.db #0xff	; 255
      000348 FF                     882 	.db #0xff	; 255
      000349 FF                     883 	.db #0xff	; 255
      00034A FF                     884 	.db #0xff	; 255
      00034B FF                     885 	.db #0xff	; 255
      00034C FF                     886 	.db #0xff	; 255
      00034D FF                     887 	.db #0xff	; 255
      00034E 07                     888 	.db #0x07	; 7
      00034F 07                     889 	.db #0x07	; 7
      000350 FB                     890 	.db #0xfb	; 251
      000351 C3                     891 	.db #0xc3	; 195
      000352 FD                     892 	.db #0xfd	; 253
      000353 21                     893 	.db #0x21	; 33
      000354 FD                     894 	.db #0xfd	; 253
      000355 11                     895 	.db #0x11	; 17
      000356 9D                     896 	.db #0x9d	; 157
      000357 69                     897 	.db #0x69	; 105	'i'
      000358 FD                     898 	.db #0xfd	; 253
      000359 89                     899 	.db #0x89	; 137
      00035A CD                     900 	.db #0xcd	; 205
      00035B B9                     901 	.db #0xb9	; 185
      00035C FD                     902 	.db #0xfd	; 253
      00035D 09                     903 	.db #0x09	; 9
      00035E 9D                     904 	.db #0x9d	; 157
      00035F 71                     905 	.db #0x71	; 113	'q'
      000360 FD                     906 	.db #0xfd	; 253
      000361 21                     907 	.db #0x21	; 33
      000362 FB                     908 	.db #0xfb	; 251
      000363 C3                     909 	.db #0xc3	; 195
      000364 07                     910 	.db #0x07	; 7
      000365 07                     911 	.db #0x07	; 7
      000366 FF                     912 	.db #0xff	; 255
      000367 FF                     913 	.db #0xff	; 255
      000368 FF                     914 	.db #0xff	; 255
      000369 FF                     915 	.db #0xff	; 255
      00036A FF                     916 	.db #0xff	; 255
      00036B FF                     917 	.db #0xff	; 255
      00036C FB                     918 	.db #0xfb	; 251
      00036D FB                     919 	.db #0xfb	; 251
      00036E F9                     920 	.db #0xf9	; 249
      00036F F9                     921 	.db #0xf9	; 249
      000370 E0                     922 	.db #0xe0	; 224
      000371 E0                     923 	.db #0xe0	; 224
      000372 D9                     924 	.db #0xd9	; 217
      000373 C0                     925 	.db #0xc0	; 192
      000374 DB                     926 	.db #0xdb	; 219
      000375 D9                     927 	.db #0xd9	; 217
      000376 BF                     928 	.db #0xbf	; 191
      000377 9B                     929 	.db #0x9b	; 155
      000378 BF                     930 	.db #0xbf	; 191
      000379 BF                     931 	.db #0xbf	; 191
      00037A BF                     932 	.db #0xbf	; 191
      00037B BF                     933 	.db #0xbf	; 191
      00037C BF                     934 	.db #0xbf	; 191
      00037D BF                     935 	.db #0xbf	; 191
      00037E DE                     936 	.db #0xde	; 222
      00037F 9E                     937 	.db #0x9e	; 158
      000380 E1                     938 	.db #0xe1	; 225
      000381 C0                     939 	.db #0xc0	; 192
      000382 FF                     940 	.db #0xff	; 255
      000383 E1                     941 	.db #0xe1	; 225
      000384 FF                     942 	.db #0xff	; 255
      000385 FF                     943 	.db #0xff	; 255
      000386 FF                     944 	.db #0xff	; 255
      000387 FF                     945 	.db #0xff	; 255
      000388 FF                     946 	.db #0xff	; 255
      000389 FF                     947 	.db #0xff	; 255
      00038A E3                     948 	.db #0xe3	; 227
      00038B E3                     949 	.db #0xe3	; 227
      00038C 9D                     950 	.db #0x9d	; 157
      00038D 9D                     951 	.db #0x9d	; 157
      00038E 7D                     952 	.db #0x7d	; 125
      00038F 7D                     953 	.db #0x7d	; 125
      000390 69                     954 	.db #0x69	; 105	'i'
      000391 69                     955 	.db #0x69	; 105	'i'
      000392 9D                     956 	.db #0x9d	; 157
      000393 91                     957 	.db #0x91	; 145
      000394 E3                     958 	.db #0xe3	; 227
      000395 F7                     959 	.db #0xf7	; 247
      000396 C7                     960 	.db #0xc7	; 199
      000397 EF                     961 	.db #0xef	; 239
      000398 CF                     962 	.db #0xcf	; 207
      000399 FF                     963 	.db #0xff	; 255
      00039A FF                     964 	.db #0xff	; 255
      00039B FF                     965 	.db #0xff	; 255
      00039C FF                     966 	.db #0xff	; 255
      00039D FF                     967 	.db #0xff	; 255
      00039E F2                     968 	.db #0xf2	; 242
      00039F F2                     969 	.db #0xf2	; 242
      0003A0 F1                     970 	.db #0xf1	; 241
      0003A1 F1                     971 	.db #0xf1	; 241
      0003A2 F0                     972 	.db #0xf0	; 240
      0003A3 F0                     973 	.db #0xf0	; 240
      0003A4 F0                     974 	.db #0xf0	; 240
      0003A5 F0                     975 	.db #0xf0	; 240
      0003A6 F1                     976 	.db #0xf1	; 241
      0003A7 F1                     977 	.db #0xf1	; 241
      0003A8 F2                     978 	.db #0xf2	; 242
      0003A9 F2                     979 	.db #0xf2	; 242
      0003AA FF                     980 	.db #0xff	; 255
      0003AB FF                     981 	.db #0xff	; 255
      0003AC FF                     982 	.db #0xff	; 255
      0003AD FF                     983 	.db #0xff	; 255
      0003AE 00                     984 	.db #0x00	; 0
      0003AF 00                     985 	.db #0x00	; 0
      0003B0 00                     986 	.db #0x00	; 0
      0003B1 00                     987 	.db #0x00	; 0
      0003B2 00                     988 	.db #0x00	; 0
      0003B3 00                     989 	.db #0x00	; 0
      0003B4 00                     990 	.db #0x00	; 0
      0003B5 00                     991 	.db #0x00	; 0
      0003B6 00                     992 	.db #0x00	; 0
      0003B7 00                     993 	.db #0x00	; 0
      0003B8 00                     994 	.db #0x00	; 0
      0003B9 00                     995 	.db #0x00	; 0
      0003BA FF                     996 	.db #0xff	; 255
      0003BB FF                     997 	.db #0xff	; 255
      0003BC FF                     998 	.db #0xff	; 255
      0003BD FF                     999 	.db #0xff	; 255
      0003BE 00                    1000 	.db #0x00	; 0
      0003BF 00                    1001 	.db #0x00	; 0
      0003C0 01                    1002 	.db #0x01	; 1
      0003C1 01                    1003 	.db #0x01	; 1
      0003C2 01                    1004 	.db #0x01	; 1
      0003C3 01                    1005 	.db #0x01	; 1
      0003C4 01                    1006 	.db #0x01	; 1
      0003C5 01                    1007 	.db #0x01	; 1
      0003C6 01                    1008 	.db #0x01	; 1
      0003C7 01                    1009 	.db #0x01	; 1
      0003C8 00                    1010 	.db #0x00	; 0
      0003C9 00                    1011 	.db #0x00	; 0
      0003CA FF                    1012 	.db #0xff	; 255
      0003CB FF                    1013 	.db #0xff	; 255
      0003CC FF                    1014 	.db #0xff	; 255
      0003CD FF                    1015 	.db #0xff	; 255
      0003CE 00                    1016 	.db #0x00	; 0
      0003CF 00                    1017 	.db #0x00	; 0
      0003D0 03                    1018 	.db #0x03	; 3
      0003D1 03                    1019 	.db #0x03	; 3
      0003D2 03                    1020 	.db #0x03	; 3
      0003D3 03                    1021 	.db #0x03	; 3
      0003D4 03                    1022 	.db #0x03	; 3
      0003D5 03                    1023 	.db #0x03	; 3
      0003D6 03                    1024 	.db #0x03	; 3
      0003D7 03                    1025 	.db #0x03	; 3
      0003D8 00                    1026 	.db #0x00	; 0
      0003D9 00                    1027 	.db #0x00	; 0
      0003DA FF                    1028 	.db #0xff	; 255
      0003DB FF                    1029 	.db #0xff	; 255
      0003DC FF                    1030 	.db #0xff	; 255
      0003DD FF                    1031 	.db #0xff	; 255
      0003DE 00                    1032 	.db #0x00	; 0
      0003DF 00                    1033 	.db #0x00	; 0
      0003E0 07                    1034 	.db #0x07	; 7
      0003E1 07                    1035 	.db #0x07	; 7
      0003E2 07                    1036 	.db #0x07	; 7
      0003E3 07                    1037 	.db #0x07	; 7
      0003E4 07                    1038 	.db #0x07	; 7
      0003E5 07                    1039 	.db #0x07	; 7
      0003E6 07                    1040 	.db #0x07	; 7
      0003E7 07                    1041 	.db #0x07	; 7
      0003E8 00                    1042 	.db #0x00	; 0
      0003E9 00                    1043 	.db #0x00	; 0
      0003EA FF                    1044 	.db #0xff	; 255
      0003EB FF                    1045 	.db #0xff	; 255
      0003EC FF                    1046 	.db #0xff	; 255
      0003ED FF                    1047 	.db #0xff	; 255
      0003EE 00                    1048 	.db #0x00	; 0
      0003EF 00                    1049 	.db #0x00	; 0
      0003F0 0F                    1050 	.db #0x0f	; 15
      0003F1 0F                    1051 	.db #0x0f	; 15
      0003F2 0F                    1052 	.db #0x0f	; 15
      0003F3 0F                    1053 	.db #0x0f	; 15
      0003F4 0F                    1054 	.db #0x0f	; 15
      0003F5 0F                    1055 	.db #0x0f	; 15
      0003F6 0F                    1056 	.db #0x0f	; 15
      0003F7 0F                    1057 	.db #0x0f	; 15
      0003F8 00                    1058 	.db #0x00	; 0
      0003F9 00                    1059 	.db #0x00	; 0
      0003FA FF                    1060 	.db #0xff	; 255
      0003FB FF                    1061 	.db #0xff	; 255
      0003FC FF                    1062 	.db #0xff	; 255
      0003FD FF                    1063 	.db #0xff	; 255
      0003FE 00                    1064 	.db #0x00	; 0
      0003FF 00                    1065 	.db #0x00	; 0
      000400 1F                    1066 	.db #0x1f	; 31
      000401 1F                    1067 	.db #0x1f	; 31
      000402 1F                    1068 	.db #0x1f	; 31
      000403 1F                    1069 	.db #0x1f	; 31
      000404 1F                    1070 	.db #0x1f	; 31
      000405 1F                    1071 	.db #0x1f	; 31
      000406 1F                    1072 	.db #0x1f	; 31
      000407 1F                    1073 	.db #0x1f	; 31
      000408 00                    1074 	.db #0x00	; 0
      000409 00                    1075 	.db #0x00	; 0
      00040A FF                    1076 	.db #0xff	; 255
      00040B FF                    1077 	.db #0xff	; 255
      00040C FF                    1078 	.db #0xff	; 255
      00040D FF                    1079 	.db #0xff	; 255
      00040E 00                    1080 	.db #0x00	; 0
      00040F 00                    1081 	.db #0x00	; 0
      000410 3F                    1082 	.db #0x3f	; 63
      000411 3F                    1083 	.db #0x3f	; 63
      000412 3F                    1084 	.db #0x3f	; 63
      000413 3F                    1085 	.db #0x3f	; 63
      000414 3F                    1086 	.db #0x3f	; 63
      000415 3F                    1087 	.db #0x3f	; 63
      000416 3F                    1088 	.db #0x3f	; 63
      000417 3F                    1089 	.db #0x3f	; 63
      000418 00                    1090 	.db #0x00	; 0
      000419 00                    1091 	.db #0x00	; 0
      00041A FF                    1092 	.db #0xff	; 255
      00041B FF                    1093 	.db #0xff	; 255
      00041C FF                    1094 	.db #0xff	; 255
      00041D FF                    1095 	.db #0xff	; 255
      00041E 00                    1096 	.db #0x00	; 0
      00041F 00                    1097 	.db #0x00	; 0
      000420 7F                    1098 	.db #0x7f	; 127
      000421 7F                    1099 	.db #0x7f	; 127
      000422 7F                    1100 	.db #0x7f	; 127
      000423 7F                    1101 	.db #0x7f	; 127
      000424 7F                    1102 	.db #0x7f	; 127
      000425 7F                    1103 	.db #0x7f	; 127
      000426 7F                    1104 	.db #0x7f	; 127
      000427 7F                    1105 	.db #0x7f	; 127
      000428 00                    1106 	.db #0x00	; 0
      000429 00                    1107 	.db #0x00	; 0
      00042A FF                    1108 	.db #0xff	; 255
      00042B FF                    1109 	.db #0xff	; 255
      00042C FF                    1110 	.db #0xff	; 255
      00042D FF                    1111 	.db #0xff	; 255
      00042E 00                    1112 	.db #0x00	; 0
      00042F 00                    1113 	.db #0x00	; 0
      000430 FF                    1114 	.db #0xff	; 255
      000431 FF                    1115 	.db #0xff	; 255
      000432 FF                    1116 	.db #0xff	; 255
      000433 FF                    1117 	.db #0xff	; 255
      000434 FF                    1118 	.db #0xff	; 255
      000435 FF                    1119 	.db #0xff	; 255
      000436 FF                    1120 	.db #0xff	; 255
      000437 FF                    1121 	.db #0xff	; 255
      000438 00                    1122 	.db #0x00	; 0
      000439 00                    1123 	.db #0x00	; 0
      00043A FF                    1124 	.db #0xff	; 255
      00043B FF                    1125 	.db #0xff	; 255
      00043C FF                    1126 	.db #0xff	; 255
      00043D FF                    1127 	.db #0xff	; 255
      00043E 4F                    1128 	.db #0x4f	; 79	'O'
      00043F 4F                    1129 	.db #0x4f	; 79	'O'
      000440 8F                    1130 	.db #0x8f	; 143
      000441 8F                    1131 	.db #0x8f	; 143
      000442 0F                    1132 	.db #0x0f	; 15
      000443 0F                    1133 	.db #0x0f	; 15
      000444 0F                    1134 	.db #0x0f	; 15
      000445 0F                    1135 	.db #0x0f	; 15
      000446 8F                    1136 	.db #0x8f	; 143
      000447 8F                    1137 	.db #0x8f	; 143
      000448 4F                    1138 	.db #0x4f	; 79	'O'
      000449 4F                    1139 	.db #0x4f	; 79	'O'
      00044A FF                    1140 	.db #0xff	; 255
      00044B FF                    1141 	.db #0xff	; 255
      00044C FF                    1142 	.db #0xff	; 255
      00044D FF                    1143 	.db #0xff	; 255
      00044E 81                    1144 	.db #0x81	; 129
      00044F 81                    1145 	.db #0x81	; 129
      000450 C3                    1146 	.db #0xc3	; 195
      000451 C3                    1147 	.db #0xc3	; 195
      000452 E7                    1148 	.db #0xe7	; 231
      000453 E7                    1149 	.db #0xe7	; 231
      000454 D3                    1150 	.db #0xd3	; 211
      000455 C3                    1151 	.db #0xc3	; 195
      000456 BD                    1152 	.db #0xbd	; 189
      000457 81                    1153 	.db #0x81	; 129
      000458 81                    1154 	.db #0x81	; 129
      000459 FF                    1155 	.db #0xff	; 255
      00045A FF                    1156 	.db #0xff	; 255
      00045B FF                    1157 	.db #0xff	; 255
      00045C FF                    1158 	.db #0xff	; 255
      00045D FF                    1159 	.db #0xff	; 255
      00045E FB                    1160 	.db #0xfb	; 251
      00045F FB                    1161 	.db #0xfb	; 251
      000460 81                    1162 	.db #0x81	; 129
      000461 81                    1163 	.db #0x81	; 129
      000462 80                    1164 	.db #0x80	; 128
      000463 80                    1165 	.db #0x80	; 128
      000464 81                    1166 	.db #0x81	; 129
      000465 81                    1167 	.db #0x81	; 129
      000466 FB                    1168 	.db #0xfb	; 251
      000467 FB                    1169 	.db #0xfb	; 251
      000468 FF                    1170 	.db #0xff	; 255
      000469 FF                    1171 	.db #0xff	; 255
      00046A FF                    1172 	.db #0xff	; 255
      00046B FF                    1173 	.db #0xff	; 255
      00046C E0                    1174 	.db #0xe0	; 224
      00046D E0                    1175 	.db #0xe0	; 224
      00046E F0                    1176 	.db #0xf0	; 240
      00046F F0                    1177 	.db #0xf0	; 240
      000470 C0                    1178 	.db #0xc0	; 192
      000471 C0                    1179 	.db #0xc0	; 192
      000472 06                    1180 	.db #0x06	; 6
      000473 06                    1181 	.db #0x06	; 6
      000474 1F                    1182 	.db #0x1f	; 31
      000475 1F                    1183 	.db #0x1f	; 31
      000476 FF                    1184 	.db #0xff	; 255
      000477 FF                    1185 	.db #0xff	; 255
      000478 FF                    1186 	.db #0xff	; 255
      000479 FF                    1187 	.db #0xff	; 255
      00047A F3                    1188 	.db #0xf3	; 243
      00047B F3                    1189 	.db #0xf3	; 243
      00047C C1                    1190 	.db #0xc1	; 193
      00047D C1                    1191 	.db #0xc1	; 193
      00047E 80                    1192 	.db #0x80	; 128
      00047F 80                    1193 	.db #0x80	; 128
      000480 E0                    1194 	.db #0xe0	; 224
      000481 E0                    1195 	.db #0xe0	; 224
      000482 C7                    1196 	.db #0xc7	; 199
      000483 C7                    1197 	.db #0xc7	; 199
      000484 8F                    1198 	.db #0x8f	; 143
      000485 8F                    1199 	.db #0x8f	; 143
      000486 8F                    1200 	.db #0x8f	; 143
      000487 8F                    1201 	.db #0x8f	; 143
      000488 FF                    1202 	.db #0xff	; 255
      000489 FF                    1203 	.db #0xff	; 255
      00048A F7                    1204 	.db #0xf7	; 247
      00048B F7                    1205 	.db #0xf7	; 247
      00048C E3                    1206 	.db #0xe3	; 227
      00048D E3                    1207 	.db #0xe3	; 227
      00048E C1                    1208 	.db #0xc1	; 193
      00048F C1                    1209 	.db #0xc1	; 193
      000490 E3                    1210 	.db #0xe3	; 227
      000491 E3                    1211 	.db #0xe3	; 227
      000492 E3                    1212 	.db #0xe3	; 227
      000493 E3                    1213 	.db #0xe3	; 227
      000494 E3                    1214 	.db #0xe3	; 227
      000495 E3                    1215 	.db #0xe3	; 227
      000496 E3                    1216 	.db #0xe3	; 227
      000497 E3                    1217 	.db #0xe3	; 227
      000498 FF                    1218 	.db #0xff	; 255
      000499 FF                    1219 	.db #0xff	; 255
      00049A CF                    1220 	.db #0xcf	; 207
      00049B CF                    1221 	.db #0xcf	; 207
      00049C 83                    1222 	.db #0x83	; 131
      00049D 83                    1223 	.db #0x83	; 131
      00049E 01                    1224 	.db #0x01	; 1
      00049F 01                    1225 	.db #0x01	; 1
      0004A0 07                    1226 	.db #0x07	; 7
      0004A1 07                    1227 	.db #0x07	; 7
      0004A2 E3                    1228 	.db #0xe3	; 227
      0004A3 E3                    1229 	.db #0xe3	; 227
      0004A4 F1                    1230 	.db #0xf1	; 241
      0004A5 F1                    1231 	.db #0xf1	; 241
      0004A6 F1                    1232 	.db #0xf1	; 241
      0004A7 F1                    1233 	.db #0xf1	; 241
      0004A8 FF                    1234 	.db #0xff	; 255
      0004A9 FF                    1235 	.db #0xff	; 255
      0004AA FF                    1236 	.db #0xff	; 255
      0004AB FF                    1237 	.db #0xff	; 255
      0004AC 07                    1238 	.db #0x07	; 7
      0004AD 07                    1239 	.db #0x07	; 7
      0004AE 0F                    1240 	.db #0x0f	; 15
      0004AF 0F                    1241 	.db #0x0f	; 15
      0004B0 03                    1242 	.db #0x03	; 3
      0004B1 03                    1243 	.db #0x03	; 3
      0004B2 60                    1244 	.db #0x60	; 96
      0004B3 60                    1245 	.db #0x60	; 96
      0004B4 F8                    1246 	.db #0xf8	; 248
      0004B5 F8                    1247 	.db #0xf8	; 248
      0004B6 FF                    1248 	.db #0xff	; 255
      0004B7 FF                    1249 	.db #0xff	; 255
      0004B8 FF                    1250 	.db #0xff	; 255
      0004B9 FF                    1251 	.db #0xff	; 255
      0004BA FF                    1252 	.db #0xff	; 255
      0004BB FF                    1253 	.db #0xff	; 255
      0004BC FF                    1254 	.db #0xff	; 255
      0004BD FF                    1255 	.db #0xff	; 255
      0004BE DF                    1256 	.db #0xdf	; 223
      0004BF DF                    1257 	.db #0xdf	; 223
      0004C0 81                    1258 	.db #0x81	; 129
      0004C1 81                    1259 	.db #0x81	; 129
      0004C2 01                    1260 	.db #0x01	; 1
      0004C3 01                    1261 	.db #0x01	; 1
      0004C4 81                    1262 	.db #0x81	; 129
      0004C5 81                    1263 	.db #0x81	; 129
      0004C6 DF                    1264 	.db #0xdf	; 223
      0004C7 DF                    1265 	.db #0xdf	; 223
      0004C8 FF                    1266 	.db #0xff	; 255
      0004C9 FF                    1267 	.db #0xff	; 255
      0004CA FF                    1268 	.db #0xff	; 255
      0004CB FF                    1269 	.db #0xff	; 255
      0004CC FF                    1270 	.db #0xff	; 255
      0004CD FF                    1271 	.db #0xff	; 255
      0004CE F8                    1272 	.db #0xf8	; 248
      0004CF F8                    1273 	.db #0xf8	; 248
      0004D0 60                    1274 	.db #0x60	; 96
      0004D1 60                    1275 	.db #0x60	; 96
      0004D2 03                    1276 	.db #0x03	; 3
      0004D3 03                    1277 	.db #0x03	; 3
      0004D4 0F                    1278 	.db #0x0f	; 15
      0004D5 0F                    1279 	.db #0x0f	; 15
      0004D6 07                    1280 	.db #0x07	; 7
      0004D7 07                    1281 	.db #0x07	; 7
      0004D8 FF                    1282 	.db #0xff	; 255
      0004D9 FF                    1283 	.db #0xff	; 255
      0004DA FF                    1284 	.db #0xff	; 255
      0004DB FF                    1285 	.db #0xff	; 255
      0004DC F1                    1286 	.db #0xf1	; 241
      0004DD F1                    1287 	.db #0xf1	; 241
      0004DE F1                    1288 	.db #0xf1	; 241
      0004DF F1                    1289 	.db #0xf1	; 241
      0004E0 E3                    1290 	.db #0xe3	; 227
      0004E1 E3                    1291 	.db #0xe3	; 227
      0004E2 07                    1292 	.db #0x07	; 7
      0004E3 07                    1293 	.db #0x07	; 7
      0004E4 01                    1294 	.db #0x01	; 1
      0004E5 01                    1295 	.db #0x01	; 1
      0004E6 83                    1296 	.db #0x83	; 131
      0004E7 83                    1297 	.db #0x83	; 131
      0004E8 CF                    1298 	.db #0xcf	; 207
      0004E9 CF                    1299 	.db #0xcf	; 207
      0004EA FF                    1300 	.db #0xff	; 255
      0004EB FF                    1301 	.db #0xff	; 255
      0004EC E3                    1302 	.db #0xe3	; 227
      0004ED E3                    1303 	.db #0xe3	; 227
      0004EE E3                    1304 	.db #0xe3	; 227
      0004EF E3                    1305 	.db #0xe3	; 227
      0004F0 E3                    1306 	.db #0xe3	; 227
      0004F1 E3                    1307 	.db #0xe3	; 227
      0004F2 E3                    1308 	.db #0xe3	; 227
      0004F3 E3                    1309 	.db #0xe3	; 227
      0004F4 C1                    1310 	.db #0xc1	; 193
      0004F5 C1                    1311 	.db #0xc1	; 193
      0004F6 E3                    1312 	.db #0xe3	; 227
      0004F7 E3                    1313 	.db #0xe3	; 227
      0004F8 F7                    1314 	.db #0xf7	; 247
      0004F9 F7                    1315 	.db #0xf7	; 247
      0004FA FF                    1316 	.db #0xff	; 255
      0004FB FF                    1317 	.db #0xff	; 255
      0004FC 8F                    1318 	.db #0x8f	; 143
      0004FD 8F                    1319 	.db #0x8f	; 143
      0004FE 8F                    1320 	.db #0x8f	; 143
      0004FF 8F                    1321 	.db #0x8f	; 143
      000500 C7                    1322 	.db #0xc7	; 199
      000501 C7                    1323 	.db #0xc7	; 199
      000502 E0                    1324 	.db #0xe0	; 224
      000503 E0                    1325 	.db #0xe0	; 224
      000504 80                    1326 	.db #0x80	; 128
      000505 80                    1327 	.db #0x80	; 128
      000506 C1                    1328 	.db #0xc1	; 193
      000507 C1                    1329 	.db #0xc1	; 193
      000508 F3                    1330 	.db #0xf3	; 243
      000509 F3                    1331 	.db #0xf3	; 243
      00050A FF                    1332 	.db #0xff	; 255
      00050B FF                    1333 	.db #0xff	; 255
      00050C FF                    1334 	.db #0xff	; 255
      00050D FF                    1335 	.db #0xff	; 255
      00050E 1F                    1336 	.db #0x1f	; 31
      00050F 1F                    1337 	.db #0x1f	; 31
      000510 06                    1338 	.db #0x06	; 6
      000511 06                    1339 	.db #0x06	; 6
      000512 C0                    1340 	.db #0xc0	; 192
      000513 C0                    1341 	.db #0xc0	; 192
      000514 F0                    1342 	.db #0xf0	; 240
      000515 F0                    1343 	.db #0xf0	; 240
      000516 E0                    1344 	.db #0xe0	; 224
      000517 E0                    1345 	.db #0xe0	; 224
      000518 FF                    1346 	.db #0xff	; 255
      000519 FF                    1347 	.db #0xff	; 255
      00051A FF                    1348 	.db #0xff	; 255
      00051B FF                    1349 	.db #0xff	; 255
      00051C DF                    1350 	.db #0xdf	; 223
      00051D DF                    1351 	.db #0xdf	; 223
      00051E 9F                    1352 	.db #0x9f	; 159
      00051F 9F                    1353 	.db #0x9f	; 159
      000520 07                    1354 	.db #0x07	; 7
      000521 07                    1355 	.db #0x07	; 7
      000522 9B                    1356 	.db #0x9b	; 155
      000523 03                    1357 	.db #0x03	; 3
      000524 DB                    1358 	.db #0xdb	; 219
      000525 9B                    1359 	.db #0x9b	; 155
      000526 FD                    1360 	.db #0xfd	; 253
      000527 D9                    1361 	.db #0xd9	; 217
      000528 FD                    1362 	.db #0xfd	; 253
      000529 FD                    1363 	.db #0xfd	; 253
      00052A FD                    1364 	.db #0xfd	; 253
      00052B FD                    1365 	.db #0xfd	; 253
      00052C FD                    1366 	.db #0xfd	; 253
      00052D FD                    1367 	.db #0xfd	; 253
      00052E 7B                    1368 	.db #0x7b	; 123
      00052F 79                    1369 	.db #0x79	; 121	'y'
      000530 87                    1370 	.db #0x87	; 135
      000531 03                    1371 	.db #0x03	; 3
      000532 FF                    1372 	.db #0xff	; 255
      000533 87                    1373 	.db #0x87	; 135
      000534 FF                    1374 	.db #0xff	; 255
      000535 FF                    1375 	.db #0xff	; 255
      000536 FF                    1376 	.db #0xff	; 255
      000537 FF                    1377 	.db #0xff	; 255
      000538 FF                    1378 	.db #0xff	; 255
      000539 FF                    1379 	.db #0xff	; 255
      00053A FF                    1380 	.db #0xff	; 255
      00053B FF                    1381 	.db #0xff	; 255
      00053C FF                    1382 	.db #0xff	; 255
      00053D FF                    1383 	.db #0xff	; 255
      00053E A8                    1384 	.db #0xa8	; 168
      00053F A8                    1385 	.db #0xa8	; 168
      000540 AA                    1386 	.db #0xaa	; 170
      000541 AA                    1387 	.db #0xaa	; 170
      000542 88                    1388 	.db #0x88	; 136
      000543 88                    1389 	.db #0x88	; 136
      000544 AB                    1390 	.db #0xab	; 171
      000545 AB                    1391 	.db #0xab	; 171
      000546 AB                    1392 	.db #0xab	; 171
      000547 AB                    1393 	.db #0xab	; 171
      000548 FF                    1394 	.db #0xff	; 255
      000549 FF                    1395 	.db #0xff	; 255
      00054A FF                    1396 	.db #0xff	; 255
      00054B FF                    1397 	.db #0xff	; 255
      00054C E0                    1398 	.db #0xe0	; 224
      00054D E0                    1399 	.db #0xe0	; 224
      00054E C7                    1400 	.db #0xc7	; 199
      00054F C7                    1401 	.db #0xc7	; 199
      000550 98                    1402 	.db #0x98	; 152
      000551 9B                    1403 	.db #0x9b	; 155
      000552 BC                    1404 	.db #0xbc	; 188
      000553 A5                    1405 	.db #0xa5	; 165
      000554 A5                    1406 	.db #0xa5	; 165
      000555 BD                    1407 	.db #0xbd	; 189
      000556 A5                    1408 	.db #0xa5	; 165
      000557 BD                    1409 	.db #0xbd	; 189
      000558 DD                    1410 	.db #0xdd	; 221
      000559 DD                    1411 	.db #0xdd	; 221
      00055A DF                    1412 	.db #0xdf	; 223
      00055B DD                    1413 	.db #0xdd	; 221
      00055C B9                    1414 	.db #0xb9	; 185
      00055D BF                    1415 	.db #0xbf	; 191
      00055E 7D                    1416 	.db #0x7d	; 125
      00055F 7F                    1417 	.db #0x7f	; 127
      000560 7F                    1418 	.db #0x7f	; 127
      000561 7D                    1419 	.db #0x7d	; 125
      000562 6F                    1420 	.db #0x6f	; 111	'o'
      000563 7D                    1421 	.db #0x7d	; 125
      000564 33                    1422 	.db #0x33	; 51	'3'
      000565 3D                    1423 	.db #0x3d	; 61
      000566 9F                    1424 	.db #0x9f	; 159
      000567 9F                    1425 	.db #0x9f	; 159
      000568 C0                    1426 	.db #0xc0	; 192
      000569 C0                    1427 	.db #0xc0	; 192
      00056A FF                    1428 	.db #0xff	; 255
      00056B FF                    1429 	.db #0xff	; 255
      00056C 07                    1430 	.db #0x07	; 7
      00056D 07                    1431 	.db #0x07	; 7
      00056E E3                    1432 	.db #0xe3	; 227
      00056F E3                    1433 	.db #0xe3	; 227
      000570 19                    1434 	.db #0x19	; 25
      000571 D9                    1435 	.db #0xd9	; 217
      000572 3D                    1436 	.db #0x3d	; 61
      000573 A5                    1437 	.db #0xa5	; 165
      000574 A5                    1438 	.db #0xa5	; 165
      000575 BD                    1439 	.db #0xbd	; 189
      000576 A5                    1440 	.db #0xa5	; 165
      000577 BD                    1441 	.db #0xbd	; 189
      000578 BB                    1442 	.db #0xbb	; 187
      000579 BB                    1443 	.db #0xbb	; 187
      00057A FB                    1444 	.db #0xfb	; 251
      00057B BB                    1445 	.db #0xbb	; 187
      00057C 9D                    1446 	.db #0x9d	; 157
      00057D FD                    1447 	.db #0xfd	; 253
      00057E BE                    1448 	.db #0xbe	; 190
      00057F FE                    1449 	.db #0xfe	; 254
      000580 FE                    1450 	.db #0xfe	; 254
      000581 BE                    1451 	.db #0xbe	; 190
      000582 F6                    1452 	.db #0xf6	; 246
      000583 BE                    1453 	.db #0xbe	; 190
      000584 CC                    1454 	.db #0xcc	; 204
      000585 BC                    1455 	.db #0xbc	; 188
      000586 F9                    1456 	.db #0xf9	; 249
      000587 F9                    1457 	.db #0xf9	; 249
      000588 03                    1458 	.db #0x03	; 3
      000589 03                    1459 	.db #0x03	; 3
                           0000FF  1460 G$__bank_hudt$0_0$0 == 0x00ff
                           0000FF  1461 ___bank_hudt	=	0x00ff
                           00058A  1462 G$hudt$0_0$0 == .
      00058A                       1463 _hudt:
      00058A 52                    1464 	.db #0x52	; 82	'R'
      00058Br6Ar00                 1465 	.dw _hudt_tiles
      00058D 03                    1466 	.db #0x03	; 3
      00058Er00r00                 1467 	.dw _hudt_palettes
      000590r18r00                 1468 	.dw _hudtCGB
                                   1469 	.area _INITIALIZER
                                   1470 	.area _CABS (ABS)
