                                      1 ;--------------------------------------------------------
                                      2 ; File Created by SDCC : free open source ISO C Compiler 
                                      3 ; Version 4.3.2 #14228 (MINGW64)
                                      4 ;--------------------------------------------------------
                                      5 	.module Math
                                      6 	.optsdcc -msm83
                                      7 	
                                      8 ;--------------------------------------------------------
                                      9 ; Public variables in this module
                                     10 ;--------------------------------------------------------
                                     11 	.globl _DespRight
                                     12 ;--------------------------------------------------------
                                     13 ; special function registers
                                     14 ;--------------------------------------------------------
                                     15 ;--------------------------------------------------------
                                     16 ; ram data
                                     17 ;--------------------------------------------------------
                                     18 	.area _DATA
                                     19 ;--------------------------------------------------------
                                     20 ; ram data
                                     21 ;--------------------------------------------------------
                                     22 	.area _INITIALIZED
                                     23 ;--------------------------------------------------------
                                     24 ; absolute external ram data
                                     25 ;--------------------------------------------------------
                                     26 	.area _DABS (ABS)
                                     27 ;--------------------------------------------------------
                                     28 ; global & static initialisations
                                     29 ;--------------------------------------------------------
                                     30 	.area _HOME
                                     31 	.area _GSINIT
                                     32 	.area _GSFINAL
                                     33 	.area _GSINIT
                                     34 ;--------------------------------------------------------
                                     35 ; Home
                                     36 ;--------------------------------------------------------
                                     37 	.area _HOME
                                     38 	.area _HOME
                                     39 ;--------------------------------------------------------
                                     40 ; code
                                     41 ;--------------------------------------------------------
                                     42 	.area _CODE
                           000000    43 	G$DespRight$0$0	= .
                                     44 	.globl	G$DespRight$0$0
                           000000    45 	C$Math.c$3$0_0$3	= .
                                     46 	.globl	C$Math.c$3$0_0$3
                                     47 ;C:/ZGB-2023.0/common/src/Math.c:3: INT16 DespRight(INT16 a, INT16 b) {
                                     48 ;	---------------------------------
                                     49 ; Function DespRight
                                     50 ; ---------------------------------
      000000                         51 _DespRight::
                           000000    52 	C$Math.c$4$1_0$3	= .
                                     53 	.globl	C$Math.c$4$1_0$3
                                     54 ;C:/ZGB-2023.0/common/src/Math.c:4: return a >> b;
      000000 0C               [ 4]   55 	inc	c
      000001 18 04            [12]   56 	jr	00104$
      000003                         57 00103$:
      000003 CB 2A            [ 8]   58 	sra	d
      000005 CB 1B            [ 8]   59 	rr	e
      000007                         60 00104$:
      000007 0D               [ 4]   61 	dec	c
      000008 20 F9            [12]   62 	jr	NZ, 00103$
      00000A 4B               [ 4]   63 	ld	c, e
      00000B 42               [ 4]   64 	ld	b, d
                           00000C    65 	C$Math.c$5$1_0$3	= .
                                     66 	.globl	C$Math.c$5$1_0$3
                                     67 ;C:/ZGB-2023.0/common/src/Math.c:5: }
                           00000C    68 	C$Math.c$5$1_0$3	= .
                                     69 	.globl	C$Math.c$5$1_0$3
                           00000C    70 	XG$DespRight$0$0	= .
                                     71 	.globl	XG$DespRight$0$0
      00000C C9               [16]   72 	ret
                                     73 	.area _CODE
                                     74 	.area _INITIALIZER
                                     75 	.area _CABS (ABS)
