                                      1 ;--------------------------------------------------------
                                      2 ; File Created by SDCC : free open source ISO C Compiler 
                                      3 ; Version 4.3.2 #14228 (MINGW64)
                                      4 ;--------------------------------------------------------
                                      5 	.module CircleMath
                                      6 	.optsdcc -msm83
                                      7 	
                                      8 ;--------------------------------------------------------
                                      9 ; Public variables in this module
                                     10 ;--------------------------------------------------------
                                     11 	.globl _sine_wave
                                     12 ;--------------------------------------------------------
                                     13 ; special function registers
                                     14 ;--------------------------------------------------------
                                     15 ;--------------------------------------------------------
                                     16 ; ram data
                                     17 ;--------------------------------------------------------
                                     18 	.area _DATA
                                     19 ;--------------------------------------------------------
                                     20 ; ram data
                                     21 ;--------------------------------------------------------
                                     22 	.area _INITIALIZED
                                     23 ;--------------------------------------------------------
                                     24 ; absolute external ram data
                                     25 ;--------------------------------------------------------
                                     26 	.area _DABS (ABS)
                                     27 ;--------------------------------------------------------
                                     28 ; global & static initialisations
                                     29 ;--------------------------------------------------------
                                     30 	.area _HOME
                                     31 	.area _GSINIT
                                     32 	.area _GSFINAL
                                     33 	.area _GSINIT
                                     34 ;--------------------------------------------------------
                                     35 ; Home
                                     36 ;--------------------------------------------------------
                                     37 	.area _HOME
                                     38 	.area _HOME
                                     39 ;--------------------------------------------------------
                                     40 ; code
                                     41 ;--------------------------------------------------------
                                     42 	.area _CODE
                                     43 	.area _CODE
                           000000    44 G$sine_wave$0_0$0 == .
      000000                         45 _sine_wave:
      000000 03                      46 	.db #0x03	;  3
      000001 06                      47 	.db #0x06	;  6
      000002 09                      48 	.db #0x09	;  9
      000003 0C                      49 	.db #0x0c	;  12
      000004 10                      50 	.db #0x10	;  16
      000005 13                      51 	.db #0x13	;  19
      000006 16                      52 	.db #0x16	;  22
      000007 19                      53 	.db #0x19	;  25
      000008 1C                      54 	.db #0x1c	;  28
      000009 1F                      55 	.db #0x1f	;  31
      00000A 22                      56 	.db #0x22	;  34
      00000B 25                      57 	.db #0x25	;  37
      00000C 28                      58 	.db #0x28	;  40
      00000D 2B                      59 	.db #0x2b	;  43
      00000E 2E                      60 	.db #0x2e	;  46
      00000F 31                      61 	.db #0x31	;  49	'1'
      000010 33                      62 	.db #0x33	;  51	'3'
      000011 36                      63 	.db #0x36	;  54	'6'
      000012 39                      64 	.db #0x39	;  57	'9'
      000013 3C                      65 	.db #0x3c	;  60
      000014 3F                      66 	.db #0x3f	;  63
      000015 41                      67 	.db #0x41	;  65	'A'
      000016 44                      68 	.db #0x44	;  68	'D'
      000017 47                      69 	.db #0x47	;  71	'G'
      000018 49                      70 	.db #0x49	;  73	'I'
      000019 4C                      71 	.db #0x4c	;  76	'L'
      00001A 4E                      72 	.db #0x4e	;  78	'N'
      00001B 51                      73 	.db #0x51	;  81	'Q'
      00001C 53                      74 	.db #0x53	;  83	'S'
      00001D 55                      75 	.db #0x55	;  85	'U'
      00001E 58                      76 	.db #0x58	;  88	'X'
      00001F 5A                      77 	.db #0x5a	;  90	'Z'
      000020 5C                      78 	.db #0x5c	;  92
      000021 5E                      79 	.db #0x5e	;  94
      000022 60                      80 	.db #0x60	;  96
      000023 62                      81 	.db #0x62	;  98	'b'
      000024 64                      82 	.db #0x64	;  100	'd'
      000025 66                      83 	.db #0x66	;  102	'f'
      000026 68                      84 	.db #0x68	;  104	'h'
      000027 6A                      85 	.db #0x6a	;  106	'j'
      000028 6B                      86 	.db #0x6b	;  107	'k'
      000029 6D                      87 	.db #0x6d	;  109	'm'
      00002A 6F                      88 	.db #0x6f	;  111	'o'
      00002B 70                      89 	.db #0x70	;  112	'p'
      00002C 71                      90 	.db #0x71	;  113	'q'
      00002D 73                      91 	.db #0x73	;  115	's'
      00002E 74                      92 	.db #0x74	;  116	't'
      00002F 75                      93 	.db #0x75	;  117	'u'
      000030 76                      94 	.db #0x76	;  118	'v'
      000031 78                      95 	.db #0x78	;  120	'x'
      000032 79                      96 	.db #0x79	;  121	'y'
      000033 7A                      97 	.db #0x7a	;  122	'z'
      000034 7A                      98 	.db #0x7a	;  122	'z'
      000035 7B                      99 	.db #0x7b	;  123
      000036 7C                     100 	.db #0x7c	;  124
      000037 7D                     101 	.db #0x7d	;  125
      000038 7D                     102 	.db #0x7d	;  125
      000039 7E                     103 	.db #0x7e	;  126
      00003A 7E                     104 	.db #0x7e	;  126
      00003B 7E                     105 	.db #0x7e	;  126
      00003C 7F                     106 	.db #0x7f	;  127
      00003D 7F                     107 	.db #0x7f	;  127
      00003E 7F                     108 	.db #0x7f	;  127
      00003F 7F                     109 	.db #0x7f	;  127
      000040 7F                     110 	.db #0x7f	;  127
      000041 7F                     111 	.db #0x7f	;  127
      000042 7F                     112 	.db #0x7f	;  127
      000043 7E                     113 	.db #0x7e	;  126
      000044 7E                     114 	.db #0x7e	;  126
      000045 7E                     115 	.db #0x7e	;  126
      000046 7D                     116 	.db #0x7d	;  125
      000047 7D                     117 	.db #0x7d	;  125
      000048 7C                     118 	.db #0x7c	;  124
      000049 7B                     119 	.db #0x7b	;  123
      00004A 7A                     120 	.db #0x7a	;  122	'z'
      00004B 7A                     121 	.db #0x7a	;  122	'z'
      00004C 79                     122 	.db #0x79	;  121	'y'
      00004D 78                     123 	.db #0x78	;  120	'x'
      00004E 76                     124 	.db #0x76	;  118	'v'
      00004F 75                     125 	.db #0x75	;  117	'u'
      000050 74                     126 	.db #0x74	;  116	't'
      000051 73                     127 	.db #0x73	;  115	's'
      000052 71                     128 	.db #0x71	;  113	'q'
      000053 70                     129 	.db #0x70	;  112	'p'
      000054 6F                     130 	.db #0x6f	;  111	'o'
      000055 6D                     131 	.db #0x6d	;  109	'm'
      000056 6B                     132 	.db #0x6b	;  107	'k'
      000057 6A                     133 	.db #0x6a	;  106	'j'
      000058 68                     134 	.db #0x68	;  104	'h'
      000059 66                     135 	.db #0x66	;  102	'f'
      00005A 64                     136 	.db #0x64	;  100	'd'
      00005B 62                     137 	.db #0x62	;  98	'b'
      00005C 60                     138 	.db #0x60	;  96
      00005D 5E                     139 	.db #0x5e	;  94
      00005E 5C                     140 	.db #0x5c	;  92
      00005F 5A                     141 	.db #0x5a	;  90	'Z'
      000060 58                     142 	.db #0x58	;  88	'X'
      000061 55                     143 	.db #0x55	;  85	'U'
      000062 53                     144 	.db #0x53	;  83	'S'
      000063 51                     145 	.db #0x51	;  81	'Q'
      000064 4E                     146 	.db #0x4e	;  78	'N'
      000065 4C                     147 	.db #0x4c	;  76	'L'
      000066 49                     148 	.db #0x49	;  73	'I'
      000067 47                     149 	.db #0x47	;  71	'G'
      000068 44                     150 	.db #0x44	;  68	'D'
      000069 41                     151 	.db #0x41	;  65	'A'
      00006A 3F                     152 	.db #0x3f	;  63
      00006B 3C                     153 	.db #0x3c	;  60
      00006C 39                     154 	.db #0x39	;  57	'9'
      00006D 36                     155 	.db #0x36	;  54	'6'
      00006E 33                     156 	.db #0x33	;  51	'3'
      00006F 31                     157 	.db #0x31	;  49	'1'
      000070 2E                     158 	.db #0x2e	;  46
      000071 2B                     159 	.db #0x2b	;  43
      000072 28                     160 	.db #0x28	;  40
      000073 25                     161 	.db #0x25	;  37
      000074 22                     162 	.db #0x22	;  34
      000075 1F                     163 	.db #0x1f	;  31
      000076 1C                     164 	.db #0x1c	;  28
      000077 19                     165 	.db #0x19	;  25
      000078 16                     166 	.db #0x16	;  22
      000079 13                     167 	.db #0x13	;  19
      00007A 10                     168 	.db #0x10	;  16
      00007B 0C                     169 	.db #0x0c	;  12
      00007C 09                     170 	.db #0x09	;  9
      00007D 06                     171 	.db #0x06	;  6
      00007E 03                     172 	.db #0x03	;  3
      00007F 00                     173 	.db #0x00	;  0
      000080 FD                     174 	.db #0xfd	; -3
      000081 FA                     175 	.db #0xfa	; -6
      000082 F7                     176 	.db #0xf7	; -9
      000083 F4                     177 	.db #0xf4	; -12
      000084 F0                     178 	.db #0xf0	; -16
      000085 ED                     179 	.db #0xed	; -19
      000086 EA                     180 	.db #0xea	; -22
      000087 E7                     181 	.db #0xe7	; -25
      000088 E4                     182 	.db #0xe4	; -28
      000089 E1                     183 	.db #0xe1	; -31
      00008A DE                     184 	.db #0xde	; -34
      00008B DB                     185 	.db #0xdb	; -37
      00008C D8                     186 	.db #0xd8	; -40
      00008D D5                     187 	.db #0xd5	; -43
      00008E D2                     188 	.db #0xd2	; -46
      00008F CF                     189 	.db #0xcf	; -49
      000090 CD                     190 	.db #0xcd	; -51
      000091 CA                     191 	.db #0xca	; -54
      000092 C7                     192 	.db #0xc7	; -57
      000093 C4                     193 	.db #0xc4	; -60
      000094 C1                     194 	.db #0xc1	; -63
      000095 BF                     195 	.db #0xbf	; -65
      000096 BC                     196 	.db #0xbc	; -68
      000097 B9                     197 	.db #0xb9	; -71
      000098 B7                     198 	.db #0xb7	; -73
      000099 B4                     199 	.db #0xb4	; -76
      00009A B2                     200 	.db #0xb2	; -78
      00009B AF                     201 	.db #0xaf	; -81
      00009C AD                     202 	.db #0xad	; -83
      00009D AB                     203 	.db #0xab	; -85
      00009E A8                     204 	.db #0xa8	; -88
      00009F A6                     205 	.db #0xa6	; -90
      0000A0 A4                     206 	.db #0xa4	; -92
      0000A1 A2                     207 	.db #0xa2	; -94
      0000A2 A0                     208 	.db #0xa0	; -96
      0000A3 9E                     209 	.db #0x9e	; -98
      0000A4 9C                     210 	.db #0x9c	; -100
      0000A5 9A                     211 	.db #0x9a	; -102
      0000A6 98                     212 	.db #0x98	; -104
      0000A7 96                     213 	.db #0x96	; -106
      0000A8 95                     214 	.db #0x95	; -107
      0000A9 93                     215 	.db #0x93	; -109
      0000AA 91                     216 	.db #0x91	; -111
      0000AB 90                     217 	.db #0x90	; -112
      0000AC 8F                     218 	.db #0x8f	; -113
      0000AD 8D                     219 	.db #0x8d	; -115
      0000AE 8C                     220 	.db #0x8c	; -116
      0000AF 8B                     221 	.db #0x8b	; -117
      0000B0 8A                     222 	.db #0x8a	; -118
      0000B1 88                     223 	.db #0x88	; -120
      0000B2 87                     224 	.db #0x87	; -121
      0000B3 86                     225 	.db #0x86	; -122
      0000B4 86                     226 	.db #0x86	; -122
      0000B5 85                     227 	.db #0x85	; -123
      0000B6 84                     228 	.db #0x84	; -124
      0000B7 83                     229 	.db #0x83	; -125
      0000B8 83                     230 	.db #0x83	; -125
      0000B9 82                     231 	.db #0x82	; -126
      0000BA 82                     232 	.db #0x82	; -126
      0000BB 82                     233 	.db #0x82	; -126
      0000BC 81                     234 	.db #0x81	; -127
      0000BD 81                     235 	.db #0x81	; -127
      0000BE 81                     236 	.db #0x81	; -127
      0000BF 81                     237 	.db #0x81	; -127
      0000C0 81                     238 	.db #0x81	; -127
      0000C1 81                     239 	.db #0x81	; -127
      0000C2 81                     240 	.db #0x81	; -127
      0000C3 82                     241 	.db #0x82	; -126
      0000C4 82                     242 	.db #0x82	; -126
      0000C5 82                     243 	.db #0x82	; -126
      0000C6 83                     244 	.db #0x83	; -125
      0000C7 83                     245 	.db #0x83	; -125
      0000C8 84                     246 	.db #0x84	; -124
      0000C9 85                     247 	.db #0x85	; -123
      0000CA 86                     248 	.db #0x86	; -122
      0000CB 86                     249 	.db #0x86	; -122
      0000CC 87                     250 	.db #0x87	; -121
      0000CD 88                     251 	.db #0x88	; -120
      0000CE 8A                     252 	.db #0x8a	; -118
      0000CF 8B                     253 	.db #0x8b	; -117
      0000D0 8C                     254 	.db #0x8c	; -116
      0000D1 8D                     255 	.db #0x8d	; -115
      0000D2 8F                     256 	.db #0x8f	; -113
      0000D3 90                     257 	.db #0x90	; -112
      0000D4 91                     258 	.db #0x91	; -111
      0000D5 93                     259 	.db #0x93	; -109
      0000D6 95                     260 	.db #0x95	; -107
      0000D7 96                     261 	.db #0x96	; -106
      0000D8 98                     262 	.db #0x98	; -104
      0000D9 9A                     263 	.db #0x9a	; -102
      0000DA 9C                     264 	.db #0x9c	; -100
      0000DB 9E                     265 	.db #0x9e	; -98
      0000DC A0                     266 	.db #0xa0	; -96
      0000DD A2                     267 	.db #0xa2	; -94
      0000DE A4                     268 	.db #0xa4	; -92
      0000DF A6                     269 	.db #0xa6	; -90
      0000E0 A8                     270 	.db #0xa8	; -88
      0000E1 AB                     271 	.db #0xab	; -85
      0000E2 AD                     272 	.db #0xad	; -83
      0000E3 AF                     273 	.db #0xaf	; -81
      0000E4 B2                     274 	.db #0xb2	; -78
      0000E5 B4                     275 	.db #0xb4	; -76
      0000E6 B7                     276 	.db #0xb7	; -73
      0000E7 B9                     277 	.db #0xb9	; -71
      0000E8 BC                     278 	.db #0xbc	; -68
      0000E9 BF                     279 	.db #0xbf	; -65
      0000EA C1                     280 	.db #0xc1	; -63
      0000EB C4                     281 	.db #0xc4	; -60
      0000EC C7                     282 	.db #0xc7	; -57
      0000ED CA                     283 	.db #0xca	; -54
      0000EE CD                     284 	.db #0xcd	; -51
      0000EF CF                     285 	.db #0xcf	; -49
      0000F0 D2                     286 	.db #0xd2	; -46
      0000F1 D5                     287 	.db #0xd5	; -43
      0000F2 D8                     288 	.db #0xd8	; -40
      0000F3 DB                     289 	.db #0xdb	; -37
      0000F4 DE                     290 	.db #0xde	; -34
      0000F5 E1                     291 	.db #0xe1	; -31
      0000F6 E4                     292 	.db #0xe4	; -28
      0000F7 E7                     293 	.db #0xe7	; -25
      0000F8 EA                     294 	.db #0xea	; -22
      0000F9 ED                     295 	.db #0xed	; -19
      0000FA F0                     296 	.db #0xf0	; -16
      0000FB F4                     297 	.db #0xf4	; -12
      0000FC F7                     298 	.db #0xf7	; -9
      0000FD FA                     299 	.db #0xfa	; -6
      0000FE FD                     300 	.db #0xfd	; -3
      0000FF 00                     301 	.db #0x00	;  0
                                    302 	.area _INITIALIZER
                                    303 	.area _CABS (ABS)
