ASxxxx Linker V03.00/V05.40 + sdld,  page 1.
Hexadecimal  [32-Bits]

Area                                    Addr        Size        Decimal Bytes (Attributes)
--------------------------------        ----        ----        ------- ----- ------------
.  .ABS.                            00000000    00000000 =           0. bytes (ABS,CON)

      Value  Global                              Global Defined In Module
      -----  --------------------------------   ------------------------
     00000000  .__.ABS.                           itoa
     00000000  _rRAMG                             
     00000000  l__BASE                         
     00000000  l__BSS                          
     00000000  l__CABS                         
     00000000  l__CODE_0                       
     00000000  l__DABS                         
     00000000  l__HEADER                       
     00000000  l__HEADER_LCD                   
     00000000  l__HEADER_NESTED_TIM            
     00000000  l__HEAP                         
     00000000  l__HEAP_END                     
     00000000  l__HRAM                         
     00000000  l__LIT                          
     00000000  s__CABS                         
     00000000  s__DABS                         
     00000000  s__HEADER                       
     00000000  s__HEADER0                      
     00000000  s__HEADER1                      
     00000000  s__HEADER10                     
     00000000  s__HEADER11                     
     00000000  s__HEADER2                      
     00000000  s__HEADER3                      
     00000000  s__HEADER4                      
     00000000  s__HEADER5                      
     00000000  s__HEADER6                      
     00000000  s__HEADER7                      
     00000000  s__HEADER8                      
     00000000  s__HEADER9                      
     00000000  s__HEADER_LCD                   
     00000000  s__HEADER_LCD0                  
     00000000  s__HEADER_NESTED_TIM            
     00000000  s__HEADER_NESTED_TIM0           
     00000000  s__HEADERa                      
     00000000  s__HEADERb                      
     00000000  s__HEADERc                      
     00000000  s__HEADERd                      
     00000000  s__HEADERe                      
     00000000  s__HEADERf                      
     00000000  s__HRAM                         
     00000000  s__HRAM12                       
     00000001  ___bank_SpriteFire                 SpriteFire
     00000001  ___bank_horse5frames               horse5frames_gbr
     00000001  ___bank_map                        map_gbm
     00000001  ___bank_maprome00                  maprome00_gbm
     00000001  ___bank_mapromet                   mapromet_gbr
     00000001  ___bank_tiles                      tilesold_gbr
     00000001  b_FadeIn_b                         Fade_b
     00000001  b_FadeOut_b                        Fade_b
     00000001  l__GSFINAL                      
ASxxxx Linker V03.00/V05.40 + sdld,  page 2.
Hexadecimal  [32-Bits]

Area                                    Addr        Size        Decimal Bytes (Attributes)
--------------------------------        ----        ----        ------- ----- ------------
.  .ABS.                            00000000    00000000 =           0. bytes (ABS,CON)

      Value  Global                              Global Defined In Module
      -----  --------------------------------   ------------------------
     00000001  l__HEADER0                      
     00000001  l__HEADER5                      
     00000001  l__HEADERa                      
     00000001  l__HEADERb                      
     00000001  l__HEADERc                      
     00000001  l__HEADERe                      
     00000001  l__HEADERf                      
     00000002  ___bank_SpriteBiga                 SpriteBiga
     00000002  ___bank_SpriteCompass              SpriteCompass
     00000002  ___bank_SpriteHorse                SpriteHorse
     00000002  ___bank_SpritePlayer               SpritePlayer
     00000002  ___bank_StateGame                  StateGame
     00000002  ___bank_biga                       biga_gbr
     00000002  ___bank_fire                       fire_gbr
     00000002  ___bank_font                       font_gbr
     00000002  ___bank_horse                      horse_gbr
     00000002  ___bank_horse8frames               horse8frames_gbr
     00000002  ___bank_hudm                       hudm_gbm
     00000002  ___bank_hudt                       hudt_gbr
     00000002  ___bank_hudtdifcoat                hudtdifcoat_gbr
     00000002  ___bank_hudtdifelmet               hudtdifelmet_gbr
     00000002  ___bank_mapcircuit_tiles           tiles_gbr
     00000002  ___bank_maprome_map                maprome_gbm
     00000002  ___bank_oldhorse                   oldhorse_gbr
     00000002  ___bank_player                     player_gbr
     00000002  b_hud_compass_h_r                  StateGame
     00000002  b_hud_compass_r_u_33               StateGame
     00000002  b_update_compass                   StateGame
     00000002  b_update_euphoria                  StateGame
     00000002  b_update_hp                        StateGame
     00000002  b_update_stamina                   StateGame
     00000002  b_update_turning                   StateGame
     00000002  l__HEADER10                     
     00000002  l__HEADER6                      
     00000002  l__HEADERd                      
     00000003  ___bank_SpriteCamera               SpriteCamera
     00000003  ___bank_SpriteStep                 SpriteStep
     00000003  ___bank_camera                     camera_gbr
     00000003  ___bank_compass                    compass_gbr
     00000003  ___bank_hudtatkflame               hudtatkflame_gbr
     00000003  ___bank_hudtatkgas                 hudtatkgas_gbr
     00000003  ___bank_hudtatkgladio              hudtatkgladio_gbr
     00000003  ___bank_hudtatklance               hudtatklance_gbr
     00000003  ___bank_hudtdifshield              hudtdifshield_gbr
     00000003  ___bank_step                       step_gbr
     00000003  l__HEADER9                      
     00000003  l__HEADER_LCD0                  
     00000003  l__HRAM12                       
     00000005  l__HEADER1                      
     00000006  l__HEADER8                      
     00000006  l__HEADER_NESTED_TIM0           
ASxxxx Linker V03.00/V05.40 + sdld,  page 3.
Hexadecimal  [32-Bits]

Area                                    Addr        Size        Decimal Bytes (Attributes)
--------------------------------        ----        ----        ------- ----- ------------
.  .ABS.                            00000000    00000000 =           0. bytes (ABS,CON)

      Value  Global                              Global Defined In Module
      -----  --------------------------------   ------------------------
     00000007  l__HEADER2                      
     00000008  l__HEADER3                      
     0000000C  l__GSINIT                       
     00000030  l__HEADER7                      
     0000005C  l__HEADER4                      
     00000080  l__INITIALIZED                  
     00000080  l__INITIALIZER                  
     000000AF  l__HEADER11                     
     000000FF  G$__bank_SpriteBiga$0_0$0          SpriteBiga
     000000FF  G$__bank_SpriteCamera$0_0$0        SpriteCamera
     000000FF  G$__bank_SpriteCompass$0_0$0       SpriteCompass
     000000FF  G$__bank_SpriteFire$0_0$0          SpriteFire
     000000FF  G$__bank_SpriteHorse$0_0$0         SpriteHorse
     000000FF  G$__bank_SpritePlayer$0_0$0        SpritePlayer
     000000FF  G$__bank_SpriteStep$0_0$0          SpriteStep
     000000FF  G$__bank_StateGame$0_0$0           StateGame
     000000FF  G$__bank_font$0_0$0                font_gbr
     000000FF  G$__bank_hudm$0_0$0                hudm_gbm
     000000FF  G$__bank_hudt$0_0$0                hudt_gbr
     000000FF  G$__bank_hudtatkflame$0_0$0        hudtatkflame_gbr
     000000FF  G$__bank_hudtatkgas$0_0$0          hudtatkgas_gbr
     000000FF  G$__bank_hudtatkgladio$0_0$0       hudtatkgladio_gbr
     000000FF  G$__bank_hudtatklance$0_0$0        hudtatklance_gbr
     000000FF  G$__bank_hudtdifcoat$0_0$0         hudtdifcoat_gbr
     000000FF  G$__bank_hudtdifelmet$0_0$0        hudtdifelmet_gbr
     000000FF  G$__bank_hudtdifshield$0_0$0       hudtdifshield_gbr
     000000FF  G$__bank_map$0_0$0                 map_gbm
     000000FF  G$__bank_mapcircuit_tiles$0_0$0    tiles_gbr
     000000FF  G$__bank_maprome00$0_0$0           maprome00_gbm
     000000FF  G$__bank_maprome_map$0_0$0         maprome_gbm
     000000FF  G$__bank_mapromet$0_0$0            mapromet_gbr
     000000FF  G$__bank_tiles$0_0$0               tilesold_gbr
     00000200  s__CODE                         
     000002D2  l__HOME                         
     00000789  l__DATA                         
     00000B1A  l__CODE_3                       
     00002000  _rROMB0                            
     00002C59  l__CODE                         
     00002E59  s__HOME                         
     00003000  _rROMB1                            
     0000312B  s__BASE                         
     0000312B  s__CODE_0                       
     0000312B  s__INITIALIZER                  
     0000312B  s__LIT                          
     000031AB  s__GSINIT                       
     000031B7  s__GSFINAL                      
     000038C8  l__CODE_1                       
     00003FF1  l__CODE_2                       
     00004000  _rRAMB                             
     00008000  __VRAM                             
     00008000  __VRAM8000                         
ASxxxx Linker V03.00/V05.40 + sdld,  page 4.
Hexadecimal  [32-Bits]

Area                                    Addr        Size        Decimal Bytes (Attributes)
--------------------------------        ----        ----        ------- ----- ------------
.  .ABS.                            00000000    00000000 =           0. bytes (ABS,CON)

      Value  Global                              Global Defined In Module
      -----  --------------------------------   ------------------------
     00008800  __VRAM8800                         
     00009000  __VRAM9000                         
     00009800  __SCRN0                            
     00009C00  __SCRN1                            
     0000A000  __SRAM                             
     0000C000  __RAM                              
     0000C000  _shadow_OAM                     
     0000C0A0  s__DATA                         
     0000C829  s__BSS                          
     0000C829  s__INITIALIZED                  
     0000C8A9  s__HEAP                         
     0000C8A9  s__HEAP_END                     
     0000D000  __RAMBANK                          
     0000DEFF  .STACK                          
     0000DF00  G$oam_mirror$0_0$0                 OAMManager
     0000DF00  _oam_mirror                        OAMManager
     0000FE00  __OAMRAM                           
     0000FF00  _P1_REG                            
     0000FF00  __IO                               
     0000FF01  _SB_REG                            
     0000FF02  _SC_REG                            
     0000FF04  _DIV_REG                           
     0000FF05  _TIMA_REG                          
     0000FF06  _TMA_REG                           
     0000FF07  _TAC_REG                           
     0000FF0F  _IF_REG                            
     0000FF10  _NR10_REG                          
     0000FF11  _NR11_REG                          
     0000FF12  _NR12_REG                          
     0000FF13  _NR13_REG                          
     0000FF14  _NR14_REG                          
     0000FF16  _NR21_REG                          
     0000FF17  _NR22_REG                          
     0000FF18  _NR23_REG                          
     0000FF19  _NR24_REG                          
     0000FF1A  _NR30_REG                          
     0000FF1B  _NR31_REG                          
     0000FF1C  _NR32_REG                          
     0000FF1D  _NR33_REG                          
     0000FF1E  _NR34_REG                          
     0000FF20  _NR41_REG                          
     0000FF21  _NR42_REG                          
     0000FF22  _NR43_REG                          
     0000FF23  _NR44_REG                          
     0000FF24  _NR50_REG                          
     0000FF25  _NR51_REG                          
     0000FF26  _NR52_REG                          
     0000FF30  _AUD3WAVE                          
     0000FF30  _PCM_SAMPLE                        
     0000FF30  __AUD3WAVERAM                      
     0000FF40  _LCDC_REG                          
ASxxxx Linker V03.00/V05.40 + sdld,  page 5.
Hexadecimal  [32-Bits]

Area                                    Addr        Size        Decimal Bytes (Attributes)
--------------------------------        ----        ----        ------- ----- ------------
.  .ABS.                            00000000    00000000 =           0. bytes (ABS,CON)

      Value  Global                              Global Defined In Module
      -----  --------------------------------   ------------------------
     0000FF41  _STAT_REG                          
     0000FF42  _SCY_REG                           
     0000FF43  _SCX_REG                           
     0000FF44  _LY_REG                            
     0000FF45  _LYC_REG                           
     0000FF46  _DMA_REG                           
     0000FF47  _BGP_REG                           
     0000FF48  _OBP0_REG                          
     0000FF49  _OBP1_REG                          
     0000FF4A  _WY_REG                            
     0000FF4B  _WX_REG                            
     0000FF4D  _KEY1_REG                          
     0000FF4F  _VBK_REG                           
     0000FF51  _HDMA1_REG                         
     0000FF52  _HDMA2_REG                         
     0000FF53  _HDMA3_REG                         
     0000FF54  _HDMA4_REG                         
     0000FF55  _HDMA5_REG                         
     0000FF56  _RP_REG                            
     0000FF68  _BCPS_REG                          
     0000FF69  _BCPD_REG                          
     0000FF6A  _OCPS_REG                          
     0000FF6B  _OCPD_REG                          
     0000FF70  _SVBK_REG                          
     0000FF76  _PCM12_REG                         
     0000FF77  _PCM34_REG                         
     0000FF80  .refresh_OAM                    
     0000FF80  __HRAM                             
     0000FFFF  _IE_REG                            
     00014000  s__CODE_1                       
     00024000  s__CODE_2                       
     00034000  s__CODE_3                       

ASxxxx Linker V03.00/V05.40 + sdld,  page 6.
Hexadecimal  [32-Bits]

Area                                    Addr        Size        Decimal Bytes (Attributes)
--------------------------------        ----        ----        ------- ----- ------------
_CODE                               00000200    00002C59 =       11353. bytes (REL,CON)

      Value  Global                              Global Defined In Module
      -----  --------------------------------   ------------------------
     00000200  G$sine_wave$0_0$0                  CircleMath
     00000200  _sine_wave                         CircleMath
     00000300  A$ZGBMain$64                       ZGBMain
     00000300  C$ZGBMain.c$10$0_0$160             ZGBMain
     00000300  G$GetTileReplacement$0$0           ZGBMain
     00000300  _GetTileReplacement                ZGBMain
     00000302  A$ZGBMain$65                       ZGBMain
     00000304  A$ZGBMain$66                       ZGBMain
     00000305  A$ZGBMain$67                       ZGBMain
     00000306  A$ZGBMain$68                       ZGBMain
     00000307  A$ZGBMain$72                       ZGBMain
     00000307  C$ZGBMain.c$11$1_0$160             ZGBMain
     0000030A  A$ZGBMain$73                       ZGBMain
     0000030B  A$ZGBMain$74                       ZGBMain
     0000030D  A$ZGBMain$78                       ZGBMain
     0000030D  C$ZGBMain.c$12$2_0$161             ZGBMain
     0000030F  A$ZGBMain$79                       ZGBMain
     00000310  A$ZGBMain$80                       ZGBMain
     00000311  A$ZGBMain$81                       ZGBMain
     00000312  A$ZGBMain$82                       ZGBMain
     00000313  A$ZGBMain$83                       ZGBMain
     00000314  A$ZGBMain$84                       ZGBMain
     00000315  A$ZGBMain$85                       ZGBMain
     00000316  A$ZGBMain$86                       ZGBMain
     00000317  A$ZGBMain$87                       ZGBMain
     00000319  A$ZGBMain$88                       ZGBMain
     0000031B  A$ZGBMain$89                       ZGBMain
     0000031C  A$ZGBMain$90                       ZGBMain
     0000031D  A$ZGBMain$91                       ZGBMain
     0000031E  A$ZGBMain$92                       ZGBMain
     0000031F  A$ZGBMain$93                       ZGBMain
     00000321  A$ZGBMain$97                       ZGBMain
     00000321  C$ZGBMain.c$13$3_0$162             ZGBMain
     00000322  A$ZGBMain$98                       ZGBMain
     00000323  A$ZGBMain$102                      ZGBMain
     00000323  C$ZGBMain.c$14$3_0$162             ZGBMain
     00000325  A$ZGBMain$103                      ZGBMain
     00000326  A$ZGBMain$104                      ZGBMain
     00000327  A$ZGBMain$105                      ZGBMain
     00000328  A$ZGBMain$106                      ZGBMain
     00000329  A$ZGBMain$107                      ZGBMain
     0000032A  A$ZGBMain$108                      ZGBMain
     0000032C  A$ZGBMain$109                      ZGBMain
     0000032D  A$ZGBMain$110                      ZGBMain
     0000032F  A$ZGBMain$115                      ZGBMain
     0000032F  C$ZGBMain.c$17$2_0$161             ZGBMain
     00000331  A$ZGBMain$116                      ZGBMain
     00000332  A$ZGBMain$117                      ZGBMain
     00000333  A$ZGBMain$122                      ZGBMain
     00000333  C$ZGBMain.c$20$1_0$160             ZGBMain
ASxxxx Linker V03.00/V05.40 + sdld,  page 7.
Hexadecimal  [32-Bits]

Area                                    Addr        Size        Decimal Bytes (Attributes)
--------------------------------        ----        ----        ------- ----- ------------
_CODE                               00000200    00002C59 =       11353. bytes (REL,CON)

      Value  Global                              Global Defined In Module
      -----  --------------------------------   ------------------------
     00000335  A$ZGBMain$127                      ZGBMain
     00000337  A$ZGBMain$132                      ZGBMain
     00000337  C$ZGBMain.c$21$1_0$160             ZGBMain
     00000337  XG$GetTileReplacement$0$0          ZGBMain
     00000338  _hUGE_init                         hUGEDriver_obj
     0000033A  hUGE_init                          hUGEDriver_obj
     00000390  _hUGE_mute_channel                 hUGEDriver_obj
     00000392  hUGE_mute_channel                  hUGEDriver_obj
     000005E0  _hUGE_set_position                 hUGEDriver_obj
     000005E1  hUGE_set_position                  hUGEDriver_obj
     000007A6  _hUGE_dosound                      hUGEDriver_obj
     000007A6  hUGE_dosound                       hUGEDriver_obj
     00000AD2  __divsuchar                        divmod
     00000AD8  __modsuchar                        divmod
     00000AE1  __divuschar                        divmod
     00000AEA  __moduschar                        divmod
     00000AF7  __divschar                         divmod
     00000AFC  __modschar                         divmod
     00000B03  __divsint                          divmod
     00000B0C  __modsint                          divmod
     00000B18  __divuchar                         divmod
     00000B1D  __moduchar                         divmod
     00000B24  __divuint                          divmod
     00000B2D  __moduint                          divmod
     00000B39  .div8                              divmod
     00000B39  .mod8                              divmod
     00000B41  .div16                             divmod
     00000B41  .mod16                             divmod
     00000B77  .divu8                             divmod
     00000B77  .modu8                             divmod
     00000B7A  .divu16                            divmod
     00000B7A  .modu16                            divmod
     00000BBA  A$Sprite$103                       Sprite
     00000BBA  C$Sprite.c$8$0_0$179               Sprite
     00000BBA  G$SetFrame$0$0                     Sprite
     00000BBA  _SetFrame                          Sprite
     00000BBC  A$Sprite$104                       Sprite
     00000BBE  A$Sprite$105                       Sprite
     00000BBF  A$Sprite$106                       Sprite
     00000BC0  A$Sprite$107                       Sprite
     00000BC1  A$Sprite$108                       Sprite
     00000BC2  A$Sprite$109                       Sprite
     00000BC3  A$Sprite$113                       Sprite
     00000BC3  C$Sprite.c$10$1_0$179              Sprite
     00000BC4  A$Sprite$114                       Sprite
     00000BC5  A$Sprite$115                       Sprite
     00000BC6  A$Sprite$116                       Sprite
     00000BC7  A$Sprite$117                       Sprite
     00000BC8  A$Sprite$118                       Sprite
     00000BC9  A$Sprite$119                       Sprite
     00000BCA  A$Sprite$120                       Sprite
ASxxxx Linker V03.00/V05.40 + sdld,  page 8.
Hexadecimal  [32-Bits]

Area                                    Addr        Size        Decimal Bytes (Attributes)
--------------------------------        ----        ----        ------- ----- ------------
_CODE                               00000200    00002C59 =       11353. bytes (REL,CON)

      Value  Global                              Global Defined In Module
      -----  --------------------------------   ------------------------
     00000BCD  A$Sprite$121                       Sprite
     00000BCE  A$Sprite$125                       Sprite
     00000BCE  C$Sprite.c$11$1_0$179              Sprite
     00000BD0  A$Sprite$126                       Sprite
     00000BD1  A$Sprite$127                       Sprite
     00000BD2  A$Sprite$128                       Sprite
     00000BD3  A$Sprite$129                       Sprite
     00000BD6  A$Sprite$130                       Sprite
     00000BD7  A$Sprite$131                       Sprite
     00000BD8  A$Sprite$132                       Sprite
     00000BD9  A$Sprite$133                       Sprite
     00000BDA  A$Sprite$134                       Sprite
     00000BDC  A$Sprite$135                       Sprite
     00000BDD  A$Sprite$136                       Sprite
     00000BDE  A$Sprite$139                       Sprite
     00000BDF  A$Sprite$142                       Sprite
     00000BE0  A$Sprite$143                       Sprite
     00000BE1  A$Sprite$144                       Sprite
     00000BE2  A$Sprite$145                       Sprite
     00000BE3  A$Sprite$146                       Sprite
     00000BE6  A$Sprite$147                       Sprite
     00000BE7  A$Sprite$148                       Sprite
     00000BE8  A$Sprite$149                       Sprite
     00000BE9  A$Sprite$150                       Sprite
     00000BEA  A$Sprite$151                       Sprite
     00000BEC  A$Sprite$152                       Sprite
     00000BED  A$Sprite$153                       Sprite
     00000BEF  A$Sprite$154                       Sprite
     00000BF0  A$Sprite$155                       Sprite
     00000BF1  A$Sprite$156                       Sprite
     00000BF2  A$Sprite$157                       Sprite
     00000BF3  A$Sprite$158                       Sprite
     00000BF4  A$Sprite$159                       Sprite
     00000BF5  A$Sprite$160                       Sprite
     00000BF6  A$Sprite$161                       Sprite
     00000BF7  A$Sprite$162                       Sprite
     00000BF8  A$Sprite$163                       Sprite
     00000BF9  A$Sprite$167                       Sprite
     00000BF9  C$Sprite.c$12$1_0$179              Sprite
     00000BFC  A$Sprite$171                       Sprite
     00000BFC  C$Sprite.c$13$1_0$179              Sprite
     00000BFE  A$Sprite$172                       Sprite
     00000BFF  A$Sprite$173                       Sprite
     00000C00  A$Sprite$174                       Sprite
     00000C01  A$Sprite$175                       Sprite
     00000C04  A$Sprite$176                       Sprite
     00000C05  A$Sprite$177                       Sprite
     00000C06  A$Sprite$178                       Sprite
     00000C07  A$Sprite$179                       Sprite
     00000C09  A$Sprite$180                       Sprite
     00000C0A  A$Sprite$181                       Sprite
ASxxxx Linker V03.00/V05.40 + sdld,  page 9.
Hexadecimal  [32-Bits]

Area                                    Addr        Size        Decimal Bytes (Attributes)
--------------------------------        ----        ----        ------- ----- ------------
_CODE                               00000200    00002C59 =       11353. bytes (REL,CON)

      Value  Global                              Global Defined In Module
      -----  --------------------------------   ------------------------
     00000C0B  A$Sprite$185                       Sprite
     00000C0D  A$Sprite$190                       Sprite
     00000C0D  C$Sprite.c$14$1_0$179              Sprite
     00000C0D  XG$SetFrame$0$0                    Sprite
     00000C0E  A$Sprite$200                       Sprite
     00000C0E  C$Sprite.c$16$1_0$181              Sprite
     00000C0E  G$InitSprite$0$0                   Sprite
     00000C0E  _InitSprite                        Sprite
     00000C10  A$Sprite$201                       Sprite
     00000C11  A$Sprite$202                       Sprite
     00000C12  A$Sprite$203                       Sprite
     00000C14  A$Sprite$204                       Sprite
     00000C15  A$Sprite$208                       Sprite
     00000C15  C$Sprite.c$17$1_0$181              Sprite
     00000C16  A$Sprite$209                       Sprite
     00000C18  A$Sprite$210                       Sprite
     00000C19  A$Sprite$211                       Sprite
     00000C1C  A$Sprite$212                       Sprite
     00000C1D  A$Sprite$213                       Sprite
     00000C1E  A$Sprite$214                       Sprite
     00000C1F  A$Sprite$215                       Sprite
     00000C20  A$Sprite$216                       Sprite
     00000C22  A$Sprite$217                       Sprite
     00000C23  A$Sprite$218                       Sprite
     00000C24  A$Sprite$219                       Sprite
     00000C25  A$Sprite$220                       Sprite
     00000C26  A$Sprite$224                       Sprite
     00000C26  C$Sprite.c$19$1_0$181              Sprite
     00000C27  A$Sprite$225                       Sprite
     00000C28  A$Sprite$226                       Sprite
     00000C29  A$Sprite$227                       Sprite
     00000C2B  A$Sprite$228                       Sprite
     00000C2C  A$Sprite$229                       Sprite
     00000C2D  A$Sprite$230                       Sprite
     00000C2E  A$Sprite$231                       Sprite
     00000C2F  A$Sprite$232                       Sprite
     00000C30  A$Sprite$236                       Sprite
     00000C30  C$Sprite.c$20$1_0$181              Sprite
     00000C33  A$Sprite$237                       Sprite
     00000C35  A$Sprite$238                       Sprite
     00000C36  A$Sprite$239                       Sprite
     00000C38  A$Sprite$240                       Sprite
     00000C39  A$Sprite$241                       Sprite
     00000C3A  A$Sprite$242                       Sprite
     00000C3B  A$Sprite$243                       Sprite
     00000C3D  A$Sprite$244                       Sprite
     00000C3E  A$Sprite$245                       Sprite
     00000C3F  A$Sprite$246                       Sprite
     00000C40  A$Sprite$247                       Sprite
     00000C42  A$Sprite$248                       Sprite
     00000C43  A$Sprite$249                       Sprite
ASxxxx Linker V03.00/V05.40 + sdld,  page 10.
Hexadecimal  [32-Bits]

Area                                    Addr        Size        Decimal Bytes (Attributes)
--------------------------------        ----        ----        ------- ----- ------------
_CODE                               00000200    00002C59 =       11353. bytes (REL,CON)

      Value  Global                              Global Defined In Module
      -----  --------------------------------   ------------------------
     00000C44  A$Sprite$250                       Sprite
     00000C45  A$Sprite$251                       Sprite
     00000C46  A$Sprite$252                       Sprite
     00000C47  A$Sprite$253                       Sprite
     00000C48  A$Sprite$257                       Sprite
     00000C48  C$Sprite.c$22$1_0$181              Sprite
     00000C4B  A$Sprite$258                       Sprite
     00000C4C  A$Sprite$259                       Sprite
     00000C4D  A$Sprite$260                       Sprite
     00000C4E  A$Sprite$261                       Sprite
     00000C50  A$Sprite$262                       Sprite
     00000C51  A$Sprite$263                       Sprite
     00000C52  A$Sprite$264                       Sprite
     00000C53  A$Sprite$265                       Sprite
     00000C55  A$Sprite$266                       Sprite
     00000C56  A$Sprite$267                       Sprite
     00000C59  A$Sprite$268                       Sprite
     00000C5A  A$Sprite$269                       Sprite
     00000C5C  A$Sprite$270                       Sprite
     00000C5D  A$Sprite$271                       Sprite
     00000C5E  A$Sprite$272                       Sprite
     00000C5F  A$Sprite$273                       Sprite
     00000C60  A$Sprite$274                       Sprite
     00000C62  A$Sprite$275                       Sprite
     00000C63  A$Sprite$276                       Sprite
     00000C64  A$Sprite$277                       Sprite
     00000C65  A$Sprite$278                       Sprite
     00000C66  A$Sprite$279                       Sprite
     00000C67  A$Sprite$280                       Sprite
     00000C68  A$Sprite$284                       Sprite
     00000C68  C$Sprite.c$26$1_0$181              Sprite
     00000C6B  A$Sprite$285                       Sprite
     00000C6C  A$Sprite$286                       Sprite
     00000C6E  A$Sprite$290                       Sprite
     00000C6E  C$Sprite.c$28$1_0$181              Sprite
     00000C71  A$Sprite$291                       Sprite
     00000C72  A$Sprite$292                       Sprite
     00000C73  A$Sprite$293                       Sprite
     00000C74  A$Sprite$294                       Sprite
     00000C75  A$Sprite$298                       Sprite
     00000C75  C$Sprite.c$30$1_0$181              Sprite
     00000C76  A$Sprite$299                       Sprite
     00000C77  A$Sprite$300                       Sprite
     00000C78  A$Sprite$301                       Sprite
     00000C79  A$Sprite$302                       Sprite
     00000C7C  A$Sprite$303                       Sprite
     00000C7D  A$Sprite$307                       Sprite
     00000C7D  C$Sprite.c$32$1_0$181              Sprite
     00000C80  A$Sprite$308                       Sprite
     00000C81  A$Sprite$309                       Sprite
     00000C83  A$Sprite$313                       Sprite
ASxxxx Linker V03.00/V05.40 + sdld,  page 11.
Hexadecimal  [32-Bits]

Area                                    Addr        Size        Decimal Bytes (Attributes)
--------------------------------        ----        ----        ------- ----- ------------
_CODE                               00000200    00002C59 =       11353. bytes (REL,CON)

      Value  Global                              Global Defined In Module
      -----  --------------------------------   ------------------------
     00000C83  C$Sprite.c$34$1_0$181              Sprite
     00000C86  A$Sprite$314                       Sprite
     00000C87  A$Sprite$315                       Sprite
     00000C88  A$Sprite$316                       Sprite
     00000C89  A$Sprite$317                       Sprite
     00000C8A  A$Sprite$321                       Sprite
     00000C8A  C$Sprite.c$35$1_0$181              Sprite
     00000C8D  A$Sprite$322                       Sprite
     00000C8E  A$Sprite$323                       Sprite
     00000C8F  A$Sprite$324                       Sprite
     00000C90  A$Sprite$325                       Sprite
     00000C91  A$Sprite$329                       Sprite
     00000C91  C$Sprite.c$37$1_0$181              Sprite
     00000C93  A$Sprite$330                       Sprite
     00000C94  A$Sprite$331                       Sprite
     00000C95  A$Sprite$332                       Sprite
     00000C96  A$Sprite$333                       Sprite
     00000C97  A$Sprite$334                       Sprite
     00000C98  A$Sprite$335                       Sprite
     00000C99  A$Sprite$336                       Sprite
     00000C9A  A$Sprite$337                       Sprite
     00000C9D  A$Sprite$338                       Sprite
     00000C9E  A$Sprite$339                       Sprite
     00000C9F  A$Sprite$343                       Sprite
     00000C9F  C$Sprite.c$38$1_0$181              Sprite
     00000CA2  A$Sprite$344                       Sprite
     00000CA3  A$Sprite$345                       Sprite
     00000CA4  A$Sprite$346                       Sprite
     00000CA5  A$Sprite$347                       Sprite
     00000CA7  A$Sprite$348                       Sprite
     00000CA8  A$Sprite$349                       Sprite
     00000CA9  A$Sprite$350                       Sprite
     00000CAA  A$Sprite$351                       Sprite
     00000CAC  A$Sprite$352                       Sprite
     00000CAD  A$Sprite$353                       Sprite
     00000CAE  A$Sprite$354                       Sprite
     00000CAF  A$Sprite$355                       Sprite
     00000CB0  A$Sprite$356                       Sprite
     00000CB1  A$Sprite$357                       Sprite
     00000CB2  A$Sprite$358                       Sprite
     00000CB3  A$Sprite$359                       Sprite
     00000CB4  A$Sprite$360                       Sprite
     00000CB5  A$Sprite$361                       Sprite
     00000CB6  A$Sprite$365                       Sprite
     00000CB6  C$Sprite.c$39$1_0$181              Sprite
     00000CB9  A$Sprite$366                       Sprite
     00000CBA  A$Sprite$367                       Sprite
     00000CBB  A$Sprite$368                       Sprite
     00000CBC  A$Sprite$369                       Sprite
     00000CBD  A$Sprite$370                       Sprite
     00000CBE  A$Sprite$371                       Sprite
ASxxxx Linker V03.00/V05.40 + sdld,  page 12.
Hexadecimal  [32-Bits]

Area                                    Addr        Size        Decimal Bytes (Attributes)
--------------------------------        ----        ----        ------- ----- ------------
_CODE                               00000200    00002C59 =       11353. bytes (REL,CON)

      Value  Global                              Global Defined In Module
      -----  --------------------------------   ------------------------
     00000CBF  A$Sprite$372                       Sprite
     00000CC0  A$Sprite$373                       Sprite
     00000CC1  A$Sprite$377                       Sprite
     00000CC1  C$Sprite.c$40$1_0$181              Sprite
     00000CC4  A$Sprite$381                       Sprite
     00000CC6  A$Sprite$386                       Sprite
     00000CC6  C$Sprite.c$41$1_0$181              Sprite
     00000CC6  XG$InitSprite$0$0                  Sprite
     00000CC7  A$Sprite$396                       Sprite
     00000CC7  C$Sprite.c$43$1_0$183              Sprite
     00000CC7  G$SetSpriteAnim$0$0                Sprite
     00000CC7  _SetSpriteAnim                     Sprite
     00000CC9  A$Sprite$397                       Sprite
     00000CCB  A$Sprite$398                       Sprite
     00000CCC  A$Sprite$399                       Sprite
     00000CCD  A$Sprite$403                       Sprite
     00000CCD  C$Sprite.c$44$1_0$183              Sprite
     00000CCE  A$Sprite$404                       Sprite
     00000CCF  A$Sprite$405                       Sprite
     00000CD0  A$Sprite$406                       Sprite
     00000CD1  A$Sprite$407                       Sprite
     00000CD2  A$Sprite$408                       Sprite
     00000CD5  A$Sprite$409                       Sprite
     00000CD6  A$Sprite$410                       Sprite
     00000CD7  A$Sprite$411                       Sprite
     00000CD8  A$Sprite$412                       Sprite
     00000CD9  A$Sprite$413                       Sprite
     00000CDA  A$Sprite$414                       Sprite
     00000CDB  A$Sprite$415                       Sprite
     00000CDC  A$Sprite$416                       Sprite
     00000CDD  A$Sprite$419                       Sprite
     00000CDE  A$Sprite$420                       Sprite
     00000CDF  A$Sprite$421                       Sprite
     00000CE0  A$Sprite$424                       Sprite
     00000CE1  A$Sprite$425                       Sprite
     00000CE2  A$Sprite$426                       Sprite
     00000CE4  A$Sprite$427                       Sprite
     00000CE5  A$Sprite$428                       Sprite
     00000CE6  A$Sprite$429                       Sprite
     00000CE8  A$Sprite$434                       Sprite
     00000CE8  C$Sprite.c$45$2_0$184              Sprite
     00000CE9  A$Sprite$435                       Sprite
     00000CEA  A$Sprite$436                       Sprite
     00000CEB  A$Sprite$437                       Sprite
     00000CEC  A$Sprite$438                       Sprite
     00000CED  A$Sprite$442                       Sprite
     00000CED  C$Sprite.c$46$2_0$184              Sprite
     00000CEE  A$Sprite$443                       Sprite
     00000CEF  A$Sprite$444                       Sprite
     00000CF1  A$Sprite$445                       Sprite
     00000CF2  A$Sprite$446                       Sprite
ASxxxx Linker V03.00/V05.40 + sdld,  page 13.
Hexadecimal  [32-Bits]

Area                                    Addr        Size        Decimal Bytes (Attributes)
--------------------------------        ----        ----        ------- ----- ------------
_CODE                               00000200    00002C59 =       11353. bytes (REL,CON)

      Value  Global                              Global Defined In Module
      -----  --------------------------------   ------------------------
     00000CF3  A$Sprite$447                       Sprite
     00000CF4  A$Sprite$448                       Sprite
     00000CF7  A$Sprite$452                       Sprite
     00000CF7  C$Sprite.c$47$2_0$184              Sprite
     00000CF9  A$Sprite$453                       Sprite
     00000CFA  A$Sprite$454                       Sprite
     00000CFB  A$Sprite$455                       Sprite
     00000CFC  A$Sprite$456                       Sprite
     00000CFF  A$Sprite$457                       Sprite
     00000D00  A$Sprite$458                       Sprite
     00000D01  A$Sprite$459                       Sprite
     00000D02  A$Sprite$460                       Sprite
     00000D03  A$Sprite$461                       Sprite
     00000D04  A$Sprite$465                       Sprite
     00000D04  C$Sprite.c$48$2_0$184              Sprite
     00000D06  A$Sprite$466                       Sprite
     00000D07  A$Sprite$467                       Sprite
     00000D08  A$Sprite$468                       Sprite
     00000D09  A$Sprite$469                       Sprite
     00000D0C  A$Sprite$470                       Sprite
     00000D0D  A$Sprite$471                       Sprite
     00000D0E  A$Sprite$472                       Sprite
     00000D0F  A$Sprite$473                       Sprite
     00000D10  A$Sprite$474                       Sprite
     00000D11  A$Sprite$478                       Sprite
     00000D11  C$Sprite.c$49$2_0$184              Sprite
     00000D13  A$Sprite$479                       Sprite
     00000D14  A$Sprite$480                       Sprite
     00000D15  A$Sprite$481                       Sprite
     00000D16  A$Sprite$482                       Sprite
     00000D19  A$Sprite$483                       Sprite
     00000D1A  A$Sprite$484                       Sprite
     00000D1B  A$Sprite$485                       Sprite
     00000D1C  A$Sprite$486                       Sprite
     00000D1E  A$Sprite$487                       Sprite
     00000D1F  A$Sprite$488                       Sprite
     00000D20  A$Sprite$493                       Sprite
     00000D20  C$Sprite.c$51$1_0$183              Sprite
     00000D22  A$Sprite$494                       Sprite
     00000D23  A$Sprite$495                       Sprite
     00000D24  A$Sprite$496                       Sprite
     00000D25  A$Sprite$506                       Sprite
     00000D25  C$Sprite.c$88$1_0$187              Sprite
     00000D25  G$DrawSprite$0$0                   Sprite
     00000D25  _DrawSprite                        Sprite
     00000D27  A$Sprite$510                       Sprite
     00000D2A  A$Sprite$511                       Sprite
     00000D2C  A$Sprite$512                       Sprite
     00000D2D  A$Sprite$513                       Sprite
     00000D30  A$Sprite$514                       Sprite
     00000D32  A$Sprite$515                       Sprite
ASxxxx Linker V03.00/V05.40 + sdld,  page 14.
Hexadecimal  [32-Bits]

Area                                    Addr        Size        Decimal Bytes (Attributes)
--------------------------------        ----        ----        ------- ----- ------------
_CODE                               00000200    00002C59 =       11353. bytes (REL,CON)

      Value  Global                              Global Defined In Module
      -----  --------------------------------   ------------------------
     00000D33  A$Sprite$516                       Sprite
     00000D34  A$Sprite$517                       Sprite
     00000D35  A$Sprite$518                       Sprite
     00000D36  A$Sprite$519                       Sprite
     00000D39  A$Sprite$520                       Sprite
     00000D3A  A$Sprite$521                       Sprite
     00000D3B  A$Sprite$522                       Sprite
     00000D3C  A$Sprite$523                       Sprite
     00000D3F  A$Sprite$527                       Sprite
     00000D41  A$Sprite$528                       Sprite
     00000D42  A$Sprite$529                       Sprite
     00000D43  A$Sprite$530                       Sprite
     00000D44  A$Sprite$531                       Sprite
     00000D47  A$Sprite$532                       Sprite
     00000D48  A$Sprite$533                       Sprite
     00000D49  A$Sprite$534                       Sprite
     00000D4A  A$Sprite$535                       Sprite
     00000D4B  A$Sprite$536                       Sprite
     00000D4D  A$Sprite$537                       Sprite
     00000D4E  A$Sprite$538                       Sprite
     00000D4F  A$Sprite$539                       Sprite
     00000D50  A$Sprite$540                       Sprite
     00000D51  A$Sprite$541                       Sprite
     00000D52  A$Sprite$542                       Sprite
     00000D53  A$Sprite$543                       Sprite
     00000D56  A$Sprite$544                       Sprite
     00000D57  A$Sprite$545                       Sprite
     00000D58  A$Sprite$546                       Sprite
     00000D59  A$Sprite$547                       Sprite
     00000D5A  A$Sprite$548                       Sprite
     00000D5B  A$Sprite$549                       Sprite
     00000D5E  A$Sprite$550                       Sprite
     00000D5F  A$Sprite$551                       Sprite
     00000D60  A$Sprite$552                       Sprite
     00000D62  A$Sprite$554                       Sprite
     00000D63  A$Sprite$556                       Sprite
     00000D64  A$Sprite$557                       Sprite
     00000D66  A$Sprite$558                       Sprite
     00000D68  A$Sprite$559                       Sprite
     00000D69  A$Sprite$560                       Sprite
     00000D6A  A$Sprite$564                       Sprite
     00000D6D  A$Sprite$565                       Sprite
     00000D6E  A$Sprite$566                       Sprite
     00000D6F  A$Sprite$567                       Sprite
     00000D70  A$Sprite$571                       Sprite
     00000D70  C$Sprite.c$98$2_0$188              Sprite
     00000D73  A$Sprite$572                       Sprite
     00000D74  A$Sprite$573                       Sprite
     00000D75  A$Sprite$574                       Sprite
     00000D77  A$Sprite$575                       Sprite
     00000D78  A$Sprite$576                       Sprite
ASxxxx Linker V03.00/V05.40 + sdld,  page 15.
Hexadecimal  [32-Bits]

Area                                    Addr        Size        Decimal Bytes (Attributes)
--------------------------------        ----        ----        ------- ----- ------------
_CODE                               00000200    00002C59 =       11353. bytes (REL,CON)

      Value  Global                              Global Defined In Module
      -----  --------------------------------   ------------------------
     00000D7B  A$Sprite$580                       Sprite
     00000D7B  C$Sprite.c$99$3_0$189              Sprite
     00000D7E  A$Sprite$581                       Sprite
     00000D7F  A$Sprite$582                       Sprite
     00000D80  A$Sprite$583                       Sprite
     00000D81  A$Sprite$587                       Sprite
     00000D84  A$Sprite$588                       Sprite
     00000D85  A$Sprite$589                       Sprite
     00000D86  A$Sprite$590                       Sprite
     00000D87  A$Sprite$594                       Sprite
     00000D87  C$Sprite.c$99$1_0$187              Sprite
     00000D8A  A$Sprite$595                       Sprite
     00000D8B  A$Sprite$596                       Sprite
     00000D8C  A$Sprite$597                       Sprite
     00000D8D  A$Sprite$601                       Sprite
     00000D8D  C$Sprite.c$100$3_0$189             Sprite
     00000D8E  A$Sprite$602                       Sprite
     00000D90  A$Sprite$603                       Sprite
     00000D91  A$Sprite$604                       Sprite
     00000D94  A$Sprite$605                       Sprite
     00000D95  A$Sprite$606                       Sprite
     00000D96  A$Sprite$607                       Sprite
     00000D97  A$Sprite$609                       Sprite
     00000D98  A$Sprite$612                       Sprite
     00000D99  A$Sprite$613                       Sprite
     00000D9B  A$Sprite$614                       Sprite
     00000D9C  A$Sprite$615                       Sprite
     00000D9D  A$Sprite$616                       Sprite
     00000D9F  A$Sprite$620                       Sprite
     00000D9F  C$Sprite.c$101$4_0$190             Sprite
     00000DA0  A$Sprite$621                       Sprite
     00000DA1  A$Sprite$626                       Sprite
     00000DA4  A$Sprite$627                       Sprite
     00000DA5  A$Sprite$628                       Sprite
     00000DA6  A$Sprite$629                       Sprite
     00000DA7  A$Sprite$633                       Sprite
     00000DA7  C$Sprite.c$104$3_0$189             Sprite
     00000DAA  A$Sprite$634                       Sprite
     00000DAB  A$Sprite$635                       Sprite
     00000DAC  A$Sprite$636                       Sprite
     00000DAD  A$Sprite$638                       Sprite
     00000DAE  A$Sprite$641                       Sprite
     00000DAF  A$Sprite$642                       Sprite
     00000DB1  A$Sprite$643                       Sprite
     00000DB2  A$Sprite$644                       Sprite
     00000DB3  A$Sprite$645                       Sprite
     00000DB5  A$Sprite$646                       Sprite
     00000DB6  A$Sprite$647                       Sprite
     00000DB7  A$Sprite$648                       Sprite
     00000DB9  A$Sprite$649                       Sprite
     00000DBA  A$Sprite$650                       Sprite
ASxxxx Linker V03.00/V05.40 + sdld,  page 16.
Hexadecimal  [32-Bits]

Area                                    Addr        Size        Decimal Bytes (Attributes)
--------------------------------        ----        ----        ------- ----- ------------
_CODE                               00000200    00002C59 =       11353. bytes (REL,CON)

      Value  Global                              Global Defined In Module
      -----  --------------------------------   ------------------------
     00000DBB  A$Sprite$651                       Sprite
     00000DBC  A$Sprite$652                       Sprite
     00000DBD  A$Sprite$653                       Sprite
     00000DBF  A$Sprite$654                       Sprite
     00000DC0  A$Sprite$658                       Sprite
     00000DC0  C$Sprite.c$105$3_0$189             Sprite
     00000DC1  A$Sprite$659                       Sprite
     00000DC2  A$Sprite$660                       Sprite
     00000DC3  A$Sprite$661                       Sprite
     00000DC6  A$Sprite$662                       Sprite
     00000DC7  A$Sprite$666                       Sprite
     00000DCA  A$Sprite$667                       Sprite
     00000DCB  A$Sprite$668                       Sprite
     00000DCC  A$Sprite$669                       Sprite
     00000DCD  A$Sprite$673                       Sprite
     00000DCD  C$Sprite.c$106$3_0$189             Sprite
     00000DD0  A$Sprite$674                       Sprite
     00000DD1  A$Sprite$675                       Sprite
     00000DD2  A$Sprite$676                       Sprite
     00000DD3  A$Sprite$677                       Sprite
     00000DD5  A$Sprite$678                       Sprite
     00000DD6  A$Sprite$679                       Sprite
     00000DD7  A$Sprite$680                       Sprite
     00000DD8  A$Sprite$681                       Sprite
     00000DDA  A$Sprite$682                       Sprite
     00000DDB  A$Sprite$683                       Sprite
     00000DDC  A$Sprite$684                       Sprite
     00000DDD  A$Sprite$685                       Sprite
     00000DDE  A$Sprite$686                       Sprite
     00000DDF  A$Sprite$687                       Sprite
     00000DE0  A$Sprite$688                       Sprite
     00000DE1  A$Sprite$689                       Sprite
     00000DE4  A$Sprite$690                       Sprite
     00000DE5  A$Sprite$691                       Sprite
     00000DE6  A$Sprite$692                       Sprite
     00000DE7  A$Sprite$693                       Sprite
     00000DE8  A$Sprite$694                       Sprite
     00000DEA  A$Sprite$695                       Sprite
     00000DEB  A$Sprite$696                       Sprite
     00000DED  A$Sprite$697                       Sprite
     00000DEE  A$Sprite$698                       Sprite
     00000DEF  A$Sprite$699                       Sprite
     00000DF0  A$Sprite$700                       Sprite
     00000DF1  A$Sprite$701                       Sprite
     00000DF2  A$Sprite$702                       Sprite
     00000DF4  A$Sprite$703                       Sprite
     00000DF5  A$Sprite$704                       Sprite
     00000DF6  A$Sprite$705                       Sprite
     00000DF7  A$Sprite$706                       Sprite
     00000DF8  A$Sprite$707                       Sprite
     00000DF9  A$Sprite$708                       Sprite
ASxxxx Linker V03.00/V05.40 + sdld,  page 17.
Hexadecimal  [32-Bits]

Area                                    Addr        Size        Decimal Bytes (Attributes)
--------------------------------        ----        ----        ------- ----- ------------
_CODE                               00000200    00002C59 =       11353. bytes (REL,CON)

      Value  Global                              Global Defined In Module
      -----  --------------------------------   ------------------------
     00000DFA  A$Sprite$712                       Sprite
     00000DFA  C$Sprite.c$107$3_0$189             Sprite
     00000DFD  A$Sprite$716                       Sprite
     00000E00  A$Sprite$717                       Sprite
     00000E01  A$Sprite$718                       Sprite
     00000E02  A$Sprite$719                       Sprite
     00000E03  A$Sprite$723                       Sprite
     00000E03  C$Sprite.c$97$1_0$187              Sprite
     00000E06  A$Sprite$724                       Sprite
     00000E07  A$Sprite$728                       Sprite
     00000E07  C$Sprite.c$108$3_0$189             Sprite
     00000E08  A$Sprite$729                       Sprite
     00000E0A  A$Sprite$730                       Sprite
     00000E0B  A$Sprite$735                       Sprite
     00000E0E  A$Sprite$736                       Sprite
     00000E10  A$Sprite$737                       Sprite
     00000E11  A$Sprite$738                       Sprite
     00000E14  A$Sprite$739                       Sprite
     00000E16  A$Sprite$743                       Sprite
     00000E16  C$Sprite.c$112$1_0$187             Sprite
     00000E17  A$Sprite$744                       Sprite
     00000E18  A$Sprite$745                       Sprite
     00000E19  A$Sprite$746                       Sprite
     00000E1A  A$Sprite$747                       Sprite
     00000E1D  A$Sprite$748                       Sprite
     00000E1E  A$Sprite$749                       Sprite
     00000E1F  A$Sprite$750                       Sprite
     00000E20  A$Sprite$751                       Sprite
     00000E21  A$Sprite$752                       Sprite
     00000E24  A$Sprite$753                       Sprite
     00000E26  A$Sprite$754                       Sprite
     00000E27  A$Sprite$755                       Sprite
     00000E2A  A$Sprite$756                       Sprite
     00000E2C  A$Sprite$757                       Sprite
     00000E2D  A$Sprite$758                       Sprite
     00000E2E  A$Sprite$759                       Sprite
     00000E2F  A$Sprite$760                       Sprite
     00000E30  A$Sprite$761                       Sprite
     00000E31  A$Sprite$762                       Sprite
     00000E32  A$Sprite$763                       Sprite
     00000E33  A$Sprite$764                       Sprite
     00000E34  A$Sprite$765                       Sprite
     00000E35  A$Sprite$766                       Sprite
     00000E37  A$Sprite$767                       Sprite
     00000E38  A$Sprite$768                       Sprite
     00000E39  A$Sprite$772                       Sprite
     00000E39  C$Sprite.c$113$1_0$187             Sprite
     00000E3B  A$Sprite$773                       Sprite
     00000E3C  A$Sprite$774                       Sprite
     00000E3D  A$Sprite$775                       Sprite
     00000E3E  A$Sprite$776                       Sprite
ASxxxx Linker V03.00/V05.40 + sdld,  page 18.
Hexadecimal  [32-Bits]

Area                                    Addr        Size        Decimal Bytes (Attributes)
--------------------------------        ----        ----        ------- ----- ------------
_CODE                               00000200    00002C59 =       11353. bytes (REL,CON)

      Value  Global                              Global Defined In Module
      -----  --------------------------------   ------------------------
     00000E41  A$Sprite$777                       Sprite
     00000E42  A$Sprite$778                       Sprite
     00000E43  A$Sprite$779                       Sprite
     00000E44  A$Sprite$780                       Sprite
     00000E45  A$Sprite$781                       Sprite
     00000E48  A$Sprite$782                       Sprite
     00000E4A  A$Sprite$783                       Sprite
     00000E4B  A$Sprite$784                       Sprite
     00000E4E  A$Sprite$785                       Sprite
     00000E50  A$Sprite$786                       Sprite
     00000E51  A$Sprite$787                       Sprite
     00000E52  A$Sprite$788                       Sprite
     00000E53  A$Sprite$789                       Sprite
     00000E54  A$Sprite$790                       Sprite
     00000E55  A$Sprite$791                       Sprite
     00000E56  A$Sprite$792                       Sprite
     00000E57  A$Sprite$793                       Sprite
     00000E58  A$Sprite$794                       Sprite
     00000E59  A$Sprite$795                       Sprite
     00000E5B  A$Sprite$796                       Sprite
     00000E5C  A$Sprite$800                       Sprite
     00000E5C  C$Sprite.c$115$1_0$187             Sprite
     00000E5D  A$Sprite$801                       Sprite
     00000E5E  A$Sprite$802                       Sprite
     00000E5F  A$Sprite$803                       Sprite
     00000E60  A$Sprite$804                       Sprite
     00000E61  A$Sprite$805                       Sprite
     00000E62  A$Sprite$806                       Sprite
     00000E65  A$Sprite$807                       Sprite
     00000E66  A$Sprite$808                       Sprite
     00000E67  A$Sprite$809                       Sprite
     00000E68  A$Sprite$810                       Sprite
     00000E69  A$Sprite$811                       Sprite
     00000E6B  A$Sprite$812                       Sprite
     00000E6C  A$Sprite$813                       Sprite
     00000E6E  A$Sprite$814                       Sprite
     00000E71  A$Sprite$815                       Sprite
     00000E73  A$Sprite$816                       Sprite
     00000E74  A$Sprite$817                       Sprite
     00000E75  A$Sprite$818                       Sprite
     00000E76  A$Sprite$819                       Sprite
     00000E79  A$Sprite$820                       Sprite
     00000E7A  A$Sprite$821                       Sprite
     00000E7B  A$Sprite$822                       Sprite
     00000E7C  A$Sprite$823                       Sprite
     00000E7D  A$Sprite$824                       Sprite
     00000E7F  A$Sprite$825                       Sprite
     00000E80  A$Sprite$826                       Sprite
     00000E82  A$Sprite$827                       Sprite
     00000E85  A$Sprite$831                       Sprite
     00000E85  C$Sprite.c$116$2_0$191             Sprite
ASxxxx Linker V03.00/V05.40 + sdld,  page 19.
Hexadecimal  [32-Bits]

Area                                    Addr        Size        Decimal Bytes (Attributes)
--------------------------------        ----        ----        ------- ----- ------------
_CODE                               00000200    00002C59 =       11353. bytes (REL,CON)

      Value  Global                              Global Defined In Module
      -----  --------------------------------   ------------------------
     00000E87  A$Sprite$832                       Sprite
     00000E88  A$Sprite$833                       Sprite
     00000E89  A$Sprite$834                       Sprite
     00000E8A  A$Sprite$835                       Sprite
     00000E8D  A$Sprite$836                       Sprite
     00000E8E  A$Sprite$837                       Sprite
     00000E8F  A$Sprite$838                       Sprite
     00000E90  A$Sprite$839                       Sprite
     00000E92  A$Sprite$840                       Sprite
     00000E93  A$Sprite$841                       Sprite
     00000E94  A$Sprite$842                       Sprite
     00000E95  A$Sprite$843                       Sprite
     00000E97  A$Sprite$844                       Sprite
     00000E98  A$Sprite$848                       Sprite
     00000E98  C$Sprite.c$117$2_0$191             Sprite
     00000E9A  A$Sprite$849                       Sprite
     00000E9B  A$Sprite$850                       Sprite
     00000E9C  A$Sprite$851                       Sprite
     00000E9D  A$Sprite$852                       Sprite
     00000EA0  A$Sprite$853                       Sprite
     00000EA1  A$Sprite$854                       Sprite
     00000EA2  A$Sprite$855                       Sprite
     00000EA3  A$Sprite$859                       Sprite
     00000EA3  C$Sprite.c$118$2_0$191             Sprite
     00000EA6  A$Sprite$860                       Sprite
     00000EA8  A$Sprite$861                       Sprite
     00000EA9  A$Sprite$865                       Sprite
     00000EA9  C$Sprite.c$119$2_0$191             Sprite
     00000EAB  A$Sprite$866                       Sprite
     00000EAC  A$Sprite$867                       Sprite
     00000EAD  A$Sprite$868                       Sprite
     00000EAE  A$Sprite$869                       Sprite
     00000EAF  A$Sprite$870                       Sprite
     00000EB0  A$Sprite$871                       Sprite
     00000EB1  A$Sprite$872                       Sprite
     00000EB2  A$Sprite$873                       Sprite
     00000EB5  A$Sprite$874                       Sprite
     00000EB6  A$Sprite$875                       Sprite
     00000EB7  A$Sprite$879                       Sprite
     00000EBA  A$Sprite$880                       Sprite
     00000EBC  A$Sprite$881                       Sprite
     00000EBD  A$Sprite$882                       Sprite
     00000EC0  A$Sprite$883                       Sprite
     00000EC2  A$Sprite$887                       Sprite
     00000EC3  A$Sprite$888                       Sprite
     00000EC4  A$Sprite$889                       Sprite
     00000EC5  A$Sprite$890                       Sprite
     00000EC6  A$Sprite$891                       Sprite
     00000EC9  A$Sprite$892                       Sprite
     00000ECA  A$Sprite$893                       Sprite
     00000ECB  A$Sprite$894                       Sprite
ASxxxx Linker V03.00/V05.40 + sdld,  page 20.
Hexadecimal  [32-Bits]

Area                                    Addr        Size        Decimal Bytes (Attributes)
--------------------------------        ----        ----        ------- ----- ------------
_CODE                               00000200    00002C59 =       11353. bytes (REL,CON)

      Value  Global                              Global Defined In Module
      -----  --------------------------------   ------------------------
     00000ECC  A$Sprite$895                       Sprite
     00000ECD  A$Sprite$896                       Sprite
     00000ECF  A$Sprite$897                       Sprite
     00000ED0  A$Sprite$901                       Sprite
     00000ED0  C$Sprite.c$118$1_0$187             Sprite
     00000ED3  A$Sprite$902                       Sprite
     00000ED5  A$Sprite$906                       Sprite
     00000ED6  A$Sprite$907                       Sprite
     00000ED7  A$Sprite$908                       Sprite
     00000ED9  A$Sprite$909                       Sprite
     00000EDA  A$Sprite$910                       Sprite
     00000EDC  A$Sprite$911                       Sprite
     00000EDD  A$Sprite$915                       Sprite
     00000EDD  C$Sprite.c$106$1_0$187             Sprite
     00000EDF  A$Sprite$916                       Sprite
     00000EE0  A$Sprite$917                       Sprite
     00000EE1  A$Sprite$918                       Sprite
     00000EE2  A$Sprite$919                       Sprite
     00000EE5  A$Sprite$920                       Sprite
     00000EE6  A$Sprite$921                       Sprite
     00000EE7  A$Sprite$922                       Sprite
     00000EE8  A$Sprite$923                       Sprite
     00000EEA  A$Sprite$924                       Sprite
     00000EEB  A$Sprite$925                       Sprite
     00000EEC  A$Sprite$926                       Sprite
     00000EED  A$Sprite$927                       Sprite
     00000EEF  A$Sprite$928                       Sprite
     00000EF0  A$Sprite$932                       Sprite
     00000EF0  C$Sprite.c$122$1_0$187             Sprite
     00000EF2  A$Sprite$933                       Sprite
     00000EF3  A$Sprite$934                       Sprite
     00000EF4  A$Sprite$935                       Sprite
     00000EF5  A$Sprite$936                       Sprite
     00000EF8  A$Sprite$937                       Sprite
     00000EF9  A$Sprite$938                       Sprite
     00000EFA  A$Sprite$939                       Sprite
     00000EFB  A$Sprite$940                       Sprite
     00000EFD  A$Sprite$941                       Sprite
     00000EFE  A$Sprite$942                       Sprite
     00000EFF  A$Sprite$943                       Sprite
     00000F00  A$Sprite$944                       Sprite
     00000F02  A$Sprite$945                       Sprite
     00000F03  A$Sprite$949                       Sprite
     00000F05  A$Sprite$950                       Sprite
     00000F06  A$Sprite$951                       Sprite
     00000F07  A$Sprite$952                       Sprite
     00000F09  A$Sprite$956                       Sprite
     00000F09  C$Sprite.c$123$1_0$187             Sprite
     00000F0B  A$Sprite$957                       Sprite
     00000F0C  A$Sprite$958                       Sprite
     00000F0D  A$Sprite$959                       Sprite
ASxxxx Linker V03.00/V05.40 + sdld,  page 21.
Hexadecimal  [32-Bits]

Area                                    Addr        Size        Decimal Bytes (Attributes)
--------------------------------        ----        ----        ------- ----- ------------
_CODE                               00000200    00002C59 =       11353. bytes (REL,CON)

      Value  Global                              Global Defined In Module
      -----  --------------------------------   ------------------------
     00000F0E  A$Sprite$960                       Sprite
     00000F11  A$Sprite$961                       Sprite
     00000F12  A$Sprite$962                       Sprite
     00000F13  A$Sprite$963                       Sprite
     00000F14  A$Sprite$967                       Sprite
     00000F16  A$Sprite$968                       Sprite
     00000F17  A$Sprite$969                       Sprite
     00000F18  A$Sprite$970                       Sprite
     00000F1A  A$Sprite$974                       Sprite
     00000F1A  C$Sprite.c$124$1_0$187             Sprite
     00000F1C  A$Sprite$975                       Sprite
     00000F1D  A$Sprite$976                       Sprite
     00000F1E  A$Sprite$977                       Sprite
     00000F1F  A$Sprite$978                       Sprite
     00000F22  A$Sprite$979                       Sprite
     00000F23  A$Sprite$980                       Sprite
     00000F24  A$Sprite$981                       Sprite
     00000F25  A$Sprite$985                       Sprite
     00000F25  C$Sprite.c$120$2_0$191             Sprite
     00000F27  A$Sprite$986                       Sprite
     00000F28  A$Sprite$987                       Sprite
     00000F2A  A$Sprite$988                       Sprite
     00000F2D  A$Sprite$989                       Sprite
     00000F2F  A$Sprite$990                       Sprite
     00000F30  A$Sprite$991                       Sprite
     00000F32  A$Sprite$992                       Sprite
     00000F35  A$Sprite$993                       Sprite
     00000F38  A$Sprite$998                       Sprite
     00000F38  C$Sprite.c$122$3_0$192             Sprite
     00000F3A  A$Sprite$999                       Sprite
     00000F3B  A$Sprite$1000                      Sprite
     00000F3C  A$Sprite$1001                      Sprite
     00000F3D  A$Sprite$1002                      Sprite
     00000F3F  A$Sprite$1003                      Sprite
     00000F40  A$Sprite$1004                      Sprite
     00000F41  A$Sprite$1005                      Sprite
     00000F42  A$Sprite$1006                      Sprite
     00000F43  A$Sprite$1007                      Sprite
     00000F46  A$Sprite$1008                      Sprite
     00000F48  A$Sprite$1009                      Sprite
     00000F49  A$Sprite$1010                      Sprite
     00000F4A  A$Sprite$1011                      Sprite
     00000F4B  A$Sprite$1012                      Sprite
     00000F4C  A$Sprite$1013                      Sprite
     00000F4D  A$Sprite$1016                      Sprite
     00000F4E  A$Sprite$1017                      Sprite
     00000F4F  A$Sprite$1019                      Sprite
     00000F50  A$Sprite$1020                      Sprite
     00000F51  A$Sprite$1021                      Sprite
     00000F54  A$Sprite$1022                      Sprite
     00000F55  A$Sprite$1023                      Sprite
ASxxxx Linker V03.00/V05.40 + sdld,  page 22.
Hexadecimal  [32-Bits]

Area                                    Addr        Size        Decimal Bytes (Attributes)
--------------------------------        ----        ----        ------- ----- ------------
_CODE                               00000200    00002C59 =       11353. bytes (REL,CON)

      Value  Global                              Global Defined In Module
      -----  --------------------------------   ------------------------
     00000F56  A$Sprite$1024                      Sprite
     00000F57  A$Sprite$1026                      Sprite
     00000F5A  A$Sprite$1027                      Sprite
     00000F5C  A$Sprite$1029                      Sprite
     00000F5D  A$Sprite$1030                      Sprite
     00000F5E  A$Sprite$1031                      Sprite
     00000F5F  A$Sprite$1032                      Sprite
     00000F60  A$Sprite$1033                      Sprite
     00000F62  A$Sprite$1034                      Sprite
     00000F63  A$Sprite$1035                      Sprite
     00000F66  A$Sprite$1039                      Sprite
     00000F66  C$Sprite.c$122$5_0$197             Sprite
     00000F69  A$Sprite$1040                      Sprite
     00000F6A  A$Sprite$1041                      Sprite
     00000F6B  A$Sprite$1042                      Sprite
     00000F6E  A$Sprite$1047                      Sprite
     00000F6E  C$Sprite.c$123$3_0$192             Sprite
     00000F6F  A$Sprite$1048                      Sprite
     00000F71  A$Sprite$1049                      Sprite
     00000F72  A$Sprite$1050                      Sprite
     00000F73  A$Sprite$1051                      Sprite
     00000F74  A$Sprite$1052                      Sprite
     00000F76  A$Sprite$1053                      Sprite
     00000F77  A$Sprite$1054                      Sprite
     00000F78  A$Sprite$1055                      Sprite
     00000F79  A$Sprite$1056                      Sprite
     00000F7A  A$Sprite$1057                      Sprite
     00000F7D  A$Sprite$1058                      Sprite
     00000F7F  A$Sprite$1059                      Sprite
     00000F80  A$Sprite$1060                      Sprite
     00000F81  A$Sprite$1061                      Sprite
     00000F82  A$Sprite$1062                      Sprite
     00000F83  A$Sprite$1063                      Sprite
     00000F84  A$Sprite$1064                      Sprite
     00000F85  A$Sprite$1065                      Sprite
     00000F86  A$Sprite$1066                      Sprite
     00000F87  A$Sprite$1067                      Sprite
     00000F89  A$Sprite$1068                      Sprite
     00000F8A  A$Sprite$1069                      Sprite
     00000F8C  A$Sprite$1070                      Sprite
     00000F8D  A$Sprite$1071                      Sprite
     00000F8E  A$Sprite$1073                      Sprite
     00000F91  A$Sprite$1074                      Sprite
     00000F92  A$Sprite$1075                      Sprite
     00000F93  A$Sprite$1076                      Sprite
     00000F94  A$Sprite$1078                      Sprite
     00000F97  A$Sprite$1079                      Sprite
     00000F99  A$Sprite$1081                      Sprite
     00000F9B  A$Sprite$1082                      Sprite
     00000F9C  A$Sprite$1083                      Sprite
     00000F9E  A$Sprite$1084                      Sprite
ASxxxx Linker V03.00/V05.40 + sdld,  page 23.
Hexadecimal  [32-Bits]

Area                                    Addr        Size        Decimal Bytes (Attributes)
--------------------------------        ----        ----        ------- ----- ------------
_CODE                               00000200    00002C59 =       11353. bytes (REL,CON)

      Value  Global                              Global Defined In Module
      -----  --------------------------------   ------------------------
     00000FA0  A$Sprite$1085                      Sprite
     00000FA2  A$Sprite$1086                      Sprite
     00000FA5  A$Sprite$1087                      Sprite
     00000FA7  A$Sprite$1089                      Sprite
     00000FAA  A$Sprite$1091                      Sprite
     00000FAB  A$Sprite$1092                      Sprite
     00000FAC  A$Sprite$1093                      Sprite
     00000FAD  A$Sprite$1094                      Sprite
     00000FAE  A$Sprite$1095                      Sprite
     00000FAF  A$Sprite$1096                      Sprite
     00000FB0  A$Sprite$1097                      Sprite
     00000FB2  A$Sprite$1098                      Sprite
     00000FB3  A$Sprite$1099                      Sprite
     00000FB6  A$Sprite$1103                      Sprite
     00000FB6  C$Sprite.c$123$5_0$200             Sprite
     00000FB9  A$Sprite$1104                      Sprite
     00000FBA  A$Sprite$1105                      Sprite
     00000FBB  A$Sprite$1106                      Sprite
     00000FBE  A$Sprite$1111                      Sprite
     00000FBE  C$Sprite.c$124$3_0$192             Sprite
     00000FC0  A$Sprite$1112                      Sprite
     00000FC1  A$Sprite$1113                      Sprite
     00000FC2  A$Sprite$1114                      Sprite
     00000FC3  A$Sprite$1115                      Sprite
     00000FC4  A$Sprite$1116                      Sprite
     00000FC5  A$Sprite$1117                      Sprite
     00000FC7  A$Sprite$1118                      Sprite
     00000FC8  A$Sprite$1119                      Sprite
     00000FC9  A$Sprite$1120                      Sprite
     00000FCA  A$Sprite$1121                      Sprite
     00000FCB  A$Sprite$1122                      Sprite
     00000FCE  A$Sprite$1123                      Sprite
     00000FD0  A$Sprite$1124                      Sprite
     00000FD1  A$Sprite$1125                      Sprite
     00000FD2  A$Sprite$1126                      Sprite
     00000FD3  A$Sprite$1127                      Sprite
     00000FD4  A$Sprite$1128                      Sprite
     00000FD5  A$Sprite$1131                      Sprite
     00000FD6  A$Sprite$1132                      Sprite
     00000FD7  A$Sprite$1134                      Sprite
     00000FD8  A$Sprite$1135                      Sprite
     00000FD9  A$Sprite$1136                      Sprite
     00000FDC  A$Sprite$1137                      Sprite
     00000FDD  A$Sprite$1138                      Sprite
     00000FDE  A$Sprite$1139                      Sprite
     00000FDF  A$Sprite$1141                      Sprite
     00000FE2  A$Sprite$1142                      Sprite
     00000FE4  A$Sprite$1144                      Sprite
     00000FE5  A$Sprite$1145                      Sprite
     00000FE7  A$Sprite$1146                      Sprite
     00000FE8  A$Sprite$1147                      Sprite
ASxxxx Linker V03.00/V05.40 + sdld,  page 24.
Hexadecimal  [32-Bits]

Area                                    Addr        Size        Decimal Bytes (Attributes)
--------------------------------        ----        ----        ------- ----- ------------
_CODE                               00000200    00002C59 =       11353. bytes (REL,CON)

      Value  Global                              Global Defined In Module
      -----  --------------------------------   ------------------------
     00000FEA  A$Sprite$1148                      Sprite
     00000FEB  A$Sprite$1149                      Sprite
     00000FEC  A$Sprite$1150                      Sprite
     00000FEE  A$Sprite$1151                      Sprite
     00000FEF  A$Sprite$1152                      Sprite
     00000FF2  A$Sprite$1156                      Sprite
     00000FF2  C$Sprite.c$124$5_0$203             Sprite
     00000FF5  A$Sprite$1157                      Sprite
     00000FF6  A$Sprite$1158                      Sprite
     00000FF7  A$Sprite$1159                      Sprite
     00000FF9  A$Sprite$1164                      Sprite
     00000FF9  C$Sprite.c$125$3_0$192             Sprite
     00000FFA  A$Sprite$1165                      Sprite
     00000FFC  A$Sprite$1166                      Sprite
     00000FFD  A$Sprite$1167                      Sprite
     00000FFE  A$Sprite$1168                      Sprite
     00000FFF  A$Sprite$1169                      Sprite
     00001000  A$Sprite$1170                      Sprite
     00001001  A$Sprite$1171                      Sprite
     00001003  A$Sprite$1172                      Sprite
     00001004  A$Sprite$1173                      Sprite
     00001005  A$Sprite$1174                      Sprite
     00001006  A$Sprite$1175                      Sprite
     00001007  A$Sprite$1176                      Sprite
     0000100A  A$Sprite$1177                      Sprite
     0000100C  A$Sprite$1178                      Sprite
     0000100D  A$Sprite$1179                      Sprite
     0000100E  A$Sprite$1180                      Sprite
     0000100F  A$Sprite$1181                      Sprite
     00001010  A$Sprite$1182                      Sprite
     00001011  A$Sprite$1183                      Sprite
     00001012  A$Sprite$1184                      Sprite
     00001013  A$Sprite$1185                      Sprite
     00001014  A$Sprite$1186                      Sprite
     00001015  A$Sprite$1187                      Sprite
     00001016  A$Sprite$1188                      Sprite
     00001018  A$Sprite$1189                      Sprite
     00001019  A$Sprite$1190                      Sprite
     0000101B  A$Sprite$1191                      Sprite
     0000101C  A$Sprite$1192                      Sprite
     0000101D  A$Sprite$1194                      Sprite
     00001020  A$Sprite$1195                      Sprite
     00001021  A$Sprite$1196                      Sprite
     00001022  A$Sprite$1197                      Sprite
     00001023  A$Sprite$1199                      Sprite
     00001026  A$Sprite$1200                      Sprite
     00001028  A$Sprite$1202                      Sprite
     0000102A  A$Sprite$1203                      Sprite
     0000102B  A$Sprite$1204                      Sprite
     0000102D  A$Sprite$1205                      Sprite
     0000102E  A$Sprite$1206                      Sprite
ASxxxx Linker V03.00/V05.40 + sdld,  page 25.
Hexadecimal  [32-Bits]

Area                                    Addr        Size        Decimal Bytes (Attributes)
--------------------------------        ----        ----        ------- ----- ------------
_CODE                               00000200    00002C59 =       11353. bytes (REL,CON)

      Value  Global                              Global Defined In Module
[...]
--------------------------------        ----        ----        ------- ----- ------------
_CODE_3                             00034000    00000B1A =        2842. bytes (REL,CON)

      Value  Global                              Global Defined In Module
      -----  --------------------------------   ------------------------
     00034A3F  A$SpriteCamera$299                 SpriteCamera
     00034A40  A$SpriteCamera$303                 SpriteCamera
     00034A40  C$SpriteCamera.c$30$2_1$183        SpriteCamera
     00034A42  A$SpriteCamera$304                 SpriteCamera
     00034A43  A$SpriteCamera$305                 SpriteCamera
     00034A44  A$SpriteCamera$306                 SpriteCamera
     00034A45  A$SpriteCamera$307                 SpriteCamera
     00034A46  A$SpriteCamera$308                 SpriteCamera
     00034A47  A$SpriteCamera$309                 SpriteCamera
     00034A49  A$SpriteCamera$310                 SpriteCamera
     00034A4B  A$SpriteCamera$311                 SpriteCamera
     00034A4D  A$SpriteCamera$312                 SpriteCamera
     00034A4F  A$SpriteCamera$317                 SpriteCamera
     00034A4F  C$SpriteCamera.c$31$2_1$183        SpriteCamera
     00034A51  A$SpriteCamera$318                 SpriteCamera
     00034A52  A$SpriteCamera$319                 SpriteCamera
     00034A53  A$SpriteCamera$320                 SpriteCamera
     00034A54  A$SpriteCamera$321                 SpriteCamera
     00034A55  A$SpriteCamera$322                 SpriteCamera
     00034A57  A$SpriteCamera$323                 SpriteCamera
     00034A59  A$SpriteCamera$324                 SpriteCamera
     00034A5B  A$SpriteCamera$329                 SpriteCamera
     00034A5B  C$SpriteCamera.c$33$1_2$186        SpriteCamera
     00034A5D  A$SpriteCamera$330                 SpriteCamera
     00034A5E  A$SpriteCamera$331                 SpriteCamera
     00034A5F  A$SpriteCamera$332                 SpriteCamera
     00034A60  A$SpriteCamera$333                 SpriteCamera
     00034A62  A$SpriteCamera$334                 SpriteCamera
     00034A63  A$SpriteCamera$335                 SpriteCamera
     00034A64  A$SpriteCamera$336                 SpriteCamera
     00034A65  A$SpriteCamera$337                 SpriteCamera
     00034A66  A$SpriteCamera$338                 SpriteCamera
     00034A67  A$SpriteCamera$339                 SpriteCamera
     00034A68  A$SpriteCamera$340                 SpriteCamera
     00034A69  A$SpriteCamera$341                 SpriteCamera
     00034A6A  A$SpriteCamera$342                 SpriteCamera
     00034A6B  A$SpriteCamera$343                 SpriteCamera
     00034A6C  A$SpriteCamera$347                 SpriteCamera
     00034A6C  C$SpriteCamera.c$34$1_2$186        SpriteCamera
     00034A6D  A$SpriteCamera$348                 SpriteCamera
     00034A6F  A$SpriteCamera$349                 SpriteCamera
     00034A70  A$SpriteCamera$350                 SpriteCamera
     00034A71  A$SpriteCamera$351                 SpriteCamera
     00034A72  A$SpriteCamera$352                 SpriteCamera
     00034A73  A$SpriteCamera$353                 SpriteCamera
     00034A75  A$SpriteCamera$354                 SpriteCamera
     00034A77  A$SpriteCamera$355                 SpriteCamera
     00034A78  A$SpriteCamera$356                 SpriteCamera
     00034A7A  A$SpriteCamera$357                 SpriteCamera
     00034A7C  A$SpriteCamera$358                 SpriteCamera
     00034A7D  A$SpriteCamera$359                 SpriteCamera
ASxxxx Linker V03.00/V05.40 + sdld,  page 270.
Hexadecimal  [32-Bits]

Area                                    Addr        Size        Decimal Bytes (Attributes)
--------------------------------        ----        ----        ------- ----- ------------
_CODE_3                             00034000    00000B1A =        2842. bytes (REL,CON)

      Value  Global                              Global Defined In Module
      -----  --------------------------------   ------------------------
     00034A7F  A$SpriteCamera$360                 SpriteCamera
     00034A80  A$SpriteCamera$361                 SpriteCamera
     00034A82  A$SpriteCamera$362                 SpriteCamera
     00034A84  A$SpriteCamera$363                 SpriteCamera
     00034A86  A$SpriteCamera$364                 SpriteCamera
     00034A88  A$SpriteCamera$365                 SpriteCamera
     00034A89  A$SpriteCamera$366                 SpriteCamera
     00034A8B  A$SpriteCamera$368                 SpriteCamera
     00034A8D  A$SpriteCamera$369                 SpriteCamera
     00034A8F  A$SpriteCamera$370                 SpriteCamera
     00034A90  A$SpriteCamera$372                 SpriteCamera
     00034A92  A$SpriteCamera$376                 SpriteCamera
     00034A92  C$SpriteCamera.c$35$2_2$187        SpriteCamera
     00034A94  A$SpriteCamera$377                 SpriteCamera
     00034A95  A$SpriteCamera$378                 SpriteCamera
     00034A96  A$SpriteCamera$379                 SpriteCamera
     00034A97  A$SpriteCamera$380                 SpriteCamera
     00034A98  A$SpriteCamera$381                 SpriteCamera
     00034A99  A$SpriteCamera$382                 SpriteCamera
     00034A9B  A$SpriteCamera$383                 SpriteCamera
     00034A9C  A$SpriteCamera$384                 SpriteCamera
     00034A9D  A$SpriteCamera$385                 SpriteCamera
     00034A9E  A$SpriteCamera$386                 SpriteCamera
     00034A9F  A$SpriteCamera$387                 SpriteCamera
     00034AA0  A$SpriteCamera$388                 SpriteCamera
     00034AA1  A$SpriteCamera$389                 SpriteCamera
     00034AA3  A$SpriteCamera$390                 SpriteCamera
     00034AA4  A$SpriteCamera$391                 SpriteCamera
     00034AA5  A$SpriteCamera$392                 SpriteCamera
     00034AA6  A$SpriteCamera$393                 SpriteCamera
     00034AA7  A$SpriteCamera$394                 SpriteCamera
     00034AA8  A$SpriteCamera$395                 SpriteCamera
     00034AA9  A$SpriteCamera$396                 SpriteCamera
     00034AAB  A$SpriteCamera$401                 SpriteCamera
     00034AAB  C$SpriteCamera.c$36$2_2$188        SpriteCamera
     00034AAE  A$SpriteCamera$402                 SpriteCamera
     00034AAF  A$SpriteCamera$403                 SpriteCamera
     00034AB0  A$SpriteCamera$404                 SpriteCamera
     00034AB1  A$SpriteCamera$405                 SpriteCamera
     00034AB2  A$SpriteCamera$406                 SpriteCamera
     00034AB4  A$SpriteCamera$407                 SpriteCamera
     00034AB5  A$SpriteCamera$408                 SpriteCamera
     00034AB6  A$SpriteCamera$409                 SpriteCamera
     00034AB7  A$SpriteCamera$410                 SpriteCamera
     00034AB8  A$SpriteCamera$411                 SpriteCamera
     00034AB9  A$SpriteCamera$412                 SpriteCamera
     00034ABA  A$SpriteCamera$413                 SpriteCamera
     00034ABC  A$SpriteCamera$414                 SpriteCamera
     00034ABD  A$SpriteCamera$415                 SpriteCamera
     00034ABE  A$SpriteCamera$416                 SpriteCamera
     00034ABF  A$SpriteCamera$417                 SpriteCamera
ASxxxx Linker V03.00/V05.40 + sdld,  page 271.
Hexadecimal  [32-Bits]

Area                                    Addr        Size        Decimal Bytes (Attributes)
--------------------------------        ----        ----        ------- ----- ------------
_CODE_3                             00034000    00000B1A =        2842. bytes (REL,CON)

      Value  Global                              Global Defined In Module
      -----  --------------------------------   ------------------------
     00034AC0  A$SpriteCamera$418                 SpriteCamera
     00034AC1  A$SpriteCamera$419                 SpriteCamera
     00034AC2  A$SpriteCamera$424                 SpriteCamera
     00034AC4  A$SpriteCamera$429                 SpriteCamera
     00034AC4  C$SpriteCamera.c$37$1_2$178        SpriteCamera
     00034AC4  XG$Update_SpriteCamera$0$0         SpriteCamera
     00034AC5  A$SpriteCamera$446                 SpriteCamera
     00034AC5  C$SpriteCamera.c$39$1_2$190        SpriteCamera
     00034AC5  C$SpriteCamera.c$40$1_2$190        SpriteCamera
     00034AC5  G$Destroy_SpriteCamera$0$0         SpriteCamera
     00034AC5  XG$Destroy_SpriteCamera$0$0        SpriteCamera
     00034AC5  _Destroy_SpriteCamera              SpriteCamera
     00034AC6  A$SpriteStep$61                    SpriteStep
     00034AC6  C$SpriteStep.c$11$0_0$164          SpriteStep
     00034AC6  C$SpriteStep.c$12$1_0$164          SpriteStep
     00034AC6  G$Start_SpriteStep$0$0             SpriteStep
     00034AC6  _Start_SpriteStep                  SpriteStep
     00034AC9  A$SpriteStep$62                    SpriteStep
     00034ACA  A$SpriteStep$63                    SpriteStep
     00034ACB  A$SpriteStep$64                    SpriteStep
     00034ACC  A$SpriteStep$65                    SpriteStep
     00034ACF  A$SpriteStep$66                    SpriteStep
     00034AD0  A$SpriteStep$67                    SpriteStep
     00034AD2  A$SpriteStep$68                    SpriteStep
     00034AD3  A$SpriteStep$69                    SpriteStep
     00034AD5  A$SpriteStep$73                    SpriteStep
     00034AD5  C$SpriteStep.c$13$1_0$164          SpriteStep
     00034AD8  A$SpriteStep$74                    SpriteStep
     00034AD9  A$SpriteStep$75                    SpriteStep
     00034ADA  A$SpriteStep$76                    SpriteStep
     00034ADB  A$SpriteStep$77                    SpriteStep
     00034ADE  A$SpriteStep$78                    SpriteStep
     00034ADF  A$SpriteStep$79                    SpriteStep
     00034AE1  A$SpriteStep$80                    SpriteStep
     00034AE2  A$SpriteStep$81                    SpriteStep
     00034AE4  A$SpriteStep$85                    SpriteStep
     00034AE4  C$SpriteStep.c$14$1_0$164          SpriteStep
     00034AE6  A$SpriteStep$86                    SpriteStep
     00034AE7  A$SpriteStep$87                    SpriteStep
     00034AE8  A$SpriteStep$88                    SpriteStep
     00034AEB  A$SpriteStep$89                    SpriteStep
     00034AEE  A$SpriteStep$90                    SpriteStep
     00034AEF  A$SpriteStep$91                    SpriteStep
     00034AF0  A$SpriteStep$92                    SpriteStep
     00034AF1  A$SpriteStep$93                    SpriteStep
     00034AF4  A$SpriteStep$97                    SpriteStep
     00034AF4  C$SpriteStep.c$15$1_1$165          SpriteStep
     00034AF7  A$SpriteStep$98                    SpriteStep
     00034AF8  A$SpriteStep$99                    SpriteStep
     00034AF9  A$SpriteStep$100                   SpriteStep
     00034AFA  A$SpriteStep$104                   SpriteStep
ASxxxx Linker V03.00/V05.40 + sdld,  page 272.
Hexadecimal  [32-Bits]

Area                                    Addr        Size        Decimal Bytes (Attributes)
--------------------------------        ----        ----        ------- ----- ------------
_CODE_3                             00034000    00000B1A =        2842. bytes (REL,CON)

      Value  Global                              Global Defined In Module
      -----  --------------------------------   ------------------------
     00034AFA  C$SpriteStep.c$16$1_1$165          SpriteStep
     00034AFD  A$SpriteStep$105                   SpriteStep
     00034AFE  A$SpriteStep$106                   SpriteStep
     00034B00  A$SpriteStep$114                   SpriteStep
     00034B00  C$SpriteStep.c$17$1_1$164          SpriteStep
     00034B00  XG$Start_SpriteStep$0$0            SpriteStep
     00034B01  G$anim_step$0_0$0                  SpriteStep
     00034B01  _anim_step                         SpriteStep
     00034B03  A$SpriteStep$133                   SpriteStep
     00034B03  C$SpriteStep.c$19$1_1$166          SpriteStep
     00034B03  C$SpriteStep.c$20$1_0$166          SpriteStep
     00034B03  G$Update_SpriteStep$0$0            SpriteStep
     00034B03  _Update_SpriteStep                 SpriteStep
     00034B06  A$SpriteStep$134                   SpriteStep
     00034B07  A$SpriteStep$135                   SpriteStep
     00034B08  A$SpriteStep$136                   SpriteStep
     00034B09  A$SpriteStep$140                   SpriteStep
     00034B09  C$SpriteStep.c$21$1_0$166          SpriteStep
     00034B0C  A$SpriteStep$141                   SpriteStep
     00034B0D  A$SpriteStep$145                   SpriteStep
     00034B0D  C$SpriteStep.c$22$1_0$166          SpriteStep
     00034B0E  A$SpriteStep$146                   SpriteStep
     00034B0F  A$SpriteStep$147                   SpriteStep
     00034B10  A$SpriteStep$151                   SpriteStep
     00034B10  C$SpriteStep.c$23$2_0$167          SpriteStep
     00034B13  A$SpriteStep$152                   SpriteStep
     00034B14  A$SpriteStep$153                   SpriteStep
     00034B15  A$SpriteStep$154                   SpriteStep
     00034B16  A$SpriteStep$162                   SpriteStep
     00034B16  C$SpriteStep.c$25$1_0$166          SpriteStep
     00034B16  XG$Update_SpriteStep$0$0           SpriteStep
     00034B19  A$SpriteStep$179                   SpriteStep
     00034B19  C$SpriteStep.c$27$1_0$169          SpriteStep
     00034B19  C$SpriteStep.c$29$1_0$169          SpriteStep
     00034B19  G$Destroy_SpriteStep$0$0           SpriteStep
     00034B19  XG$Destroy_SpriteStep$0$0          SpriteStep
     00034B19  _Destroy_SpriteStep                SpriteStep
ASxxxx Linker V03.00/V05.40 + sdld,  page 273.
Hexadecimal  [32-Bits]

Area                                    Addr        Size        Decimal Bytes (Attributes)
--------------------------------        ----        ----        ------- ----- ------------
_HEADER_NESTED_TIM0                 00000000    00000006 =           6. bytes (ABS,CON)

      Value  Global                              Global Defined In Module
      -----  --------------------------------   ------------------------
ASxxxx Linker V03.00/V05.40 + sdld,  page 274.
Hexadecimal  [32-Bits]

Area                                    Addr        Size        Decimal Bytes (Attributes)
--------------------------------        ----        ----        ------- ----- ------------
_HEADER_LCD0                        00000000    00000003 =           3. bytes (ABS,CON)

      Value  Global                              Global Defined In Module
      -----  --------------------------------   ------------------------
ASxxxx Linker V03.00/V05.40 + sdld,  page 275.

Files Linked                              [ module(s) ]

C:/ZGB-2023.0/common/../env/gbdk/lib/gb/crt0.o
                                          [ Runtime ]
../Dbg/res/hudm.gbm.rel                   [ hudm_gbm ]
../Dbg/res/map.gbm.rel                    [ map_gbm ]
../Dbg/res/maprome.gbm.rel                [ maprome_gbm ]
../Dbg/res/maprome00.gbm.rel              [ maprome00_gbm ]
../Dbg/res/font.gbr.rel                   [ font_gbr ]
../Dbg/res/hudt.gbr.rel                   [ hudt_gbr ]
../Dbg/res/hudtatkflame.gbr.rel           [ hudtatkflame_gbr ]
../Dbg/res/hudtatkgas.gbr.rel             [ hudtatkgas_gbr ]
../Dbg/res/hudtatkgladio.gbr.rel          [ hudtatkgladio_gbr ]
../Dbg/res/hudtatklance.gbr.rel           [ hudtatklance_gbr ]
../Dbg/res/hudtdifcoat.gbr.rel            [ hudtdifcoat_gbr ]
../Dbg/res/hudtdifelmet.gbr.rel           [ hudtdifelmet_gbr ]
../Dbg/res/hudtdifshield.gbr.rel          [ hudtdifshield_gbr ]
../Dbg/res/mapromet.gbr.rel               [ mapromet_gbr ]
../Dbg/res/tiles.gbr.rel                  [ tiles_gbr ]
../Dbg/res/tilesold.gbr.rel               [ tilesold_gbr ]
../Dbg/res/sprites/biga.gbr.rel           [ biga_gbr ]
../Dbg/res/sprites/camera.gbr.rel         [ camera_gbr ]
../Dbg/res/sprites/compass.gbr.rel        [ compass_gbr ]
../Dbg/res/sprites/fire.gbr.rel           [ fire_gbr ]
../Dbg/res/sprites/horse.gbr.rel          [ horse_gbr ]
../Dbg/res/sprites/horse5frames.gbr.rel   [ horse5frames_gbr ]
../Dbg/res/sprites/horse8frames.gbr.rel   [ horse8frames_gbr ]
../Dbg/res/sprites/oldhorse.gbr.rel       [ oldhorse_gbr ]
../Dbg/res/sprites/player.gbr.rel         [ player_gbr ]
../Dbg/res/sprites/step.gbr.rel           [ step_gbr ]
../Dbg/CircleMath.rel                     [ CircleMath ]
../Dbg/SpriteBiga.rel                     [ SpriteBiga ]
../Dbg/SpriteCamera.rel                   [ SpriteCamera ]
../Dbg/SpriteCompass.rel                  [ SpriteCompass ]
../Dbg/SpriteFire.rel                     [ SpriteFire ]
../Dbg/SpriteHorse.rel                    [ SpriteHorse ]
../Dbg/SpritePlayer.rel                   [ SpritePlayer ]
../Dbg/SpriteStep.rel                     [ SpriteStep ]
../Dbg/StateGame.rel                      [ StateGame ]
../Dbg/ZGBMain.rel                        [ ZGBMain ]
C:/ZGB-2023.0/common/lib/hUGEDriver.obj.o
                                          [ hUGEDriver_obj ]


Libraries Linked                          [ object file ]

C:/ZGB-2023.0/common/../env/gbdk/lib/sm83/sm83.lib
                                          [ div.o ]
../Dbg/zgb/zgb.lib                        [ Sprite.o ]
../Dbg/zgb/zgb.lib                        [ main.o ]
../Dbg/zgb/zgb.lib                        [ Scroll.o ]
../Dbg/zgb/zgb.lib                        [ Fade.o ]
../Dbg/zgb/zgb.lib                        [ Fade_b.o ]
../Dbg/zgb/zgb.lib                        [ Music.o ]
C:/ZGB-2023.0/common/../env/gbdk/lib/gb/gb.lib
                                          [ sfr.o ]
../Dbg/zgb/zgb.lib                        [ BankManager.o ]
C:/ZGB-2023.0/common/../env/gbdk/lib/gb/gb.lib
                                          [ cgb_palettes.o ]
../Dbg/zgb/zgb.lib                        [ ZGBMain_Init.o ]
../Dbg/zgb/zgb.lib                        [ SpriteManager.o ]
../Dbg/zgb/zgb.lib                        [ OAMManager.o ]
C:/ZGB-2023.0/common/../env/gbdk/lib/sm83/sm83.lib
                                          [ mul.o ]
C:/ZGB-2023.0/common/../env/gbdk/lib/gb/gb.lib
                                          [ metasprites_flip.o ]
C:/ZGB-2023.0/common/../env/gbdk/lib/gb/gb.lib
                                          [ set_data.o ]
../Dbg/zgb/zgb.lib                        [ Vector.o ]
C:/ZGB-2023.0/common/../env/gbdk/lib/gb/gb.lib
                                          [ set_tile.o ]
../Dbg/zgb/zgb.lib                        [ Keys.o ]
C:/ZGB-2023.0/common/../env/gbdk/lib/gb/gb.lib
                                          [ tim_nested.o ]
C:/ZGB-2023.0/common/../env/gbdk/lib/gb/gb.lib
                                          [ tim_common.o ]
C:/ZGB-2023.0/common/../env/gbdk/lib/gb/gb.lib
                                          [ pad.o ]
C:/ZGB-2023.0/common/../env/gbdk/lib/gb/gb.lib
                                          [ metasprites.o ]
C:/ZGB-2023.0/common/../env/gbdk/lib/sm83/sm83.lib
                                          [ __sdcc_call_hl.o ]
../Dbg/zgb/zgb.lib                        [ Math.o ]
C:/ZGB-2023.0/common/../env/gbdk/lib/sm83/sm83.lib
                                          [ memcpy.o ]
C:/ZGB-2023.0/common/../env/gbdk/lib/sm83/sm83.lib
                                          [ _memset.o ]
C:/ZGB-2023.0/common/../env/gbdk/lib/gb/gb.lib
                                          [ delay.o ]
C:/ZGB-2023.0/common/../env/gbdk/lib/gb/gb.lib
                                          [ ___sdcc_bcall_ehl.o ]
../Dbg/zgb/zgb.lib                        [ Print.o ]
C:/ZGB-2023.0/common/../env/gbdk/lib/gb/gb.lib
                                          [ lcd.o ]
C:/ZGB-2023.0/common/../env/gbdk/lib/sm83/sm83.lib
                                          [ itoa.o ]

ASxxxx Linker V03.00/V05.40 + sdld,  page 276.

User Base Address Definitions

_DATA=0xc0a0
_CODE=0x0200
ASxxxx Linker V03.00/V05.40 + sdld,  page 277.

User Global Definitions

_shadow_OAM=0xC000
.STACK=0xDEFF
.refresh_OAM=0xFF80

