                                      1 ;--------------------------------------------------------
                                      2 ; File Created by SDCC : free open source ISO C Compiler 
                                      3 ; Version 4.3.2 #14228 (MINGW64)
                                      4 ;--------------------------------------------------------
                                      5 	.module item_gbr
                                      6 	.optsdcc -msm83
                                      7 	
                                      8 ;--------------------------------------------------------
                                      9 ; Public variables in this module
                                     10 ;--------------------------------------------------------
                                     11 	.globl _item
                                     12 	.globl _item_metasprites
                                     13 	.globl _item_metasprite8
                                     14 	.globl _item_metasprite7
                                     15 	.globl _item_metasprite6
                                     16 	.globl _item_metasprite5
                                     17 	.globl _item_metasprite4
                                     18 	.globl _item_metasprite3
                                     19 	.globl _item_metasprite2
                                     20 	.globl _item_metasprite1
                                     21 	.globl _item_metasprite0
                                     22 	.globl _item_tiles
                                     23 	.globl _item_palettes
                                     24 	.globl b___func_item
                                     25 	.globl ___func_item
                                     26 ;--------------------------------------------------------
                                     27 ; special function registers
                                     28 ;--------------------------------------------------------
                                     29 ;--------------------------------------------------------
                                     30 ; ram data
                                     31 ;--------------------------------------------------------
                                     32 	.area _DATA
                                     33 ;--------------------------------------------------------
                                     34 ; ram data
                                     35 ;--------------------------------------------------------
                                     36 	.area _INITIALIZED
                                     37 ;--------------------------------------------------------
                                     38 ; absolute external ram data
                                     39 ;--------------------------------------------------------
                                     40 	.area _DABS (ABS)
                                     41 ;--------------------------------------------------------
                                     42 ; global & static initialisations
                                     43 ;--------------------------------------------------------
                                     44 	.area _HOME
                                     45 	.area _GSINIT
                                     46 	.area _GSFINAL
                                     47 	.area _GSINIT
                                     48 ;--------------------------------------------------------
                                     49 ; Home
                                     50 ;--------------------------------------------------------
                                     51 	.area _HOME
                                     52 	.area _HOME
                                     53 ;--------------------------------------------------------
                                     54 ; code
                                     55 ;--------------------------------------------------------
                                     56 	.area _CODE_255
                           000000    57 	G$__func_item$0$0	= .
                                     58 	.globl	G$__func_item$0$0
                           000000    59 	C$item.gbr.c$9$0_0$161	= .
                                     60 	.globl	C$item.gbr.c$9$0_0$161
                                     61 ;../Dbg/res/sprites/item.gbr.c:9: BANKREF(item)
                                     62 ;	---------------------------------
                                     63 ; Function __func_item
                                     64 ; ---------------------------------
                           0000FF    65 	b___func_item	= 255
      000000                         66 ___func_item::
                                     67 	.local b___func_item 
                           0000FF    68 	___bank_item = b___func_item 
                                     69 	.globl ___bank_item 
                                     70 	.area _CODE_255
                           000000    71 G$item_palettes$0_0$0 == .
      000000                         72 _item_palettes:
      000000 FF 7F                   73 	.dw #0x7fff
      000002 9F 02                   74 	.dw #0x029f
      000004 1F 01                   75 	.dw #0x011f
      000006 00 00                   76 	.dw #0x0000
      000008 FF 7F                   77 	.dw #0x7fff
      00000A 2D 7E                   78 	.dw #0x7e2d
      00000C 65 7D                   79 	.dw #0x7d65
      00000E 00 00                   80 	.dw #0x0000
                           000010    81 G$item_tiles$0_0$0 == .
      000010                         82 _item_tiles:
      000010 7F                      83 	.db #0x7f	; 127
      000011 7F                      84 	.db #0x7f	; 127
      000012 E0                      85 	.db #0xe0	; 224
      000013 E0                      86 	.db #0xe0	; 224
      000014 DF                      87 	.db #0xdf	; 223
      000015 C0                      88 	.db #0xc0	; 192
      000016 BF                      89 	.db #0xbf	; 191
      000017 80                      90 	.db #0x80	; 128
      000018 BF                      91 	.db #0xbf	; 191
      000019 80                      92 	.db #0x80	; 128
      00001A BF                      93 	.db #0xbf	; 191
      00001B 81                      94 	.db #0x81	; 129
      00001C BE                      95 	.db #0xbe	; 190
      00001D 82                      96 	.db #0x82	; 130
      00001E B4                      97 	.db #0xb4	; 180
      00001F 8D                      98 	.db #0x8d	; 141
      000020 BC                      99 	.db #0xbc	; 188
      000021 8F                     100 	.db #0x8f	; 143
      000022 BB                     101 	.db #0xbb	; 187
      000023 8F                     102 	.db #0x8f	; 143
      000024 B6                     103 	.db #0xb6	; 182
      000025 9F                     104 	.db #0x9f	; 159
      000026 AF                     105 	.db #0xaf	; 175
      000027 B8                     106 	.db #0xb8	; 184
      000028 BF                     107 	.db #0xbf	; 191
      000029 B0                     108 	.db #0xb0	; 176
      00002A DF                     109 	.db #0xdf	; 223
      00002B C0                     110 	.db #0xc0	; 192
      00002C E0                     111 	.db #0xe0	; 224
      00002D E0                     112 	.db #0xe0	; 224
      00002E 7F                     113 	.db #0x7f	; 127
      00002F 7F                     114 	.db #0x7f	; 127
      000030 FE                     115 	.db #0xfe	; 254
      000031 FE                     116 	.db #0xfe	; 254
      000032 07                     117 	.db #0x07	; 7
      000033 07                     118 	.db #0x07	; 7
      000034 FB                     119 	.db #0xfb	; 251
      000035 3B                     120 	.db #0x3b	; 59
      000036 CD                     121 	.db #0xcd	; 205
      000037 59                     122 	.db #0x59	; 89	'Y'
      000038 8D                     123 	.db #0x8d	; 141
      000039 B9                     124 	.db #0xb9	; 185
      00003A 1D                     125 	.db #0x1d	; 29
      00003B 71                     126 	.db #0x71	; 113	'q'
      00003C 3D                     127 	.db #0x3d	; 61
      00003D E1                     128 	.db #0xe1	; 225
      00003E 7D                     129 	.db #0x7d	; 125
      00003F C1                     130 	.db #0xc1	; 193
      000040 FD                     131 	.db #0xfd	; 253
      000041 81                     132 	.db #0x81	; 129
      000042 FD                     133 	.db #0xfd	; 253
      000043 01                     134 	.db #0x01	; 1
      000044 FD                     135 	.db #0xfd	; 253
      000045 01                     136 	.db #0x01	; 1
      000046 FD                     137 	.db #0xfd	; 253
      000047 01                     138 	.db #0x01	; 1
      000048 FD                     139 	.db #0xfd	; 253
      000049 01                     140 	.db #0x01	; 1
      00004A FB                     141 	.db #0xfb	; 251
      00004B 03                     142 	.db #0x03	; 3
      00004C 07                     143 	.db #0x07	; 7
      00004D 07                     144 	.db #0x07	; 7
      00004E FE                     145 	.db #0xfe	; 254
      00004F FE                     146 	.db #0xfe	; 254
      000050 7F                     147 	.db #0x7f	; 127
      000051 7F                     148 	.db #0x7f	; 127
      000052 E0                     149 	.db #0xe0	; 224
      000053 E0                     150 	.db #0xe0	; 224
      000054 DF                     151 	.db #0xdf	; 223
      000055 C0                     152 	.db #0xc0	; 192
      000056 BF                     153 	.db #0xbf	; 191
      000057 80                     154 	.db #0x80	; 128
      000058 BF                     155 	.db #0xbf	; 191
      000059 80                     156 	.db #0x80	; 128
      00005A BF                     157 	.db #0xbf	; 191
      00005B 80                     158 	.db #0x80	; 128
      00005C FF                     159 	.db #0xff	; 255
      00005D FF                     160 	.db #0xff	; 255
      00005E 00                     161 	.db #0x00	; 0
      00005F FF                     162 	.db #0xff	; 255
      000060 00                     163 	.db #0x00	; 0
      000061 FF                     164 	.db #0xff	; 255
      000062 FF                     165 	.db #0xff	; 255
      000063 FF                     166 	.db #0xff	; 255
      000064 BF                     167 	.db #0xbf	; 191
      000065 80                     168 	.db #0x80	; 128
      000066 BF                     169 	.db #0xbf	; 191
      000067 80                     170 	.db #0x80	; 128
      000068 BF                     171 	.db #0xbf	; 191
      000069 80                     172 	.db #0x80	; 128
      00006A DF                     173 	.db #0xdf	; 223
      00006B C0                     174 	.db #0xc0	; 192
      00006C E0                     175 	.db #0xe0	; 224
      00006D E0                     176 	.db #0xe0	; 224
      00006E 7F                     177 	.db #0x7f	; 127
      00006F 7F                     178 	.db #0x7f	; 127
      000070 FE                     179 	.db #0xfe	; 254
      000071 FE                     180 	.db #0xfe	; 254
      000072 07                     181 	.db #0x07	; 7
      000073 07                     182 	.db #0x07	; 7
      000074 FB                     183 	.db #0xfb	; 251
      000075 03                     184 	.db #0x03	; 3
      000076 FD                     185 	.db #0xfd	; 253
      000077 01                     186 	.db #0x01	; 1
      000078 FD                     187 	.db #0xfd	; 253
      000079 7D                     188 	.db #0x7d	; 125
      00007A FB                     189 	.db #0xfb	; 251
      00007B 0B                     190 	.db #0x0b	; 11
      00007C F5                     191 	.db #0xf5	; 245
      00007D F5                     192 	.db #0xf5	; 245
      00007E 18                     193 	.db #0x18	; 24
      00007F F8                     194 	.db #0xf8	; 248
      000080 18                     195 	.db #0x18	; 24
      000081 F8                     196 	.db #0xf8	; 248
      000082 F5                     197 	.db #0xf5	; 245
      000083 F5                     198 	.db #0xf5	; 245
      000084 FB                     199 	.db #0xfb	; 251
      000085 0B                     200 	.db #0x0b	; 11
      000086 FD                     201 	.db #0xfd	; 253
      000087 7D                     202 	.db #0x7d	; 125
      000088 FD                     203 	.db #0xfd	; 253
      000089 01                     204 	.db #0x01	; 1
      00008A FB                     205 	.db #0xfb	; 251
      00008B 03                     206 	.db #0x03	; 3
      00008C 07                     207 	.db #0x07	; 7
      00008D 07                     208 	.db #0x07	; 7
      00008E FE                     209 	.db #0xfe	; 254
      00008F FE                     210 	.db #0xfe	; 254
      000090 FF                     211 	.db #0xff	; 255
      000091 FF                     212 	.db #0xff	; 255
      000092 E0                     213 	.db #0xe0	; 224
      000093 E0                     214 	.db #0xe0	; 224
      000094 DF                     215 	.db #0xdf	; 223
      000095 C0                     216 	.db #0xc0	; 192
      000096 BF                     217 	.db #0xbf	; 191
      000097 81                     218 	.db #0x81	; 129
      000098 BE                     219 	.db #0xbe	; 190
      000099 83                     220 	.db #0x83	; 131
      00009A BC                     221 	.db #0xbc	; 188
      00009B 87                     222 	.db #0x87	; 135
      00009C B8                     223 	.db #0xb8	; 184
      00009D 8F                     224 	.db #0x8f	; 143
      00009E B2                     225 	.db #0xb2	; 178
      00009F 9D                     226 	.db #0x9d	; 157
      0000A0 B7                     227 	.db #0xb7	; 183
      0000A1 98                     228 	.db #0x98	; 152
      0000A2 B7                     229 	.db #0xb7	; 183
      0000A3 98                     230 	.db #0x98	; 152
      0000A4 B3                     231 	.db #0xb3	; 179
      0000A5 9C                     232 	.db #0x9c	; 156
      0000A6 BB                     233 	.db #0xbb	; 187
      0000A7 8C                     234 	.db #0x8c	; 140
      0000A8 BF                     235 	.db #0xbf	; 191
      0000A9 84                     236 	.db #0x84	; 132
      0000AA DF                     237 	.db #0xdf	; 223
      0000AB C3                     238 	.db #0xc3	; 195
      0000AC E0                     239 	.db #0xe0	; 224
      0000AD E0                     240 	.db #0xe0	; 224
      0000AE FF                     241 	.db #0xff	; 255
      0000AF FF                     242 	.db #0xff	; 255
      0000B0 FF                     243 	.db #0xff	; 255
      0000B1 FF                     244 	.db #0xff	; 255
      0000B2 07                     245 	.db #0x07	; 7
      0000B3 07                     246 	.db #0x07	; 7
      0000B4 FB                     247 	.db #0xfb	; 251
      0000B5 83                     248 	.db #0x83	; 131
      0000B6 7D                     249 	.db #0x7d	; 125
      0000B7 C1                     250 	.db #0xc1	; 193
      0000B8 7D                     251 	.db #0x7d	; 125
      0000B9 C1                     252 	.db #0xc1	; 193
      0000BA FD                     253 	.db #0xfd	; 253
      0000BB 81                     254 	.db #0x81	; 129
      0000BC FD                     255 	.db #0xfd	; 253
      0000BD 91                     256 	.db #0x91	; 145
      0000BE 6D                     257 	.db #0x6d	; 109	'm'
      0000BF F9                     258 	.db #0xf9	; 249
      0000C0 0D                     259 	.db #0x0d	; 13
      0000C1 F9                     260 	.db #0xf9	; 249
      0000C2 AD                     261 	.db #0xad	; 173
      0000C3 59                     262 	.db #0x59	; 89	'Y'
      0000C4 ED                     263 	.db #0xed	; 237
      0000C5 19                     264 	.db #0x19	; 25
      0000C6 DD                     265 	.db #0xdd	; 221
      0000C7 31                     266 	.db #0x31	; 49	'1'
      0000C8 FD                     267 	.db #0xfd	; 253
      0000C9 21                     268 	.db #0x21	; 33
      0000CA FB                     269 	.db #0xfb	; 251
      0000CB C3                     270 	.db #0xc3	; 195
      0000CC 07                     271 	.db #0x07	; 7
      0000CD 07                     272 	.db #0x07	; 7
      0000CE FF                     273 	.db #0xff	; 255
      0000CF FF                     274 	.db #0xff	; 255
      0000D0 3F                     275 	.db #0x3f	; 63
      0000D1 3F                     276 	.db #0x3f	; 63
      0000D2 60                     277 	.db #0x60	; 96
      0000D3 60                     278 	.db #0x60	; 96
      0000D4 DF                     279 	.db #0xdf	; 223
      0000D5 C3                     280 	.db #0xc3	; 195
      0000D6 BF                     281 	.db #0xbf	; 191
      0000D7 84                     282 	.db #0x84	; 132
      0000D8 BB                     283 	.db #0xbb	; 187
      0000D9 8C                     284 	.db #0x8c	; 140
      0000DA B7                     285 	.db #0xb7	; 183
      0000DB 98                     286 	.db #0x98	; 152
      0000DC BD                     287 	.db #0xbd	; 189
      0000DD 92                     288 	.db #0x92	; 146
      0000DE BC                     289 	.db #0xbc	; 188
      0000DF 97                     290 	.db #0x97	; 151
      0000E0 BF                     291 	.db #0xbf	; 191
      0000E1 97                     292 	.db #0x97	; 151
      0000E2 B7                     293 	.db #0xb7	; 183
      0000E3 9F                     294 	.db #0x9f	; 159
      0000E4 B7                     295 	.db #0xb7	; 183
      0000E5 99                     296 	.db #0x99	; 153
      0000E6 B1                     297 	.db #0xb1	; 177
      0000E7 9F                     298 	.db #0x9f	; 159
      0000E8 B9                     299 	.db #0xb9	; 185
      0000E9 8F                     300 	.db #0x8f	; 143
      0000EA DF                     301 	.db #0xdf	; 223
      0000EB C6                     302 	.db #0xc6	; 198
      0000EC 60                     303 	.db #0x60	; 96
      0000ED 60                     304 	.db #0x60	; 96
      0000EE 3F                     305 	.db #0x3f	; 63
      0000EF 3F                     306 	.db #0x3f	; 63
      0000F0 FC                     307 	.db #0xfc	; 252
      0000F1 FC                     308 	.db #0xfc	; 252
      0000F2 06                     309 	.db #0x06	; 6
      0000F3 06                     310 	.db #0x06	; 6
      0000F4 FB                     311 	.db #0xfb	; 251
      0000F5 C3                     312 	.db #0xc3	; 195
      0000F6 F9                     313 	.db #0xf9	; 249
      0000F7 21                     314 	.db #0x21	; 33
      0000F8 1D                     315 	.db #0x1d	; 29
      0000F9 31                     316 	.db #0x31	; 49	'1'
      0000FA AD                     317 	.db #0xad	; 173
      0000FB 19                     318 	.db #0x19	; 25
      0000FC BD                     319 	.db #0xbd	; 189
      0000FD 49                     320 	.db #0x49	; 73	'I'
      0000FE 3D                     321 	.db #0x3d	; 61
      0000FF E9                     322 	.db #0xe9	; 233
      000100 FD                     323 	.db #0xfd	; 253
      000101 E9                     324 	.db #0xe9	; 233
      000102 ED                     325 	.db #0xed	; 237
      000103 F9                     326 	.db #0xf9	; 249
      000104 ED                     327 	.db #0xed	; 237
      000105 99                     328 	.db #0x99	; 153
      000106 8D                     329 	.db #0x8d	; 141
      000107 F9                     330 	.db #0xf9	; 249
      000108 9D                     331 	.db #0x9d	; 157
      000109 F1                     332 	.db #0xf1	; 241
      00010A FB                     333 	.db #0xfb	; 251
      00010B 63                     334 	.db #0x63	; 99	'c'
      00010C 06                     335 	.db #0x06	; 6
      00010D 06                     336 	.db #0x06	; 6
      00010E FC                     337 	.db #0xfc	; 252
      00010F FC                     338 	.db #0xfc	; 252
      000110 00                     339 	.db #0x00	; 0
      000111 00                     340 	.db #0x00	; 0
      000112 3F                     341 	.db #0x3f	; 63
      000113 3F                     342 	.db #0x3f	; 63
      000114 60                     343 	.db #0x60	; 96
      000115 60                     344 	.db #0x60	; 96
      000116 DF                     345 	.db #0xdf	; 223
      000117 C3                     346 	.db #0xc3	; 195
      000118 BF                     347 	.db #0xbf	; 191
      000119 84                     348 	.db #0x84	; 132
      00011A B9                     349 	.db #0xb9	; 185
      00011B 8E                     350 	.db #0x8e	; 142
      00011C BF                     351 	.db #0xbf	; 191
      00011D 90                     352 	.db #0x90	; 144
      00011E B1                     353 	.db #0xb1	; 177
      00011F 9F                     354 	.db #0x9f	; 159
      000120 BF                     355 	.db #0xbf	; 191
      000121 91                     356 	.db #0x91	; 145
      000122 BC                     357 	.db #0xbc	; 188
      000123 93                     358 	.db #0x93	; 147
      000124 BF                     359 	.db #0xbf	; 191
      000125 88                     360 	.db #0x88	; 136
      000126 BF                     361 	.db #0xbf	; 191
      000127 84                     362 	.db #0x84	; 132
      000128 DF                     363 	.db #0xdf	; 223
      000129 C3                     364 	.db #0xc3	; 195
      00012A 60                     365 	.db #0x60	; 96
      00012B 60                     366 	.db #0x60	; 96
      00012C 3F                     367 	.db #0x3f	; 63
      00012D 3F                     368 	.db #0x3f	; 63
      00012E 00                     369 	.db #0x00	; 0
      00012F 00                     370 	.db #0x00	; 0
      000130 00                     371 	.db #0x00	; 0
      000131 00                     372 	.db #0x00	; 0
      000132 FC                     373 	.db #0xfc	; 252
      000133 FC                     374 	.db #0xfc	; 252
      000134 06                     375 	.db #0x06	; 6
      000135 06                     376 	.db #0x06	; 6
      000136 FB                     377 	.db #0xfb	; 251
      000137 C3                     378 	.db #0xc3	; 195
      000138 FD                     379 	.db #0xfd	; 253
      000139 21                     380 	.db #0x21	; 33
      00013A FD                     381 	.db #0xfd	; 253
      00013B 11                     382 	.db #0x11	; 17
      00013C 9D                     383 	.db #0x9d	; 157
      00013D 69                     384 	.db #0x69	; 105	'i'
      00013E FD                     385 	.db #0xfd	; 253
      00013F 89                     386 	.db #0x89	; 137
      000140 CD                     387 	.db #0xcd	; 205
      000141 B9                     388 	.db #0xb9	; 185
      000142 FD                     389 	.db #0xfd	; 253
      000143 09                     390 	.db #0x09	; 9
      000144 9D                     391 	.db #0x9d	; 157
      000145 71                     392 	.db #0x71	; 113	'q'
      000146 FD                     393 	.db #0xfd	; 253
      000147 21                     394 	.db #0x21	; 33
      000148 FB                     395 	.db #0xfb	; 251
      000149 C3                     396 	.db #0xc3	; 195
      00014A 06                     397 	.db #0x06	; 6
      00014B 06                     398 	.db #0x06	; 6
      00014C FC                     399 	.db #0xfc	; 252
      00014D FC                     400 	.db #0xfc	; 252
      00014E 00                     401 	.db #0x00	; 0
      00014F 00                     402 	.db #0x00	; 0
      000150 7F                     403 	.db #0x7f	; 127
      000151 7F                     404 	.db #0x7f	; 127
      000152 E0                     405 	.db #0xe0	; 224
      000153 E0                     406 	.db #0xe0	; 224
      000154 C7                     407 	.db #0xc7	; 199
      000155 C7                     408 	.db #0xc7	; 199
      000156 98                     409 	.db #0x98	; 152
      000157 9B                     410 	.db #0x9b	; 155
      000158 BC                     411 	.db #0xbc	; 188
      000159 A5                     412 	.db #0xa5	; 165
      00015A A5                     413 	.db #0xa5	; 165
      00015B BD                     414 	.db #0xbd	; 189
      00015C A5                     415 	.db #0xa5	; 165
      00015D BD                     416 	.db #0xbd	; 189
      00015E DD                     417 	.db #0xdd	; 221
      00015F DD                     418 	.db #0xdd	; 221
      000160 DF                     419 	.db #0xdf	; 223
      000161 DD                     420 	.db #0xdd	; 221
      000162 B9                     421 	.db #0xb9	; 185
      000163 BF                     422 	.db #0xbf	; 191
      000164 7D                     423 	.db #0x7d	; 125
      000165 7F                     424 	.db #0x7f	; 127
      000166 7F                     425 	.db #0x7f	; 127
      000167 7D                     426 	.db #0x7d	; 125
      000168 6F                     427 	.db #0x6f	; 111	'o'
      000169 7D                     428 	.db #0x7d	; 125
      00016A 33                     429 	.db #0x33	; 51	'3'
      00016B 3D                     430 	.db #0x3d	; 61
      00016C 9F                     431 	.db #0x9f	; 159
      00016D 9F                     432 	.db #0x9f	; 159
      00016E 40                     433 	.db #0x40	; 64
      00016F 40                     434 	.db #0x40	; 64
      000170 00                     435 	.db #0x00	; 0
      000171 00                     436 	.db #0x00	; 0
      000172 00                     437 	.db #0x00	; 0
      000173 00                     438 	.db #0x00	; 0
      000174 00                     439 	.db #0x00	; 0
      000175 00                     440 	.db #0x00	; 0
      000176 00                     441 	.db #0x00	; 0
      000177 00                     442 	.db #0x00	; 0
      000178 00                     443 	.db #0x00	; 0
      000179 00                     444 	.db #0x00	; 0
      00017A 0E                     445 	.db #0x0e	; 14
      00017B 0E                     446 	.db #0x0e	; 14
      00017C 11                     447 	.db #0x11	; 17
      00017D 1F                     448 	.db #0x1f	; 31
      00017E 10                     449 	.db #0x10	; 16
      00017F 1F                     450 	.db #0x1f	; 31
      000180 10                     451 	.db #0x10	; 16
      000181 1F                     452 	.db #0x1f	; 31
      000182 18                     453 	.db #0x18	; 24
      000183 0F                     454 	.db #0x0f	; 15
      000184 0C                     455 	.db #0x0c	; 12
      000185 07                     456 	.db #0x07	; 7
      000186 06                     457 	.db #0x06	; 6
      000187 03                     458 	.db #0x03	; 3
      000188 03                     459 	.db #0x03	; 3
      000189 01                     460 	.db #0x01	; 1
      00018A 01                     461 	.db #0x01	; 1
      00018B 00                     462 	.db #0x00	; 0
      00018C 00                     463 	.db #0x00	; 0
      00018D 00                     464 	.db #0x00	; 0
      00018E 00                     465 	.db #0x00	; 0
      00018F 00                     466 	.db #0x00	; 0
      000190 00                     467 	.db #0x00	; 0
      000191 00                     468 	.db #0x00	; 0
      000192 00                     469 	.db #0x00	; 0
      000193 00                     470 	.db #0x00	; 0
      000194 00                     471 	.db #0x00	; 0
      000195 00                     472 	.db #0x00	; 0
      000196 00                     473 	.db #0x00	; 0
      000197 00                     474 	.db #0x00	; 0
      000198 00                     475 	.db #0x00	; 0
      000199 00                     476 	.db #0x00	; 0
      00019A E0                     477 	.db #0xe0	; 224
      00019B E0                     478 	.db #0xe0	; 224
      00019C 10                     479 	.db #0x10	; 16
      00019D F0                     480 	.db #0xf0	; 240
      00019E 10                     481 	.db #0x10	; 16
      00019F F0                     482 	.db #0xf0	; 240
      0001A0 10                     483 	.db #0x10	; 16
      0001A1 F0                     484 	.db #0xf0	; 240
      0001A2 30                     485 	.db #0x30	; 48	'0'
      0001A3 E0                     486 	.db #0xe0	; 224
      0001A4 60                     487 	.db #0x60	; 96
      0001A5 C0                     488 	.db #0xc0	; 192
      0001A6 C0                     489 	.db #0xc0	; 192
      0001A7 80                     490 	.db #0x80	; 128
      0001A8 80                     491 	.db #0x80	; 128
      0001A9 00                     492 	.db #0x00	; 0
      0001AA 00                     493 	.db #0x00	; 0
      0001AB 00                     494 	.db #0x00	; 0
      0001AC 00                     495 	.db #0x00	; 0
      0001AD 00                     496 	.db #0x00	; 0
      0001AE 00                     497 	.db #0x00	; 0
      0001AF 00                     498 	.db #0x00	; 0
      0001B0 00                     499 	.db #0x00	; 0
      0001B1 00                     500 	.db #0x00	; 0
      0001B2 00                     501 	.db #0x00	; 0
      0001B3 00                     502 	.db #0x00	; 0
      0001B4 00                     503 	.db #0x00	; 0
      0001B5 00                     504 	.db #0x00	; 0
      0001B6 0F                     505 	.db #0x0f	; 15
      0001B7 0F                     506 	.db #0x0f	; 15
      0001B8 0F                     507 	.db #0x0f	; 15
      0001B9 08                     508 	.db #0x08	; 8
      0001BA 07                     509 	.db #0x07	; 7
      0001BB 04                     510 	.db #0x04	; 4
      0001BC 03                     511 	.db #0x03	; 3
      0001BD 02                     512 	.db #0x02	; 2
      0001BE 03                     513 	.db #0x03	; 3
      0001BF 01                     514 	.db #0x01	; 1
      0001C0 03                     515 	.db #0x03	; 3
      0001C1 02                     516 	.db #0x02	; 2
      0001C2 05                     517 	.db #0x05	; 5
      0001C3 06                     518 	.db #0x06	; 6
      0001C4 08                     519 	.db #0x08	; 8
      0001C5 0F                     520 	.db #0x0f	; 15
      0001C6 0F                     521 	.db #0x0f	; 15
      0001C7 0F                     522 	.db #0x0f	; 15
      0001C8 00                     523 	.db #0x00	; 0
      0001C9 00                     524 	.db #0x00	; 0
      0001CA 00                     525 	.db #0x00	; 0
      0001CB 00                     526 	.db #0x00	; 0
      0001CC 00                     527 	.db #0x00	; 0
      0001CD 00                     528 	.db #0x00	; 0
      0001CE 00                     529 	.db #0x00	; 0
      0001CF 00                     530 	.db #0x00	; 0
      0001D0 00                     531 	.db #0x00	; 0
      0001D1 00                     532 	.db #0x00	; 0
      0001D2 00                     533 	.db #0x00	; 0
      0001D3 00                     534 	.db #0x00	; 0
      0001D4 00                     535 	.db #0x00	; 0
      0001D5 00                     536 	.db #0x00	; 0
      0001D6 E0                     537 	.db #0xe0	; 224
      0001D7 E0                     538 	.db #0xe0	; 224
      0001D8 E0                     539 	.db #0xe0	; 224
      0001D9 20                     540 	.db #0x20	; 32
      0001DA C0                     541 	.db #0xc0	; 192
      0001DB 40                     542 	.db #0x40	; 64
      0001DC 80                     543 	.db #0x80	; 128
      0001DD 80                     544 	.db #0x80	; 128
      0001DE 80                     545 	.db #0x80	; 128
      0001DF 00                     546 	.db #0x00	; 0
      0001E0 80                     547 	.db #0x80	; 128
      0001E1 80                     548 	.db #0x80	; 128
      0001E2 C0                     549 	.db #0xc0	; 192
      0001E3 40                     550 	.db #0x40	; 64
      0001E4 20                     551 	.db #0x20	; 32
      0001E5 E0                     552 	.db #0xe0	; 224
      0001E6 E0                     553 	.db #0xe0	; 224
      0001E7 E0                     554 	.db #0xe0	; 224
      0001E8 00                     555 	.db #0x00	; 0
      0001E9 00                     556 	.db #0x00	; 0
      0001EA 00                     557 	.db #0x00	; 0
      0001EB 00                     558 	.db #0x00	; 0
      0001EC 00                     559 	.db #0x00	; 0
      0001ED 00                     560 	.db #0x00	; 0
      0001EE 00                     561 	.db #0x00	; 0
      0001EF 00                     562 	.db #0x00	; 0
                           0001F0   563 G$item_metasprite0$0_0$0 == .
      0001F0                        564 _item_metasprite0:
      0001F0 80                     565 	.db #0x80	; -128
      0001F1 00                     566 	.db #0x00	;  0
      0001F2 00                     567 	.db #0x00	; 0
      0001F3 00                     568 	.db #0x00	; 0
                           0001F4   569 G$item_metasprite1$0_0$0 == .
      0001F4                        570 _item_metasprite1:
      0001F4 00                     571 	.db #0x00	;  0
      0001F5 00                     572 	.db #0x00	;  0
      0001F6 00                     573 	.db #0x00	; 0
      0001F7 00                     574 	.db #0x00	; 0
      0001F8 00                     575 	.db #0x00	;  0
      0001F9 08                     576 	.db #0x08	;  8
      0001FA 02                     577 	.db #0x02	; 2
      0001FB 00                     578 	.db #0x00	; 0
      0001FC 80                     579 	.db #0x80	; -128
      0001FD 00                     580 	.db #0x00	;  0
      0001FE 00                     581 	.db #0x00	; 0
      0001FF 00                     582 	.db #0x00	; 0
                           000200   583 G$item_metasprite2$0_0$0 == .
      000200                        584 _item_metasprite2:
      000200 00                     585 	.db #0x00	;  0
      000201 00                     586 	.db #0x00	;  0
      000202 04                     587 	.db #0x04	; 4
      000203 00                     588 	.db #0x00	; 0
      000204 00                     589 	.db #0x00	;  0
      000205 08                     590 	.db #0x08	;  8
      000206 06                     591 	.db #0x06	; 6
      000207 00                     592 	.db #0x00	; 0
      000208 80                     593 	.db #0x80	; -128
      000209 00                     594 	.db #0x00	;  0
      00020A 00                     595 	.db #0x00	; 0
      00020B 00                     596 	.db #0x00	; 0
                           00020C   597 G$item_metasprite3$0_0$0 == .
      00020C                        598 _item_metasprite3:
      00020C 00                     599 	.db #0x00	;  0
      00020D 00                     600 	.db #0x00	;  0
      00020E 08                     601 	.db #0x08	; 8
      00020F 00                     602 	.db #0x00	; 0
      000210 00                     603 	.db #0x00	;  0
      000211 08                     604 	.db #0x08	;  8
      000212 0A                     605 	.db #0x0a	; 10
      000213 00                     606 	.db #0x00	; 0
      000214 80                     607 	.db #0x80	; -128
      000215 00                     608 	.db #0x00	;  0
      000216 00                     609 	.db #0x00	; 0
      000217 00                     610 	.db #0x00	; 0
                           000218   611 G$item_metasprite4$0_0$0 == .
      000218                        612 _item_metasprite4:
      000218 00                     613 	.db #0x00	;  0
      000219 00                     614 	.db #0x00	;  0
      00021A 0C                     615 	.db #0x0c	; 12
      00021B 01                     616 	.db #0x01	; 1
      00021C 00                     617 	.db #0x00	;  0
      00021D 08                     618 	.db #0x08	;  8
      00021E 0E                     619 	.db #0x0e	; 14
      00021F 01                     620 	.db #0x01	; 1
      000220 80                     621 	.db #0x80	; -128
      000221 00                     622 	.db #0x00	;  0
      000222 00                     623 	.db #0x00	; 0
      000223 00                     624 	.db #0x00	; 0
                           000224   625 G$item_metasprite5$0_0$0 == .
      000224                        626 _item_metasprite5:
      000224 00                     627 	.db #0x00	;  0
      000225 00                     628 	.db #0x00	;  0
      000226 10                     629 	.db #0x10	; 16
      000227 01                     630 	.db #0x01	; 1
      000228 00                     631 	.db #0x00	;  0
      000229 08                     632 	.db #0x08	;  8
      00022A 12                     633 	.db #0x12	; 18
      00022B 01                     634 	.db #0x01	; 1
      00022C 80                     635 	.db #0x80	; -128
      00022D 00                     636 	.db #0x00	;  0
      00022E 00                     637 	.db #0x00	; 0
      00022F 00                     638 	.db #0x00	; 0
                           000230   639 G$item_metasprite6$0_0$0 == .
      000230                        640 _item_metasprite6:
      000230 00                     641 	.db #0x00	;  0
      000231 00                     642 	.db #0x00	;  0
      000232 14                     643 	.db #0x14	; 20
      000233 01                     644 	.db #0x01	; 1
      000234 00                     645 	.db #0x00	;  0
      000235 08                     646 	.db #0x08	;  8
      000236 14                     647 	.db #0x14	; 20
      000237 21                     648 	.db #0x21	; 33
      000238 80                     649 	.db #0x80	; -128
      000239 00                     650 	.db #0x00	;  0
      00023A 00                     651 	.db #0x00	; 0
      00023B 00                     652 	.db #0x00	; 0
                           00023C   653 G$item_metasprite7$0_0$0 == .
      00023C                        654 _item_metasprite7:
      00023C 00                     655 	.db #0x00	;  0
      00023D 00                     656 	.db #0x00	;  0
      00023E 16                     657 	.db #0x16	; 22
      00023F 00                     658 	.db #0x00	; 0
      000240 00                     659 	.db #0x00	;  0
      000241 08                     660 	.db #0x08	;  8
      000242 18                     661 	.db #0x18	; 24
      000243 00                     662 	.db #0x00	; 0
      000244 80                     663 	.db #0x80	; -128
      000245 00                     664 	.db #0x00	;  0
      000246 00                     665 	.db #0x00	; 0
      000247 00                     666 	.db #0x00	; 0
                           000248   667 G$item_metasprite8$0_0$0 == .
      000248                        668 _item_metasprite8:
      000248 00                     669 	.db #0x00	;  0
      000249 00                     670 	.db #0x00	;  0
      00024A 1A                     671 	.db #0x1a	; 26
      00024B 01                     672 	.db #0x01	; 1
      00024C 00                     673 	.db #0x00	;  0
      00024D 08                     674 	.db #0x08	;  8
      00024E 1C                     675 	.db #0x1c	; 28
      00024F 01                     676 	.db #0x01	; 1
      000250 80                     677 	.db #0x80	; -128
      000251 00                     678 	.db #0x00	;  0
      000252 00                     679 	.db #0x00	; 0
      000253 00                     680 	.db #0x00	; 0
                           000254   681 G$item_metasprites$0_0$0 == .
      000254                        682 _item_metasprites:
      000254rF0r01                  683 	.dw _item_metasprite0
      000256rF4r01                  684 	.dw _item_metasprite1
      000258r00r02                  685 	.dw _item_metasprite2
      00025Ar0Cr02                  686 	.dw _item_metasprite3
      00025Cr18r02                  687 	.dw _item_metasprite4
      00025Er24r02                  688 	.dw _item_metasprite5
      000260r30r02                  689 	.dw _item_metasprite6
      000262r3Cr02                  690 	.dw _item_metasprite7
      000264r48r02                  691 	.dw _item_metasprite8
                           000266   692 G$item$0_0$0 == .
      000266                        693 _item:
      000266 10                     694 	.db #0x10	; 16
      000267 10                     695 	.db #0x10	; 16
      000268 1E                     696 	.db #0x1e	; 30
      000269r10r00                  697 	.dw _item_tiles
      00026B 02                     698 	.db #0x02	; 2
      00026Cr00r00                  699 	.dw _item_palettes
      00026E 09                     700 	.db #0x09	; 9
      00026Fr54r02                  701 	.dw _item_metasprites
                                    702 	.area _INITIALIZER
                                    703 	.area _CABS (ABS)
