                                      1 ;--------------------------------------------------------
                                      2 ; File Created by SDCC : free open source ISO C Compiler 
                                      3 ; Version 4.3.2 #14228 (MINGW64)
                                      4 ;--------------------------------------------------------
                                      5 	.module step_gbr
                                      6 	.optsdcc -msm83
                                      7 	
                                      8 ;--------------------------------------------------------
                                      9 ; Public variables in this module
                                     10 ;--------------------------------------------------------
                                     11 	.globl _step
                                     12 	.globl _step_metasprites
                                     13 	.globl _step_metasprite0
                                     14 	.globl _step_tiles
                                     15 	.globl _step_palettes
                                     16 	.globl b___func_step
                                     17 	.globl ___func_step
                                     18 ;--------------------------------------------------------
                                     19 ; special function registers
                                     20 ;--------------------------------------------------------
                                     21 ;--------------------------------------------------------
                                     22 ; ram data
                                     23 ;--------------------------------------------------------
                                     24 	.area _DATA
                                     25 ;--------------------------------------------------------
                                     26 ; ram data
                                     27 ;--------------------------------------------------------
                                     28 	.area _INITIALIZED
                                     29 ;--------------------------------------------------------
                                     30 ; absolute external ram data
                                     31 ;--------------------------------------------------------
                                     32 	.area _DABS (ABS)
                                     33 ;--------------------------------------------------------
                                     34 ; global & static initialisations
                                     35 ;--------------------------------------------------------
                                     36 	.area _HOME
                                     37 	.area _GSINIT
                                     38 	.area _GSFINAL
                                     39 	.area _GSINIT
                                     40 ;--------------------------------------------------------
                                     41 ; Home
                                     42 ;--------------------------------------------------------
                                     43 	.area _HOME
                                     44 	.area _HOME
                                     45 ;--------------------------------------------------------
                                     46 ; code
                                     47 ;--------------------------------------------------------
                                     48 	.area _CODE_255
                           000000    49 	G$__func_step$0$0	= .
                                     50 	.globl	G$__func_step$0$0
                           000000    51 	C$step.gbr.c$9$0_0$161	= .
                                     52 	.globl	C$step.gbr.c$9$0_0$161
                                     53 ;../Dbg/res/sprites/step.gbr.c:9: BANKREF(step)
                                     54 ;	---------------------------------
                                     55 ; Function __func_step
                                     56 ; ---------------------------------
                           0000FF    57 	b___func_step	= 255
      000000                         58 ___func_step::
                                     59 	.local b___func_step 
                           0000FF    60 	___bank_step = b___func_step 
                                     61 	.globl ___bank_step 
                                     62 	.area _CODE_255
                           000000    63 G$step_palettes$0_0$0 == .
      000000                         64 _step_palettes:
      000000 FF 7F                   65 	.dw #0x7fff
      000002 7E 4F                   66 	.dw #0x4f7e
      000004 79 01                   67 	.dw #0x0179
      000006 AA 04                   68 	.dw #0x04aa
                           000008    69 G$step_tiles$0_0$0 == .
      000008                         70 _step_tiles:
      000008 00                      71 	.db #0x00	; 0
      000009 00                      72 	.db #0x00	; 0
      00000A 00                      73 	.db #0x00	; 0
      00000B 00                      74 	.db #0x00	; 0
      00000C 00                      75 	.db #0x00	; 0
      00000D 00                      76 	.db #0x00	; 0
      00000E 00                      77 	.db #0x00	; 0
      00000F 00                      78 	.db #0x00	; 0
      000010 00                      79 	.db #0x00	; 0
      000011 00                      80 	.db #0x00	; 0
      000012 00                      81 	.db #0x00	; 0
      000013 00                      82 	.db #0x00	; 0
      000014 00                      83 	.db #0x00	; 0
      000015 00                      84 	.db #0x00	; 0
      000016 00                      85 	.db #0x00	; 0
      000017 00                      86 	.db #0x00	; 0
      000018 00                      87 	.db #0x00	; 0
      000019 00                      88 	.db #0x00	; 0
      00001A 00                      89 	.db #0x00	; 0
      00001B 00                      90 	.db #0x00	; 0
      00001C 06                      91 	.db #0x06	; 6
      00001D 06                      92 	.db #0x06	; 6
      00001E 06                      93 	.db #0x06	; 6
      00001F 06                      94 	.db #0x06	; 6
      000020 60                      95 	.db #0x60	; 96
      000021 60                      96 	.db #0x60	; 96
      000022 60                      97 	.db #0x60	; 96
      000023 60                      98 	.db #0x60	; 96
      000024 00                      99 	.db #0x00	; 0
      000025 00                     100 	.db #0x00	; 0
      000026 00                     101 	.db #0x00	; 0
      000027 00                     102 	.db #0x00	; 0
                           000028   103 G$step_metasprite0$0_0$0 == .
      000028                        104 _step_metasprite0:
      000028 00                     105 	.db #0x00	;  0
      000029 00                     106 	.db #0x00	;  0
      00002A 00                     107 	.db #0x00	; 0
      00002B 00                     108 	.db #0x00	; 0
      00002C 80                     109 	.db #0x80	; -128
      00002D 00                     110 	.db #0x00	;  0
      00002E 00                     111 	.db #0x00	; 0
      00002F 00                     112 	.db #0x00	; 0
                           000030   113 G$step_metasprites$0_0$0 == .
      000030                        114 _step_metasprites:
      000030r28r00                  115 	.dw _step_metasprite0
                           000032   116 G$step$0_0$0 == .
      000032                        117 _step:
      000032 08                     118 	.db #0x08	; 8
      000033 10                     119 	.db #0x10	; 16
      000034 02                     120 	.db #0x02	; 2
      000035r08r00                  121 	.dw _step_tiles
      000037 01                     122 	.db #0x01	; 1
      000038r00r00                  123 	.dw _step_palettes
      00003A 01                     124 	.db #0x01	; 1
      00003Br30r00                  125 	.dw _step_metasprites
                                    126 	.area _INITIALIZER
                                    127 	.area _CABS (ABS)
